[2026-01-16T23:32:47.464Z] 
=== Starting validation for: boy.zip ===
[2026-01-16T23:32:47.465Z] ZIP file size: 1MB
[2026-01-16T23:32:47.498Z] Total entries: 1291
[2026-01-16T23:32:47.499Z] Checking: pack.mcmeta (isDirectory: false)
[2026-01-16T23:32:47.499Z] Found pack.mcmeta
[2026-01-16T23:32:47.501Z] Checking: assets/minecraft/atlases/blocks.json (isDirectory: false)
[2026-01-16T23:32:47.502Z] Found assets folder content
[2026-01-16T23:32:47.503Z] Checking: assets/minecraft/models/item/crossbow.json (isDirectory: false)
[2026-01-16T23:32:47.503Z] Found assets folder content
[2026-01-16T23:32:47.504Z] Checking: assets/minecraft/models/item/handheld_flipped.json (isDirectory: false)
[2026-01-16T23:32:47.504Z] Found assets folder content
[2026-01-16T23:32:47.504Z] Checking: assets/minecraft/models/item/player_head.json (isDirectory: false)
[2026-01-16T23:32:47.504Z] Found assets folder content
[2026-01-16T23:32:47.505Z] Checking: assets/nexo/models/block/tall_plant.json (isDirectory: false)
[2026-01-16T23:32:47.505Z] Found assets folder content
[2026-01-16T23:32:47.505Z] Checking: assets/nexo/models/required/cancel_icon.json (isDirectory: false)
[2026-01-16T23:32:47.506Z] Found assets folder content
[2026-01-16T23:32:47.506Z] Checking: assets/nexo/models/required/directory_icon.json (isDirectory: false)
[2026-01-16T23:32:47.506Z] Found assets folder content
[2026-01-16T23:32:47.506Z] Checking: assets/nexo/models/required/next_page_icon.json (isDirectory: false)
[2026-01-16T23:32:47.507Z] Found assets folder content
[2026-01-16T23:32:47.507Z] Checking: assets/nexo/models/required/previous_page_icon.json (isDirectory: false)
[2026-01-16T23:32:47.507Z] Found assets folder content
[2026-01-16T23:32:47.507Z] Checking: assets/nexo/models/item/nexo_armor/forest_helmet.json (isDirectory: false)
[2026-01-16T23:32:47.508Z] Found assets folder content
[2026-01-16T23:32:47.508Z] Checking: assets/nexo/models/item/nexo_furniture/arm_chair.json (isDirectory: false)
[2026-01-16T23:32:47.508Z] Found assets folder content
[2026-01-16T23:32:47.509Z] Checking: assets/nexo/models/item/nexo_furniture/arm_chair_dyeable.json (isDirectory: false)
[2026-01-16T23:32:47.509Z] Found assets folder content
[2026-01-16T23:32:47.510Z] Checking: assets/nexo/models/item/nexo_furniture/coffee_table.json (isDirectory: false)
[2026-01-16T23:32:47.510Z] Found assets folder content
[2026-01-16T23:32:47.510Z] Checking: assets/nexo/models/item/nexo_furniture/coffee_table_dyeable.json (isDirectory: false)
[2026-01-16T23:32:47.510Z] Found assets folder content
[2026-01-16T23:32:47.511Z] Checking: assets/nexo/models/item/nexo_furniture/connectable/connectable.json (isDirectory: false)
[2026-01-16T23:32:47.511Z] Found assets folder content
[2026-01-16T23:32:47.511Z] Checking: assets/nexo/models/item/nexo_furniture/connectable/connectable_dyeable.json (isDirectory: false)
[2026-01-16T23:32:47.512Z] Found assets folder content
[2026-01-16T23:32:47.512Z] Checking: assets/nexo/models/item/nexo_furniture/connectable/connectable_inner.json (isDirectory: false)
[2026-01-16T23:32:47.512Z] Found assets folder content
[2026-01-16T23:32:47.513Z] Checking: assets/nexo/models/item/nexo_furniture/connectable/connectable_inner_dyeable.json (isDirectory: false)
[2026-01-16T23:32:47.513Z] Found assets folder content
[2026-01-16T23:32:47.513Z] Checking: assets/nexo/models/item/nexo_furniture/connectable/connectable_left.json (isDirectory: false)
[2026-01-16T23:32:47.513Z] Found assets folder content
[2026-01-16T23:32:47.514Z] Checking: assets/nexo/models/item/nexo_furniture/connectable/connectable_left_dyeable.json (isDirectory: false)
[2026-01-16T23:32:47.514Z] Found assets folder content
[2026-01-16T23:32:47.514Z] Checking: assets/nexo/models/item/nexo_furniture/connectable/connectable_outer.json (isDirectory: false)
[2026-01-16T23:32:47.515Z] Found assets folder content
[2026-01-16T23:32:47.515Z] Checking: assets/nexo/models/item/nexo_furniture/connectable/connectable_outer_dyeable.json (isDirectory: false)
[2026-01-16T23:32:47.515Z] Found assets folder content
[2026-01-16T23:32:47.515Z] Checking: assets/nexo/models/item/nexo_furniture/connectable/connectable_right.json (isDirectory: false)
[2026-01-16T23:32:47.515Z] Found assets folder content
[2026-01-16T23:32:47.516Z] Checking: assets/nexo/models/item/nexo_furniture/connectable/connectable_right_dyeable.json (isDirectory: false)
[2026-01-16T23:32:47.516Z] Found assets folder content
[2026-01-16T23:32:47.518Z] Checking: assets/nexo/models/item/nexo_furniture/connectable/connectable_straight.json (isDirectory: false)
[2026-01-16T23:32:47.519Z] Found assets folder content
[2026-01-16T23:32:47.519Z] Checking: assets/nexo/models/item/nexo_furniture/connectable/connectable_straight_dyeable.json (isDirectory: false)
[2026-01-16T23:32:47.519Z] Found assets folder content
[2026-01-16T23:32:47.520Z] Checking: assets/nexo/models/item/nexo_furniture/double_bed.json (isDirectory: false)
[2026-01-16T23:32:47.520Z] Found assets folder content
[2026-01-16T23:32:47.520Z] Checking: assets/nexo/models/item/nexo_furniture/double_bed_dyeable.json (isDirectory: false)
[2026-01-16T23:32:47.521Z] Found assets folder content
[2026-01-16T23:32:47.521Z] Checking: assets/nexo/models/item/nexo_furniture/end_table.json (isDirectory: false)
[2026-01-16T23:32:47.521Z] Found assets folder content
[2026-01-16T23:32:47.521Z] Checking: assets/nexo/models/item/nexo_furniture/large_wooden_door.json (isDirectory: false)
[2026-01-16T23:32:47.522Z] Found assets folder content
[2026-01-16T23:32:47.522Z] Checking: assets/nexo/models/item/nexo_furniture/sofa.json (isDirectory: false)
[2026-01-16T23:32:47.522Z] Found assets folder content
[2026-01-16T23:32:47.523Z] Checking: assets/nexo/models/item/nexo_furniture/sofa_dyeable.json (isDirectory: false)
[2026-01-16T23:32:47.523Z] Found assets folder content
[2026-01-16T23:32:47.523Z] Checking: assets/nexo/models/item/nexo_furniture/storage_chest.json (isDirectory: false)
[2026-01-16T23:32:47.523Z] Found assets folder content
[2026-01-16T23:32:47.524Z] Checking: assets/nexo/models/item/nexo_furniture/table_lamp.json (isDirectory: false)
[2026-01-16T23:32:47.524Z] Found assets folder content
[2026-01-16T23:32:47.524Z] Checking: assets/nexo/models/item/nexo_furniture/table_lamp_dyeable.json (isDirectory: false)
[2026-01-16T23:32:47.524Z] Found assets folder content
[2026-01-16T23:32:47.524Z] Checking: assets/nexo/models/item/nexo_tools/forest_axe.json (isDirectory: false)
[2026-01-16T23:32:47.525Z] Found assets folder content
[2026-01-16T23:32:47.525Z] Checking: assets/nexo/models/item/nexo_tools/forest_hoe.json (isDirectory: false)
[2026-01-16T23:32:47.525Z] Found assets folder content
[2026-01-16T23:32:47.525Z] Checking: assets/nexo/models/item/nexo_tools/forest_pickaxe.json (isDirectory: false)
[2026-01-16T23:32:47.526Z] Found assets folder content
[2026-01-16T23:32:47.526Z] Checking: assets/nexo/models/item/nexo_tools/forest_shield.json (isDirectory: false)
[2026-01-16T23:32:47.526Z] Found assets folder content
[2026-01-16T23:32:47.527Z] Checking: assets/nexo/models/item/nexo_tools/forest_shield_blocking.json (isDirectory: false)
[2026-01-16T23:32:47.527Z] Found assets folder content
[2026-01-16T23:32:47.527Z] Checking: assets/nexo/models/item/nexo_tools/forest_shovel.json (isDirectory: false)
[2026-01-16T23:32:47.527Z] Found assets folder content
[2026-01-16T23:32:47.528Z] Checking: assets/nexo/models/item/nexo_tools/forest_sword.json (isDirectory: false)
[2026-01-16T23:32:47.528Z] Found assets folder content
[2026-01-16T23:32:47.528Z] Checking: assets/nexo/models/item/nexo_tools/forest_trident.json (isDirectory: false)
[2026-01-16T23:32:47.529Z] Found assets folder content
[2026-01-16T23:32:47.529Z] Checking: assets/nexo/models/item/nexo_tools/forest_trident_throwing.json (isDirectory: false)
[2026-01-16T23:32:47.529Z] Found assets folder content
[2026-01-16T23:32:47.529Z] Checking: assets/nexo/models/awnings/fabric_awning.json (isDirectory: false)
[2026-01-16T23:32:47.530Z] Found assets folder content
[2026-01-16T23:32:47.530Z] Checking: assets/nexo/models/awnings/fabric_awning_dyeable.json (isDirectory: false)
[2026-01-16T23:32:47.530Z] Found assets folder content
[2026-01-16T23:32:47.531Z] Checking: assets/nexo/models/awnings/fabric_awning_left.json (isDirectory: false)
[2026-01-16T23:32:47.531Z] Found assets folder content
[2026-01-16T23:32:47.531Z] Checking: assets/nexo/models/awnings/fabric_awning_left_dyeable.json (isDirectory: false)
[2026-01-16T23:32:47.531Z] Found assets folder content
[2026-01-16T23:32:47.531Z] Checking: assets/nexo/models/awnings/fabric_awning_right.json (isDirectory: false)
[2026-01-16T23:32:47.532Z] Found assets folder content
[2026-01-16T23:32:47.532Z] Checking: assets/nexo/models/awnings/fabric_awning_right_dyeable.json (isDirectory: false)
[2026-01-16T23:32:47.532Z] Found assets folder content
[2026-01-16T23:32:47.532Z] Checking: assets/nexo/models/awnings/fabric_awning_straight.json (isDirectory: false)
[2026-01-16T23:32:47.533Z] Found assets folder content
[2026-01-16T23:32:47.533Z] Checking: assets/nexo/models/awnings/fabric_awning_straight_dyeable.json (isDirectory: false)
[2026-01-16T23:32:47.533Z] Found assets folder content
[2026-01-16T23:32:47.533Z] Checking: assets/nexo/models/awnings/tile_awning.json (isDirectory: false)
[2026-01-16T23:32:47.534Z] Found assets folder content
[2026-01-16T23:32:47.534Z] Checking: assets/nexo/models/awnings/tile_awning_dyeable.json (isDirectory: false)
[2026-01-16T23:32:47.534Z] Found assets folder content
[2026-01-16T23:32:47.534Z] Checking: assets/nexo/models/awnings/tile_awning_left.json (isDirectory: false)
[2026-01-16T23:32:47.534Z] Found assets folder content
[2026-01-16T23:32:47.535Z] Checking: assets/nexo/models/awnings/tile_awning_left_dyeable.json (isDirectory: false)
[2026-01-16T23:32:47.535Z] Found assets folder content
[2026-01-16T23:32:47.535Z] Checking: assets/nexo/models/awnings/tile_awning_right.json (isDirectory: false)
[2026-01-16T23:32:47.535Z] Found assets folder content
[2026-01-16T23:32:47.535Z] Checking: assets/nexo/models/awnings/tile_awning_right_dyeable.json (isDirectory: false)
[2026-01-16T23:32:47.536Z] Found assets folder content
[2026-01-16T23:32:47.536Z] Checking: assets/nexo/models/awnings/tile_awning_straight.json (isDirectory: false)
[2026-01-16T23:32:47.536Z] Found assets folder content
[2026-01-16T23:32:47.536Z] Checking: assets/nexo/models/awnings/tile_awning_straight_dyeable.json (isDirectory: false)
[2026-01-16T23:32:47.536Z] Found assets folder content
[2026-01-16T23:32:47.537Z] Checking: assets/nexo/models/awnings/wooden_awning.json (isDirectory: false)
[2026-01-16T23:32:47.537Z] Found assets folder content
[2026-01-16T23:32:47.537Z] Checking: assets/nexo/models/awnings/wooden_awning_left.json (isDirectory: false)
[2026-01-16T23:32:47.537Z] Found assets folder content
[2026-01-16T23:32:47.537Z] Checking: assets/nexo/models/awnings/wooden_awning_right.json (isDirectory: false)
[2026-01-16T23:32:47.538Z] Found assets folder content
[2026-01-16T23:32:47.538Z] Checking: assets/nexo/models/awnings/wooden_awning_straight.json (isDirectory: false)
[2026-01-16T23:32:47.538Z] Found assets folder content
[2026-01-16T23:32:47.538Z] Checking: assets/nexo/models/big_doors_and_gates/iron_bar_door.json (isDirectory: false)
[2026-01-16T23:32:47.538Z] Found assets folder content
[2026-01-16T23:32:47.539Z] Checking: assets/nexo/models/big_doors_and_gates/iron_bar_gate.json (isDirectory: false)
[2026-01-16T23:32:47.539Z] Found assets folder content
[2026-01-16T23:32:47.539Z] Checking: assets/nexo/models/big_doors_and_gates/iron_door.json (isDirectory: false)
[2026-01-16T23:32:47.539Z] Found assets folder content
[2026-01-16T23:32:47.540Z] Checking: assets/nexo/models/big_doors_and_gates/iron_gate.json (isDirectory: false)
[2026-01-16T23:32:47.540Z] Found assets folder content
[2026-01-16T23:32:47.540Z] Checking: assets/nexo/models/big_doors_and_gates/ironwood_door.json (isDirectory: false)
[2026-01-16T23:32:47.540Z] Found assets folder content
[2026-01-16T23:32:47.540Z] Checking: assets/nexo/models/big_doors_and_gates/ironwood_gate.json (isDirectory: false)
[2026-01-16T23:32:47.540Z] Found assets folder content
[2026-01-16T23:32:47.541Z] Checking: assets/nexo/models/big_doors_and_gates/wooden_door.json (isDirectory: false)
[2026-01-16T23:32:47.541Z] Found assets folder content
[2026-01-16T23:32:47.541Z] Checking: assets/nexo/models/big_doors_and_gates/wooden_gate.json (isDirectory: false)
[2026-01-16T23:32:47.541Z] Found assets folder content
[2026-01-16T23:32:47.542Z] Checking: assets/nexo/models/coffee_shop_furniture/coffee_shop_berry_rolls.json (isDirectory: false)
[2026-01-16T23:32:47.542Z] Found assets folder content
[2026-01-16T23:32:47.542Z] Checking: assets/nexo/models/coffee_shop_furniture/coffee_shop_cake.json (isDirectory: false)
[2026-01-16T23:32:47.542Z] Found assets folder content
[2026-01-16T23:32:47.542Z] Checking: assets/nexo/models/coffee_shop_furniture/coffee_shop_cake_cut.json (isDirectory: false)
[2026-01-16T23:32:47.543Z] Found assets folder content
[2026-01-16T23:32:47.543Z] Checking: assets/nexo/models/coffee_shop_furniture/coffee_shop_chair.json (isDirectory: false)
[2026-01-16T23:32:47.543Z] Found assets folder content
[2026-01-16T23:32:47.543Z] Checking: assets/nexo/models/coffee_shop_furniture/coffee_shop_coffee_beans.json (isDirectory: false)
[2026-01-16T23:32:47.543Z] Found assets folder content
[2026-01-16T23:32:47.544Z] Checking: assets/nexo/models/coffee_shop_furniture/coffee_shop_coffee_mug.json (isDirectory: false)
[2026-01-16T23:32:47.544Z] Found assets folder content
[2026-01-16T23:32:47.544Z] Checking: assets/nexo/models/coffee_shop_furniture/coffee_shop_counter.json (isDirectory: false)
[2026-01-16T23:32:47.544Z] Found assets folder content
[2026-01-16T23:32:47.544Z] Checking: assets/nexo/models/coffee_shop_furniture/coffee_shop_counter_corner.json (isDirectory: false)
[2026-01-16T23:32:47.545Z] Found assets folder content
[2026-01-16T23:32:47.545Z] Checking: assets/nexo/models/coffee_shop_furniture/coffee_shop_croissant.json (isDirectory: false)
[2026-01-16T23:32:47.545Z] Found assets folder content
[2026-01-16T23:32:47.545Z] Checking: assets/nexo/models/coffee_shop_furniture/coffee_shop_display_case.json (isDirectory: false)
[2026-01-16T23:32:47.545Z] Found assets folder content
[2026-01-16T23:32:47.546Z] Checking: assets/nexo/models/coffee_shop_furniture/coffee_shop_espresso_machine_green.json (isDirectory: false)
[2026-01-16T23:32:47.546Z] Found assets folder content
[2026-01-16T23:32:47.546Z] Checking: assets/nexo/models/coffee_shop_furniture/coffee_shop_espresso_machine_red.json (isDirectory: false)
[2026-01-16T23:32:47.546Z] Found assets folder content
[2026-01-16T23:32:47.547Z] Checking: assets/nexo/models/coffee_shop_furniture/coffee_shop_espresso_machine_white.json (isDirectory: false)
[2026-01-16T23:32:47.547Z] Found assets folder content
[2026-01-16T23:32:47.547Z] Checking: assets/nexo/models/coffee_shop_furniture/coffee_shop_hanging_bulb.json (isDirectory: false)
[2026-01-16T23:32:47.547Z] Found assets folder content
[2026-01-16T23:32:47.547Z] Checking: assets/nexo/models/coffee_shop_furniture/coffee_shop_hanging_bulb_off.json (isDirectory: false)
[2026-01-16T23:32:47.548Z] Found assets folder content
[2026-01-16T23:32:47.548Z] Checking: assets/nexo/models/coffee_shop_furniture/coffee_shop_matcha_rolls.json (isDirectory: false)
[2026-01-16T23:32:47.548Z] Found assets folder content
[2026-01-16T23:32:47.548Z] Checking: assets/nexo/models/coffee_shop_furniture/coffee_shop_prep_counter.json (isDirectory: false)
[2026-01-16T23:32:47.549Z] Found assets folder content
[2026-01-16T23:32:47.549Z] Checking: assets/nexo/models/coffee_shop_furniture/coffee_shop_register.json (isDirectory: false)
[2026-01-16T23:32:47.549Z] Found assets folder content
[2026-01-16T23:32:47.549Z] Checking: assets/nexo/models/coffee_shop_furniture/coffee_shop_standing_menu.json (isDirectory: false)
[2026-01-16T23:32:47.550Z] Found assets folder content
[2026-01-16T23:32:47.550Z] Checking: assets/nexo/models/coffee_shop_furniture/coffee_shop_stool.json (isDirectory: false)
[2026-01-16T23:32:47.550Z] Found assets folder content
[2026-01-16T23:32:47.550Z] Checking: assets/nexo/models/coffee_shop_furniture/coffee_shop_table.json (isDirectory: false)
[2026-01-16T23:32:47.550Z] Found assets folder content
[2026-01-16T23:32:47.551Z] Checking: assets/nexo/models/coffee_shop_furniture/coffee_shop_wall_menu.json (isDirectory: false)
[2026-01-16T23:32:47.551Z] Found assets folder content
[2026-01-16T23:32:47.551Z] Checking: assets/nexo/models/coffee_shop_furniture/coffee_shop_wall_shelf.json (isDirectory: false)
[2026-01-16T23:32:47.551Z] Found assets folder content
[2026-01-16T23:32:47.552Z] Checking: assets/nexo/models/carved_pumpkins/pumpkin.json (isDirectory: false)
[2026-01-16T23:32:47.552Z] Found assets folder content
[2026-01-16T23:32:47.552Z] Checking: assets/nexo/models/carved_pumpkins/pumpkin_creeper.json (isDirectory: false)
[2026-01-16T23:32:47.552Z] Found assets folder content
[2026-01-16T23:32:47.553Z] Checking: assets/nexo/models/carved_pumpkins/pumpkin_creeper_lit.json (isDirectory: false)
[2026-01-16T23:32:47.553Z] Found assets folder content
[2026-01-16T23:32:47.553Z] Checking: assets/nexo/models/carved_pumpkins/pumpkin_face_1.json (isDirectory: false)
[2026-01-16T23:32:47.553Z] Found assets folder content
[2026-01-16T23:32:47.554Z] Checking: assets/nexo/models/carved_pumpkins/pumpkin_face_1_lit.json (isDirectory: false)
[2026-01-16T23:32:47.554Z] Found assets folder content
[2026-01-16T23:32:47.554Z] Checking: assets/nexo/models/carved_pumpkins/pumpkin_face_2.json (isDirectory: false)
[2026-01-16T23:32:47.554Z] Found assets folder content
[2026-01-16T23:32:47.555Z] Checking: assets/nexo/models/carved_pumpkins/pumpkin_face_2_lit.json (isDirectory: false)
[2026-01-16T23:32:47.555Z] Found assets folder content
[2026-01-16T23:32:47.555Z] Checking: assets/nexo/models/carved_pumpkins/pumpkin_face_3.json (isDirectory: false)
[2026-01-16T23:32:47.555Z] Found assets folder content
[2026-01-16T23:32:47.556Z] Checking: assets/nexo/models/carved_pumpkins/pumpkin_face_3_lit.json (isDirectory: false)
[2026-01-16T23:32:47.556Z] Found assets folder content
[2026-01-16T23:32:47.556Z] Checking: assets/nexo/models/carved_pumpkins/pumpkin_heart.json (isDirectory: false)
[2026-01-16T23:32:47.556Z] Found assets folder content
[2026-01-16T23:32:47.556Z] Checking: assets/nexo/models/carved_pumpkins/pumpkin_heart_lit.json (isDirectory: false)
[2026-01-16T23:32:47.557Z] Found assets folder content
[2026-01-16T23:32:47.557Z] Checking: assets/nexo/models/carved_pumpkins/pumpkin_pickaxe.json (isDirectory: false)
[2026-01-16T23:32:47.557Z] Found assets folder content
[2026-01-16T23:32:47.557Z] Checking: assets/nexo/models/carved_pumpkins/pumpkin_pickaxe_lit.json (isDirectory: false)
[2026-01-16T23:32:47.557Z] Found assets folder content
[2026-01-16T23:32:47.558Z] Checking: assets/nexo/models/city_street/bus_stop.json (isDirectory: false)
[2026-01-16T23:32:47.558Z] Found assets folder content
[2026-01-16T23:32:47.558Z] Checking: assets/nexo/models/city_street/concrete_barrier.json (isDirectory: false)
[2026-01-16T23:32:47.558Z] Found assets folder content
[2026-01-16T23:32:47.559Z] Checking: assets/nexo/models/city_street/construction_barrier.json (isDirectory: false)
[2026-01-16T23:32:47.559Z] Found assets folder content
[2026-01-16T23:32:47.559Z] Checking: assets/nexo/models/city_street/dumpster_gray.json (isDirectory: false)
[2026-01-16T23:32:47.559Z] Found assets folder content
[2026-01-16T23:32:47.559Z] Checking: assets/nexo/models/city_street/dumpster_green.json (isDirectory: false)
[2026-01-16T23:32:47.560Z] Found assets folder content
[2026-01-16T23:32:47.560Z] Checking: assets/nexo/models/city_street/hydrant_green.json (isDirectory: false)
[2026-01-16T23:32:47.560Z] Found assets folder content
[2026-01-16T23:32:47.560Z] Checking: assets/nexo/models/city_street/hydrant_red.json (isDirectory: false)
[2026-01-16T23:32:47.560Z] Found assets folder content
[2026-01-16T23:32:47.561Z] Checking: assets/nexo/models/city_street/hydrant_yellow.json (isDirectory: false)
[2026-01-16T23:32:47.561Z] Found assets folder content
[2026-01-16T23:32:47.561Z] Checking: assets/nexo/models/city_street/large_traffic_cone.json (isDirectory: false)
[2026-01-16T23:32:47.561Z] Found assets folder content
[2026-01-16T23:32:47.562Z] Checking: assets/nexo/models/city_street/metal_barrier.json (isDirectory: false)
[2026-01-16T23:32:47.562Z] Found assets folder content
[2026-01-16T23:32:47.562Z] Checking: assets/nexo/models/city_street/recycling_can_blue.json (isDirectory: false)
[2026-01-16T23:32:47.562Z] Found assets folder content
[2026-01-16T23:32:47.563Z] Checking: assets/nexo/models/city_street/recycling_can_green.json (isDirectory: false)
[2026-01-16T23:32:47.563Z] Found assets folder content
[2026-01-16T23:32:47.563Z] Checking: assets/nexo/models/city_street/sign_bus.json (isDirectory: false)
[2026-01-16T23:32:47.563Z] Found assets folder content
[2026-01-16T23:32:47.564Z] Checking: assets/nexo/models/city_street/sign_limit_25.json (isDirectory: false)
[2026-01-16T23:32:47.564Z] Found assets folder content
[2026-01-16T23:32:47.564Z] Checking: assets/nexo/models/city_street/sign_limit_50.json (isDirectory: false)
[2026-01-16T23:32:47.564Z] Found assets folder content
[2026-01-16T23:32:47.564Z] Checking: assets/nexo/models/city_street/sign_parking.json (isDirectory: false)
[2026-01-16T23:32:47.564Z] Found assets folder content
[2026-01-16T23:32:47.565Z] Checking: assets/nexo/models/city_street/sign_stop.json (isDirectory: false)
[2026-01-16T23:32:47.565Z] Found assets folder content
[2026-01-16T23:32:47.565Z] Checking: assets/nexo/models/city_street/sign_two_way.json (isDirectory: false)
[2026-01-16T23:32:47.565Z] Found assets folder content
[2026-01-16T23:32:47.565Z] Checking: assets/nexo/models/city_street/traffic_cone.json (isDirectory: false)
[2026-01-16T23:32:47.566Z] Found assets folder content
[2026-01-16T23:32:47.566Z] Checking: assets/nexo/models/city_street/traffic_light_1.json (isDirectory: false)
[2026-01-16T23:32:47.566Z] Found assets folder content
[2026-01-16T23:32:47.566Z] Checking: assets/nexo/models/city_street/traffic_light_1_alternate.json (isDirectory: false)
[2026-01-16T23:32:47.567Z] Found assets folder content
[2026-01-16T23:32:47.567Z] Checking: assets/nexo/models/city_street/traffic_light_2.json (isDirectory: false)
[2026-01-16T23:32:47.567Z] Found assets folder content
[2026-01-16T23:32:47.568Z] Checking: assets/nexo/models/city_street/traffic_light_2_alternate.json (isDirectory: false)
[2026-01-16T23:32:47.568Z] Found assets folder content
[2026-01-16T23:32:47.568Z] Checking: assets/nexo/models/city_street/traffic_light_3.json (isDirectory: false)
[2026-01-16T23:32:47.568Z] Found assets folder content
[2026-01-16T23:32:47.569Z] Checking: assets/nexo/models/city_street/traffic_light_3_alternate.json (isDirectory: false)
[2026-01-16T23:32:47.570Z] Found assets folder content
[2026-01-16T23:32:47.570Z] Checking: assets/nexo/models/city_street/trash_can.json (isDirectory: false)
[2026-01-16T23:32:47.570Z] Found assets folder content
[2026-01-16T23:32:47.571Z] Checking: assets/nexo/models/crates_and_keys/crate_1.json (isDirectory: false)
[2026-01-16T23:32:47.571Z] Found assets folder content
[2026-01-16T23:32:47.571Z] Checking: assets/nexo/models/crates_and_keys/crate_2.json (isDirectory: false)
[2026-01-16T23:32:47.571Z] Found assets folder content
[2026-01-16T23:32:47.572Z] Checking: assets/nexo/models/crates_and_keys/crate_3.json (isDirectory: false)
[2026-01-16T23:32:47.572Z] Found assets folder content
[2026-01-16T23:32:47.572Z] Checking: assets/nexo/models/crates_and_keys/crate_4.json (isDirectory: false)
[2026-01-16T23:32:47.572Z] Found assets folder content
[2026-01-16T23:32:47.573Z] Checking: assets/nexo/models/crates_and_keys/crate_5.json (isDirectory: false)
[2026-01-16T23:32:47.573Z] Found assets folder content
[2026-01-16T23:32:47.573Z] Checking: assets/nexo/models/crates_and_keys/crate_6.json (isDirectory: false)
[2026-01-16T23:32:47.573Z] Found assets folder content
[2026-01-16T23:32:47.574Z] Checking: assets/nexo/models/crates_and_keys/key_1.json (isDirectory: false)
[2026-01-16T23:32:47.574Z] Found assets folder content
[2026-01-16T23:32:47.574Z] Checking: assets/nexo/models/crates_and_keys/key_2.json (isDirectory: false)
[2026-01-16T23:32:47.575Z] Found assets folder content
[2026-01-16T23:32:47.575Z] Checking: assets/nexo/models/crates_and_keys/key_3.json (isDirectory: false)
[2026-01-16T23:32:47.575Z] Found assets folder content
[2026-01-16T23:32:47.576Z] Checking: assets/nexo/models/crates_and_keys/key_4.json (isDirectory: false)
[2026-01-16T23:32:47.576Z] Found assets folder content
[2026-01-16T23:32:47.576Z] Checking: assets/nexo/models/crates_and_keys/key_5.json (isDirectory: false)
[2026-01-16T23:32:47.576Z] Found assets folder content
[2026-01-16T23:32:47.577Z] Checking: assets/nexo/models/crates_and_keys/key_6.json (isDirectory: false)
[2026-01-16T23:32:47.577Z] Found assets folder content
[2026-01-16T23:32:47.577Z] Checking: assets/nexo/models/graveyard/graveyard_lamp_post.json (isDirectory: false)
[2026-01-16T23:32:47.577Z] Found assets folder content
[2026-01-16T23:32:47.578Z] Checking: assets/nexo/models/graveyard/graveyard_soul_lamp_post.json (isDirectory: false)
[2026-01-16T23:32:47.578Z] Found assets folder content
[2026-01-16T23:32:47.578Z] Checking: assets/nexo/models/graveyard/large_tombstone_1.json (isDirectory: false)
[2026-01-16T23:32:47.578Z] Found assets folder content
[2026-01-16T23:32:47.579Z] Checking: assets/nexo/models/graveyard/medium_tombstone_1.json (isDirectory: false)
[2026-01-16T23:32:47.579Z] Found assets folder content
[2026-01-16T23:32:47.579Z] Checking: assets/nexo/models/graveyard/medium_tombstone_2.json (isDirectory: false)
[2026-01-16T23:32:47.579Z] Found assets folder content
[2026-01-16T23:32:47.579Z] Checking: assets/nexo/models/graveyard/old_lantern.json (isDirectory: false)
[2026-01-16T23:32:47.580Z] Found assets folder content
[2026-01-16T23:32:47.580Z] Checking: assets/nexo/models/graveyard/old_soul_lantern.json (isDirectory: false)
[2026-01-16T23:32:47.580Z] Found assets folder content
[2026-01-16T23:32:47.581Z] Checking: assets/nexo/models/graveyard/small_tombstone_1.json (isDirectory: false)
[2026-01-16T23:32:47.581Z] Found assets folder content
[2026-01-16T23:32:47.581Z] Checking: assets/nexo/models/graveyard/small_tombstone_2.json (isDirectory: false)
[2026-01-16T23:32:47.581Z] Found assets folder content
[2026-01-16T23:32:47.582Z] Checking: assets/nexo/models/graveyard/small_tombstone_3.json (isDirectory: false)
[2026-01-16T23:32:47.582Z] Found assets folder content
[2026-01-16T23:32:47.582Z] Checking: assets/nexo/models/graveyard/tomb_open.json (isDirectory: false)
[2026-01-16T23:32:47.582Z] Found assets folder content
[2026-01-16T23:32:47.583Z] Checking: assets/nexo/models/graveyard/tomb_sealed.json (isDirectory: false)
[2026-01-16T23:32:47.583Z] Found assets folder content
[2026-01-16T23:32:47.584Z] Checking: assets/nexo/models/modern_kitchen/modern_kitchen_apple_bowl.json (isDirectory: false)
[2026-01-16T23:32:47.584Z] Found assets folder content
[2026-01-16T23:32:47.585Z] Checking: assets/nexo/models/modern_kitchen/modern_kitchen_backsplash_green.json (isDirectory: false)
[2026-01-16T23:32:47.585Z] Found assets folder content
[2026-01-16T23:32:47.585Z] Checking: assets/nexo/models/modern_kitchen/modern_kitchen_backsplash_white.json (isDirectory: false)
[2026-01-16T23:32:47.585Z] Found assets folder content
[2026-01-16T23:32:47.585Z] Checking: assets/nexo/models/modern_kitchen/modern_kitchen_cabinet_1.json (isDirectory: false)
[2026-01-16T23:32:47.586Z] Found assets folder content
[2026-01-16T23:32:47.586Z] Checking: assets/nexo/models/modern_kitchen/modern_kitchen_cabinet_2.json (isDirectory: false)
[2026-01-16T23:32:47.586Z] Found assets folder content
[2026-01-16T23:32:47.586Z] Checking: assets/nexo/models/modern_kitchen/modern_kitchen_counter.json (isDirectory: false)
[2026-01-16T23:32:47.586Z] Found assets folder content
[2026-01-16T23:32:47.587Z] Checking: assets/nexo/models/modern_kitchen/modern_kitchen_counter_inner.json (isDirectory: false)
[2026-01-16T23:32:47.587Z] Found assets folder content
[2026-01-16T23:32:47.587Z] Checking: assets/nexo/models/modern_kitchen/modern_kitchen_counter_left.json (isDirectory: false)
[2026-01-16T23:32:47.587Z] Found assets folder content
[2026-01-16T23:32:47.588Z] Checking: assets/nexo/models/modern_kitchen/modern_kitchen_counter_outer.json (isDirectory: false)
[2026-01-16T23:32:47.588Z] Found assets folder content
[2026-01-16T23:32:47.588Z] Checking: assets/nexo/models/modern_kitchen/modern_kitchen_counter_right.json (isDirectory: false)
[2026-01-16T23:32:47.588Z] Found assets folder content
[2026-01-16T23:32:47.589Z] Checking: assets/nexo/models/modern_kitchen/modern_kitchen_counter_straight.json (isDirectory: false)
[2026-01-16T23:32:47.589Z] Found assets folder content
[2026-01-16T23:32:47.589Z] Checking: assets/nexo/models/modern_kitchen/modern_kitchen_dish_rack.json (isDirectory: false)
[2026-01-16T23:32:47.589Z] Found assets folder content
[2026-01-16T23:32:47.589Z] Checking: assets/nexo/models/modern_kitchen/modern_kitchen_exhaust_hood.json (isDirectory: false)
[2026-01-16T23:32:47.590Z] Found assets folder content
[2026-01-16T23:32:47.590Z] Checking: assets/nexo/models/modern_kitchen/modern_kitchen_fridge_green.json (isDirectory: false)
[2026-01-16T23:32:47.590Z] Found assets folder content
[2026-01-16T23:32:47.590Z] Checking: assets/nexo/models/modern_kitchen/modern_kitchen_fridge_silver.json (isDirectory: false)
[2026-01-16T23:32:47.591Z] Found assets folder content
[2026-01-16T23:32:47.591Z] Checking: assets/nexo/models/modern_kitchen/modern_kitchen_hanging_lamp.json (isDirectory: false)
[2026-01-16T23:32:47.591Z] Found assets folder content
[2026-01-16T23:32:47.591Z] Checking: assets/nexo/models/modern_kitchen/modern_kitchen_hanging_lamp_off.json (isDirectory: false)
[2026-01-16T23:32:47.591Z] Found assets folder content
[2026-01-16T23:32:47.592Z] Checking: assets/nexo/models/modern_kitchen/modern_kitchen_island.json (isDirectory: false)
[2026-01-16T23:32:47.592Z] Found assets folder content
[2026-01-16T23:32:47.592Z] Checking: assets/nexo/models/modern_kitchen/modern_kitchen_island_stove.json (isDirectory: false)
[2026-01-16T23:32:47.592Z] Found assets folder content
[2026-01-16T23:32:47.593Z] Checking: assets/nexo/models/modern_kitchen/modern_kitchen_microwave_green.json (isDirectory: false)
[2026-01-16T23:32:47.593Z] Found assets folder content
[2026-01-16T23:32:47.593Z] Checking: assets/nexo/models/modern_kitchen/modern_kitchen_microwave_silver.json (isDirectory: false)
[2026-01-16T23:32:47.593Z] Found assets folder content
[2026-01-16T23:32:47.594Z] Checking: assets/nexo/models/modern_kitchen/modern_kitchen_sink.json (isDirectory: false)
[2026-01-16T23:32:47.594Z] Found assets folder content
[2026-01-16T23:32:47.594Z] Checking: assets/nexo/models/modern_kitchen/modern_kitchen_stove_green.json (isDirectory: false)
[2026-01-16T23:32:47.594Z] Found assets folder content
[2026-01-16T23:32:47.595Z] Checking: assets/nexo/models/modern_kitchen/modern_kitchen_stove_silver.json (isDirectory: false)
[2026-01-16T23:32:47.595Z] Found assets folder content
[2026-01-16T23:32:47.595Z] Checking: assets/nexo/models/modern_kitchen/modern_kitchen_toaster_green.json (isDirectory: false)
[2026-01-16T23:32:47.595Z] Found assets folder content
[2026-01-16T23:32:47.596Z] Checking: assets/nexo/models/modern_kitchen/modern_kitchen_toaster_silver.json (isDirectory: false)
[2026-01-16T23:32:47.596Z] Found assets folder content
[2026-01-16T23:32:47.596Z] Checking: assets/nexo/models/modern_kitchen/modern_kitchen_trash_can_green.json (isDirectory: false)
[2026-01-16T23:32:47.596Z] Found assets folder content
[2026-01-16T23:32:47.596Z] Checking: assets/nexo/models/modern_kitchen/modern_kitchen_trash_can_silver.json (isDirectory: false)
[2026-01-16T23:32:47.597Z] Found assets folder content
[2026-01-16T23:32:47.597Z] Checking: assets/nexo/models/quest_boards_v2/large_quest_board.json (isDirectory: false)
[2026-01-16T23:32:47.597Z] Found assets folder content
[2026-01-16T23:32:47.597Z] Checking: assets/nexo/models/quest_boards_v2/large_quest_board_dyeable.json (isDirectory: false)
[2026-01-16T23:32:47.598Z] Found assets folder content
[2026-01-16T23:32:47.598Z] Checking: assets/nexo/models/quest_boards_v2/medium_quest_board.json (isDirectory: false)
[2026-01-16T23:32:47.598Z] Found assets folder content
[2026-01-16T23:32:47.599Z] Checking: assets/nexo/models/quest_boards_v2/medium_quest_board_dyeable.json (isDirectory: false)
[2026-01-16T23:32:47.599Z] Found assets folder content
[2026-01-16T23:32:47.599Z] Checking: assets/nexo/models/quest_boards_v2/small_quest_board.json (isDirectory: false)
[2026-01-16T23:32:47.599Z] Found assets folder content
[2026-01-16T23:32:47.600Z] Checking: assets/nexo/models/spider_decor/corner_web_2x2.json (isDirectory: false)
[2026-01-16T23:32:47.600Z] Found assets folder content
[2026-01-16T23:32:47.600Z] Checking: assets/nexo/models/spider_decor/corner_web_2x3.json (isDirectory: false)
[2026-01-16T23:32:47.600Z] Found assets folder content
[2026-01-16T23:32:47.600Z] Checking: assets/nexo/models/spider_decor/corner_web_3x2.json (isDirectory: false)
[2026-01-16T23:32:47.601Z] Found assets folder content
[2026-01-16T23:32:47.601Z] Checking: assets/nexo/models/spider_decor/egg_sack_medium.json (isDirectory: false)
[2026-01-16T23:32:47.601Z] Found assets folder content
[2026-01-16T23:32:47.601Z] Checking: assets/nexo/models/spider_decor/egg_sack_small.json (isDirectory: false)
[2026-01-16T23:32:47.601Z] Found assets folder content
[2026-01-16T23:32:47.602Z] Checking: assets/nexo/models/spider_decor/hanging_web_1x1.json (isDirectory: false)
[2026-01-16T23:32:47.602Z] Found assets folder content
[2026-01-16T23:32:47.602Z] Checking: assets/nexo/models/spider_decor/hanging_web_1x2.json (isDirectory: false)
[2026-01-16T23:32:47.602Z] Found assets folder content
[2026-01-16T23:32:47.603Z] Checking: assets/nexo/models/spider_decor/hanging_web_2x2.json (isDirectory: false)
[2026-01-16T23:32:47.603Z] Found assets folder content
[2026-01-16T23:32:47.603Z] Checking: assets/nexo/models/spider_decor/hanging_web_3x2.json (isDirectory: false)
[2026-01-16T23:32:47.603Z] Found assets folder content
[2026-01-16T23:32:47.603Z] Checking: assets/nexo/models/spider_decor/spider_hole_large.json (isDirectory: false)
[2026-01-16T23:32:47.604Z] Found assets folder content
[2026-01-16T23:32:47.604Z] Checking: assets/nexo/models/spider_decor/spider_hole_small.json (isDirectory: false)
[2026-01-16T23:32:47.604Z] Found assets folder content
[2026-01-16T23:32:47.604Z] Checking: assets/nexo/models/spider_decor/web_wrapped_player_floor.json (isDirectory: false)
[2026-01-16T23:32:47.604Z] Found assets folder content
[2026-01-16T23:32:47.605Z] Checking: assets/nexo/models/spider_decor/web_wrapped_player_hanging.json (isDirectory: false)
[2026-01-16T23:32:47.605Z] Found assets folder content
[2026-01-16T23:32:47.605Z] Checking: assets/nexo/models/spider_decor/web_wrapped_player_standing.json (isDirectory: false)
[2026-01-16T23:32:47.605Z] Found assets folder content
[2026-01-16T23:32:47.606Z] Checking: assets/nexo/models/spider_decor/web_wrapped_player_wall.json (isDirectory: false)
[2026-01-16T23:32:47.606Z] Found assets folder content
[2026-01-16T23:32:47.606Z] Checking: assets/nexo/models/vanilla_tools/shields/copper_shield.json (isDirectory: false)
[2026-01-16T23:32:47.606Z] Found assets folder content
[2026-01-16T23:32:47.607Z] Checking: assets/nexo/models/vanilla_tools/shields/copper_shield_blocking.json (isDirectory: false)
[2026-01-16T23:32:47.607Z] Found assets folder content
[2026-01-16T23:32:47.607Z] Checking: assets/nexo/models/vanilla_tools/shields/diamond_shield.json (isDirectory: false)
[2026-01-16T23:32:47.607Z] Found assets folder content
[2026-01-16T23:32:47.608Z] Checking: assets/nexo/models/vanilla_tools/shields/diamond_shield_blocking.json (isDirectory: false)
[2026-01-16T23:32:47.608Z] Found assets folder content
[2026-01-16T23:32:47.608Z] Checking: assets/nexo/models/vanilla_tools/shields/golden_shield.json (isDirectory: false)
[2026-01-16T23:32:47.608Z] Found assets folder content
[2026-01-16T23:32:47.608Z] Checking: assets/nexo/models/vanilla_tools/shields/golden_shield_blocking.json (isDirectory: false)
[2026-01-16T23:32:47.608Z] Found assets folder content
[2026-01-16T23:32:47.609Z] Checking: assets/nexo/models/vanilla_tools/shields/iron_shield.json (isDirectory: false)
[2026-01-16T23:32:47.609Z] Found assets folder content
[2026-01-16T23:32:47.609Z] Checking: assets/nexo/models/vanilla_tools/shields/iron_shield_blocking.json (isDirectory: false)
[2026-01-16T23:32:47.609Z] Found assets folder content
[2026-01-16T23:32:47.609Z] Checking: assets/nexo/models/vanilla_tools/shields/netherite_shield.json (isDirectory: false)
[2026-01-16T23:32:47.610Z] Found assets folder content
[2026-01-16T23:32:47.610Z] Checking: assets/nexo/models/vanilla_tools/shields/netherite_shield_blocking.json (isDirectory: false)
[2026-01-16T23:32:47.610Z] Found assets folder content
[2026-01-16T23:32:47.610Z] Checking: assets/nexo/models/vanilla_tools/shields/stone_shield.json (isDirectory: false)
[2026-01-16T23:32:47.610Z] Found assets folder content
[2026-01-16T23:32:47.611Z] Checking: assets/nexo/models/vanilla_tools/shields/stone_shield_blocking.json (isDirectory: false)
[2026-01-16T23:32:47.611Z] Found assets folder content
[2026-01-16T23:32:47.611Z] Checking: assets/nexo/models/vanilla_tools/shields/wooden_shield.json (isDirectory: false)
[2026-01-16T23:32:47.611Z] Found assets folder content
[2026-01-16T23:32:47.611Z] Checking: assets/nexo/models/vanilla_tools/shields/wooden_shield_blocking.json (isDirectory: false)
[2026-01-16T23:32:47.612Z] Found assets folder content
[2026-01-16T23:32:47.612Z] Checking: assets/minecraft/models/workshop_six/barricades_palisades_minipack/barricade.json (isDirectory: false)
[2026-01-16T23:32:47.612Z] Found assets folder content
[2026-01-16T23:32:47.612Z] Checking: assets/minecraft/models/workshop_six/barricades_palisades_minipack/large_barricade.json (isDirectory: false)
[2026-01-16T23:32:47.613Z] Found assets folder content
[2026-01-16T23:32:47.613Z] Checking: assets/minecraft/models/workshop_six/barricades_palisades_minipack/large_spiked_palisades.json (isDirectory: false)
[2026-01-16T23:32:47.613Z] Found assets folder content
[2026-01-16T23:32:47.614Z] Checking: assets/minecraft/models/workshop_six/barricades_palisades_minipack/spiked_palisades.json (isDirectory: false)
[2026-01-16T23:32:47.614Z] Found assets folder content
[2026-01-16T23:32:47.615Z] Checking: assets/minecraft/models/workshop_six/benches_minipack/iron_bench.json (isDirectory: false)
[2026-01-16T23:32:47.615Z] Found assets folder content
[2026-01-16T23:32:47.615Z] Checking: assets/minecraft/models/workshop_six/benches_minipack/ironwood_bench.json (isDirectory: false)
[2026-01-16T23:32:47.615Z] Found assets folder content
[2026-01-16T23:32:47.616Z] Checking: assets/minecraft/models/workshop_six/benches_minipack/wooden_bench.json (isDirectory: false)
[2026-01-16T23:32:47.616Z] Found assets folder content
[2026-01-16T23:32:47.616Z] Checking: assets/minecraft/models/workshop_six/books_bookshelves_minipack/book_row.json (isDirectory: false)
[2026-01-16T23:32:47.616Z] Found assets folder content
[2026-01-16T23:32:47.617Z] Checking: assets/minecraft/models/workshop_six/books_bookshelves_minipack/book_stack_1.json (isDirectory: false)
[2026-01-16T23:32:47.617Z] Found assets folder content
[2026-01-16T23:32:47.619Z] Checking: assets/minecraft/models/workshop_six/books_bookshelves_minipack/book_stack_2.json (isDirectory: false)
[2026-01-16T23:32:47.619Z] Found assets folder content
[2026-01-16T23:32:47.619Z] Checking: assets/minecraft/models/workshop_six/books_bookshelves_minipack/bookshelf.json (isDirectory: false)
[2026-01-16T23:32:47.620Z] Found assets folder content
[2026-01-16T23:32:47.624Z] Checking: assets/minecraft/models/workshop_six/books_bookshelves_minipack/bookshelf_empty.json (isDirectory: false)
[2026-01-16T23:32:47.625Z] Found assets folder content
[2026-01-16T23:32:47.625Z] Checking: assets/minecraft/models/workshop_six/campfires/bonfire_lit.json (isDirectory: false)
[2026-01-16T23:32:47.625Z] Found assets folder content
[2026-01-16T23:32:47.626Z] Checking: assets/minecraft/models/workshop_six/campfires/bonfire_unlit.json (isDirectory: false)
[2026-01-16T23:32:47.626Z] Found assets folder content
[2026-01-16T23:32:47.626Z] Checking: assets/minecraft/models/workshop_six/campfires/campfire_cooking_pot.json (isDirectory: false)
[2026-01-16T23:32:47.627Z] Found assets folder content
[2026-01-16T23:32:47.627Z] Checking: assets/minecraft/models/workshop_six/campfires/campfire_lit.json (isDirectory: false)
[2026-01-16T23:32:47.627Z] Found assets folder content
[2026-01-16T23:32:47.628Z] Checking: assets/minecraft/models/workshop_six/campfires/campfire_unlit.json (isDirectory: false)
[2026-01-16T23:32:47.628Z] Found assets folder content
[2026-01-16T23:32:47.628Z] Checking: assets/minecraft/models/workshop_six/campfires/cooking_fire_lit.json (isDirectory: false)
[2026-01-16T23:32:47.628Z] Found assets folder content
[2026-01-16T23:32:47.629Z] Checking: assets/minecraft/models/workshop_six/campfires/cooking_fire_unlit.json (isDirectory: false)
[2026-01-16T23:32:47.629Z] Found assets folder content
[2026-01-16T23:32:47.629Z] Checking: assets/minecraft/models/workshop_six/cardboard_boxes_minipack/cardboard_box.json (isDirectory: false)
[2026-01-16T23:32:47.629Z] Found assets folder content
[2026-01-16T23:32:47.630Z] Checking: assets/minecraft/models/workshop_six/cardboard_boxes_minipack/cardboard_box_open.json (isDirectory: false)
[2026-01-16T23:32:47.630Z] Found assets folder content
[2026-01-16T23:32:47.630Z] Checking: assets/minecraft/models/workshop_six/cardboard_boxes_minipack/cardboard_box_small.json (isDirectory: false)
[2026-01-16T23:32:47.630Z] Found assets folder content
[2026-01-16T23:32:47.630Z] Checking: assets/minecraft/models/workshop_six/cardboard_boxes_minipack/cardboard_box_stack_1.json (isDirectory: false)
[2026-01-16T23:32:47.631Z] Found assets folder content
[2026-01-16T23:32:47.631Z] Checking: assets/minecraft/models/workshop_six/cardboard_boxes_minipack/cardboard_box_stack_2.json (isDirectory: false)
[2026-01-16T23:32:47.631Z] Found assets folder content
[2026-01-16T23:32:47.631Z] Checking: assets/minecraft/models/workshop_six/crafting_table_minipack/crafting_table.json (isDirectory: false)
[2026-01-16T23:32:47.632Z] Found assets folder content
[2026-01-16T23:32:47.632Z] Checking: assets/minecraft/models/workshop_six/crate_barrel_minipack/barrel.json (isDirectory: false)
[2026-01-16T23:32:47.632Z] Found assets folder content
[2026-01-16T23:32:47.633Z] Checking: assets/minecraft/models/workshop_six/crate_barrel_minipack/barrel_stack.json (isDirectory: false)
[2026-01-16T23:32:47.633Z] Found assets folder content
[2026-01-16T23:32:47.633Z] Checking: assets/minecraft/models/workshop_six/crate_barrel_minipack/crate.json (isDirectory: false)
[2026-01-16T23:32:47.633Z] Found assets folder content
[2026-01-16T23:32:47.634Z] Checking: assets/minecraft/models/workshop_six/crate_barrel_minipack/crate_stack.json (isDirectory: false)
[2026-01-16T23:32:47.634Z] Found assets folder content
[2026-01-16T23:32:47.634Z] Checking: assets/minecraft/models/workshop_six/crate_barrel_minipack/large_crate.json (isDirectory: false)
[2026-01-16T23:32:47.634Z] Found assets folder content
[2026-01-16T23:32:47.635Z] Checking: assets/minecraft/models/workshop_six/crate_barrel_minipack/large_crate_stack.json (isDirectory: false)
[2026-01-16T23:32:47.635Z] Found assets folder content
[2026-01-16T23:32:47.635Z] Checking: assets/minecraft/models/workshop_six/crate_barrel_minipack/mixed_stack_1.json (isDirectory: false)
[2026-01-16T23:32:47.635Z] Found assets folder content
[2026-01-16T23:32:47.636Z] Checking: assets/minecraft/models/workshop_six/crate_barrel_minipack/mixed_stack_2.json (isDirectory: false)
[2026-01-16T23:32:47.636Z] Found assets folder content
[2026-01-16T23:32:47.636Z] Checking: assets/minecraft/models/workshop_six/crate_barrel_minipack/mixed_stack_3.json (isDirectory: false)
[2026-01-16T23:32:47.637Z] Found assets folder content
[2026-01-16T23:32:47.637Z] Checking: assets/minecraft/models/workshop_six/farm_furniture/cart_empty.json (isDirectory: false)
[2026-01-16T23:32:47.637Z] Found assets folder content
[2026-01-16T23:32:47.638Z] Checking: assets/minecraft/models/workshop_six/farm_furniture/cart_hay.json (isDirectory: false)
[2026-01-16T23:32:47.638Z] Found assets folder content
[2026-01-16T23:32:47.639Z] Checking: assets/minecraft/models/workshop_six/farm_furniture/chicken_coop.json (isDirectory: false)
[2026-01-16T23:32:47.639Z] Found assets folder content
[2026-01-16T23:32:47.639Z] Checking: assets/minecraft/models/workshop_six/farm_furniture/farm_wall_rack.json (isDirectory: false)
[2026-01-16T23:32:47.640Z] Found assets folder content
[2026-01-16T23:32:47.640Z] Checking: assets/minecraft/models/workshop_six/farm_furniture/haybale.json (isDirectory: false)
[2026-01-16T23:32:47.640Z] Found assets folder content
[2026-01-16T23:32:47.640Z] Checking: assets/minecraft/models/workshop_six/farm_furniture/haybale_stack.json (isDirectory: false)
[2026-01-16T23:32:47.641Z] Found assets folder content
[2026-01-16T23:32:47.641Z] Checking: assets/minecraft/models/workshop_six/farm_furniture/ladder.json (isDirectory: false)
[2026-01-16T23:32:47.641Z] Found assets folder content
[2026-01-16T23:32:47.642Z] Checking: assets/minecraft/models/workshop_six/farm_furniture/ladder_leaning.json (isDirectory: false)
[2026-01-16T23:32:47.642Z] Found assets folder content
[2026-01-16T23:32:47.642Z] Checking: assets/minecraft/models/workshop_six/farm_furniture/scarecrow.json (isDirectory: false)
[2026-01-16T23:32:47.642Z] Found assets folder content
[2026-01-16T23:32:47.643Z] Checking: assets/minecraft/models/workshop_six/farm_furniture/trough_empty.json (isDirectory: false)
[2026-01-16T23:32:47.643Z] Found assets folder content
[2026-01-16T23:32:47.643Z] Checking: assets/minecraft/models/workshop_six/farm_furniture/trough_food.json (isDirectory: false)
[2026-01-16T23:32:47.643Z] Found assets folder content
[2026-01-16T23:32:47.644Z] Checking: assets/minecraft/models/workshop_six/farm_furniture/trough_food_messy.json (isDirectory: false)
[2026-01-16T23:32:47.644Z] Found assets folder content
[2026-01-16T23:32:47.644Z] Checking: assets/minecraft/models/workshop_six/farm_furniture/trough_water.json (isDirectory: false)
[2026-01-16T23:32:47.644Z] Found assets folder content
[2026-01-16T23:32:47.644Z] Checking: assets/minecraft/models/workshop_six/farm_furniture/weather_vane.json (isDirectory: false)
[2026-01-16T23:32:47.645Z] Found assets folder content
[2026-01-16T23:32:47.645Z] Checking: assets/minecraft/models/workshop_six/fishing_furniture/bucket.json (isDirectory: false)
[2026-01-16T23:32:47.645Z] Found assets folder content
[2026-01-16T23:32:47.645Z] Checking: assets/minecraft/models/workshop_six/fishing_furniture/fish_cutting_board.json (isDirectory: false)
[2026-01-16T23:32:47.646Z] Found assets folder content
[2026-01-16T23:32:47.646Z] Checking: assets/minecraft/models/workshop_six/fishing_furniture/fish_drying_rack.json (isDirectory: false)
[2026-01-16T23:32:47.646Z] Found assets folder content
[2026-01-16T23:32:47.647Z] Checking: assets/minecraft/models/workshop_six/fishing_furniture/fish_drying_rack_empty.json (isDirectory: false)
[2026-01-16T23:32:47.647Z] Found assets folder content
[2026-01-16T23:32:47.647Z] Checking: assets/minecraft/models/workshop_six/fishing_furniture/fish_drying_rack_tall.json (isDirectory: false)
[2026-01-16T23:32:47.647Z] Found assets folder content
[2026-01-16T23:32:47.648Z] Checking: assets/minecraft/models/workshop_six/fishing_furniture/fish_drying_rack_tall_empty.json (isDirectory: false)
[2026-01-16T23:32:47.648Z] Found assets folder content
[2026-01-16T23:32:47.649Z] Checking: assets/minecraft/models/workshop_six/fishing_furniture/fish_hanging_rack.json (isDirectory: false)
[2026-01-16T23:32:47.649Z] Found assets folder content
[2026-01-16T23:32:47.650Z] Checking: assets/minecraft/models/workshop_six/fishing_furniture/fish_hanging_rack_large.json (isDirectory: false)
[2026-01-16T23:32:47.650Z] Found assets folder content
[2026-01-16T23:32:47.651Z] Checking: assets/minecraft/models/workshop_six/fishing_furniture/fishing_rod_leaning.json (isDirectory: false)
[2026-01-16T23:32:47.651Z] Found assets folder content
[2026-01-16T23:32:47.651Z] Checking: assets/minecraft/models/workshop_six/fishing_furniture/fishing_rod_stand.json (isDirectory: false)
[2026-01-16T23:32:47.651Z] Found assets folder content
[2026-01-16T23:32:47.652Z] Checking: assets/minecraft/models/workshop_six/fishing_furniture/fishing_station.json (isDirectory: false)
[2026-01-16T23:32:47.652Z] Found assets folder content
[2026-01-16T23:32:47.653Z] Checking: assets/minecraft/models/workshop_six/fishing_furniture/fishing_station_empty.json (isDirectory: false)
[2026-01-16T23:32:47.653Z] Found assets folder content
[2026-01-16T23:32:47.654Z] Checking: assets/minecraft/models/workshop_six/fishing_furniture/shark_rack.json (isDirectory: false)
[2026-01-16T23:32:47.654Z] Found assets folder content
[2026-01-16T23:32:47.654Z] Checking: assets/minecraft/models/workshop_six/fishing_furniture/tackle_box_blue.json (isDirectory: false)
[2026-01-16T23:32:47.654Z] Found assets folder content
[2026-01-16T23:32:47.655Z] Checking: assets/minecraft/models/workshop_six/fishing_furniture/tackle_box_red.json (isDirectory: false)
[2026-01-16T23:32:47.655Z] Found assets folder content
[2026-01-16T23:32:47.655Z] Checking: assets/minecraft/models/workshop_six/blacksmith_forge_furniture/blacksmith_anvil.json (isDirectory: false)
[2026-01-16T23:32:47.655Z] Found assets folder content
[2026-01-16T23:32:47.656Z] Checking: assets/minecraft/models/workshop_six/blacksmith_forge_furniture/blacksmith_forge.json (isDirectory: false)
[2026-01-16T23:32:47.656Z] Found assets folder content
[2026-01-16T23:32:47.656Z] Checking: assets/minecraft/models/workshop_six/blacksmith_forge_furniture/blacksmith_grinding_wheel.json (isDirectory: false)
[2026-01-16T23:32:47.657Z] Found assets folder content
[2026-01-16T23:32:47.657Z] Checking: assets/minecraft/models/workshop_six/blacksmith_forge_furniture/blacksmith_shield_wall_rack.json (isDirectory: false)
[2026-01-16T23:32:47.657Z] Found assets folder content
[2026-01-16T23:32:47.658Z] Checking: assets/minecraft/models/workshop_six/blacksmith_forge_furniture/blacksmith_sword_wall_rack.json (isDirectory: false)
[2026-01-16T23:32:47.658Z] Found assets folder content
[2026-01-16T23:32:47.658Z] Checking: assets/minecraft/models/workshop_six/blacksmith_forge_furniture/blacksmith_sword_wall_rack_empty.json (isDirectory: false)
[2026-01-16T23:32:47.658Z] Found assets folder content
[2026-01-16T23:32:47.659Z] Checking: assets/minecraft/models/workshop_six/blacksmith_forge_furniture/blacksmith_water_bath.json (isDirectory: false)
[2026-01-16T23:32:47.659Z] Found assets folder content
[2026-01-16T23:32:47.659Z] Checking: assets/minecraft/models/workshop_six/blacksmith_forge_furniture/blacksmith_weapon_stand.json (isDirectory: false)
[2026-01-16T23:32:47.659Z] Found assets folder content
[2026-01-16T23:32:47.660Z] Checking: assets/minecraft/models/workshop_six/blacksmith_forge_furniture/blacksmith_weapon_stand_empty.json (isDirectory: false)
[2026-01-16T23:32:47.660Z] Found assets folder content
[2026-01-16T23:32:47.660Z] Checking: assets/minecraft/models/workshop_six/blacksmith_forge_furniture/blacksmith_weapon_stand_small.json (isDirectory: false)
[2026-01-16T23:32:47.661Z] Found assets folder content
[2026-01-16T23:32:47.661Z] Checking: assets/minecraft/models/workshop_six/blacksmith_forge_furniture/blacksmith_weapon_stand_small_empty.json (isDirectory: false)
[2026-01-16T23:32:47.661Z] Found assets folder content
[2026-01-16T23:32:47.661Z] Checking: assets/minecraft/models/workshop_six/lanterns_lampposts_minipack/lamppost.json (isDirectory: false)
[2026-01-16T23:32:47.662Z] Found assets folder content
[2026-01-16T23:32:47.662Z] Checking: assets/minecraft/models/workshop_six/lanterns_lampposts_minipack/lamppost_double.json (isDirectory: false)
[2026-01-16T23:32:47.662Z] Found assets folder content
[2026-01-16T23:32:47.663Z] Checking: assets/minecraft/models/workshop_six/lanterns_lampposts_minipack/lantern_post.json (isDirectory: false)
[2026-01-16T23:32:47.663Z] Found assets folder content
[2026-01-16T23:32:47.663Z] Checking: assets/minecraft/models/workshop_six/lanterns_lampposts_minipack/wall_lantern.json (isDirectory: false)
[2026-01-16T23:32:47.663Z] Found assets folder content
[2026-01-16T23:32:47.664Z] Checking: assets/minecraft/models/workshop_six/logs_lumber_minipack/axe_stump.json (isDirectory: false)
[2026-01-16T23:32:47.664Z] Found assets folder content
[2026-01-16T23:32:47.664Z] Checking: assets/minecraft/models/workshop_six/logs_lumber_minipack/cut_log_pile.json (isDirectory: false)
[2026-01-16T23:32:47.664Z] Found assets folder content
[2026-01-16T23:32:47.665Z] Checking: assets/minecraft/models/workshop_six/logs_lumber_minipack/log_pile.json (isDirectory: false)
[2026-01-16T23:32:47.665Z] Found assets folder content
[2026-01-16T23:32:47.665Z] Checking: assets/minecraft/models/workshop_six/logs_lumber_minipack/split_log_pile.json (isDirectory: false)
[2026-01-16T23:32:47.665Z] Found assets folder content
[2026-01-16T23:32:47.666Z] Checking: assets/minecraft/models/workshop_six/mailboxes_minipack/mailbin_blue.json (isDirectory: false)
[2026-01-16T23:32:47.666Z] Found assets folder content
[2026-01-16T23:32:47.666Z] Checking: assets/minecraft/models/workshop_six/mailboxes_minipack/mailbin_green.json (isDirectory: false)
[2026-01-16T23:32:47.666Z] Found assets folder content
[2026-01-16T23:32:47.667Z] Checking: assets/minecraft/models/workshop_six/mailboxes_minipack/mailbin_red.json (isDirectory: false)
[2026-01-16T23:32:47.667Z] Found assets folder content
[2026-01-16T23:32:47.667Z] Checking: assets/minecraft/models/workshop_six/mailboxes_minipack/mailbox_blue.json (isDirectory: false)
[2026-01-16T23:32:47.667Z] Found assets folder content
[2026-01-16T23:32:47.668Z] Checking: assets/minecraft/models/workshop_six/mailboxes_minipack/mailbox_green.json (isDirectory: false)
[2026-01-16T23:32:47.668Z] Found assets folder content
[2026-01-16T23:32:47.668Z] Checking: assets/minecraft/models/workshop_six/mailboxes_minipack/mailbox_red.json (isDirectory: false)
[2026-01-16T23:32:47.668Z] Found assets folder content
[2026-01-16T23:32:47.669Z] Checking: assets/minecraft/models/workshop_six/medieval_tavern_furniture/tavern_bar_counter.json (isDirectory: false)
[2026-01-16T23:32:47.669Z] Found assets folder content
[2026-01-16T23:32:47.669Z] Checking: assets/minecraft/models/workshop_six/medieval_tavern_furniture/tavern_bar_counter_empty.json (isDirectory: false)
[2026-01-16T23:32:47.670Z] Found assets folder content
[2026-01-16T23:32:47.670Z] Checking: assets/minecraft/models/workshop_six/medieval_tavern_furniture/tavern_bar_counter_low.json (isDirectory: false)
[2026-01-16T23:32:47.670Z] Found assets folder content
[2026-01-16T23:32:47.670Z] Checking: assets/minecraft/models/workshop_six/medieval_tavern_furniture/tavern_bench.json (isDirectory: false)
[2026-01-16T23:32:47.671Z] Found assets folder content
[2026-01-16T23:32:47.671Z] Checking: assets/minecraft/models/workshop_six/medieval_tavern_furniture/tavern_bottle_stack.json (isDirectory: false)
[2026-01-16T23:32:47.671Z] Found assets folder content
[2026-01-16T23:32:47.671Z] Checking: assets/minecraft/models/workshop_six/medieval_tavern_furniture/tavern_bottles.json (isDirectory: false)
[2026-01-16T23:32:47.671Z] Found assets folder content
[2026-01-16T23:32:47.672Z] Checking: assets/minecraft/models/workshop_six/medieval_tavern_furniture/tavern_cabinet.json (isDirectory: false)
[2026-01-16T23:32:47.672Z] Found assets folder content
[2026-01-16T23:32:47.673Z] Checking: assets/minecraft/models/workshop_six/medieval_tavern_furniture/tavern_cabinet_empty.json (isDirectory: false)
[2026-01-16T23:32:47.673Z] Found assets folder content
[2026-01-16T23:32:47.673Z] Checking: assets/minecraft/models/workshop_six/medieval_tavern_furniture/tavern_keg.json (isDirectory: false)
[2026-01-16T23:32:47.674Z] Found assets folder content
[2026-01-16T23:32:47.674Z] Checking: assets/minecraft/models/workshop_six/medieval_tavern_furniture/tavern_keg_station.json (isDirectory: false)
[2026-01-16T23:32:47.674Z] Found assets folder content
[2026-01-16T23:32:47.675Z] Checking: assets/minecraft/models/workshop_six/medieval_tavern_furniture/tavern_long_table.json (isDirectory: false)
[2026-01-16T23:32:47.675Z] Found assets folder content
[2026-01-16T23:32:47.675Z] Checking: assets/minecraft/models/workshop_six/medieval_tavern_furniture/tavern_pint_glass.json (isDirectory: false)
[2026-01-16T23:32:47.675Z] Found assets folder content
[2026-01-16T23:32:47.676Z] Checking: assets/minecraft/models/workshop_six/medieval_tavern_furniture/tavern_shelf.json (isDirectory: false)
[2026-01-16T23:32:47.676Z] Found assets folder content
[2026-01-16T23:32:47.677Z] Checking: assets/minecraft/models/workshop_six/medieval_tavern_furniture/tavern_stool.json (isDirectory: false)
[2026-01-16T23:32:47.677Z] Found assets folder content
[2026-01-16T23:32:47.677Z] Checking: assets/minecraft/models/workshop_six/mine_furniture/coal_ore_large.json (isDirectory: false)
[2026-01-16T23:32:47.677Z] Found assets folder content
[2026-01-16T23:32:47.678Z] Checking: assets/minecraft/models/workshop_six/mine_furniture/coal_ore_medium.json (isDirectory: false)
[2026-01-16T23:32:47.678Z] Found assets folder content
[2026-01-16T23:32:47.678Z] Checking: assets/minecraft/models/workshop_six/mine_furniture/gold_ore_large.json (isDirectory: false)
[2026-01-16T23:32:47.678Z] Found assets folder content
[2026-01-16T23:32:47.679Z] Checking: assets/minecraft/models/workshop_six/mine_furniture/gold_ore_medium.json (isDirectory: false)
[2026-01-16T23:32:47.679Z] Found assets folder content
[2026-01-16T23:32:47.679Z] Checking: assets/minecraft/models/workshop_six/mine_furniture/iron_ore_large.json (isDirectory: false)
[2026-01-16T23:32:47.679Z] Found assets folder content
[2026-01-16T23:32:47.680Z] Checking: assets/minecraft/models/workshop_six/mine_furniture/iron_ore_medium.json (isDirectory: false)
[2026-01-16T23:32:47.680Z] Found assets folder content
[2026-01-16T23:32:47.680Z] Checking: assets/minecraft/models/workshop_six/mine_furniture/mine_crate_large.json (isDirectory: false)
[2026-01-16T23:32:47.680Z] Found assets folder content
[2026-01-16T23:32:47.681Z] Checking: assets/minecraft/models/workshop_six/mine_furniture/mine_crate_medium.json (isDirectory: false)
[2026-01-16T23:32:47.681Z] Found assets folder content
[2026-01-16T23:32:47.681Z] Checking: assets/minecraft/models/workshop_six/mine_furniture/mine_hanging_lamp.json (isDirectory: false)
[2026-01-16T23:32:47.681Z] Found assets folder content
[2026-01-16T23:32:47.681Z] Checking: assets/minecraft/models/workshop_six/mine_furniture/mine_lantern.json (isDirectory: false)
[2026-01-16T23:32:47.682Z] Found assets folder content
[2026-01-16T23:32:47.682Z] Checking: assets/minecraft/models/workshop_six/mine_furniture/mine_pallet.json (isDirectory: false)
[2026-01-16T23:32:47.682Z] Found assets folder content
[2026-01-16T23:32:47.682Z] Checking: assets/minecraft/models/workshop_six/mine_furniture/mine_pallet_leaning.json (isDirectory: false)
[2026-01-16T23:32:47.683Z] Found assets folder content
[2026-01-16T23:32:47.683Z] Checking: assets/minecraft/models/workshop_six/mine_furniture/mine_pallet_stone.json (isDirectory: false)
[2026-01-16T23:32:47.683Z] Found assets folder content
[2026-01-16T23:32:47.684Z] Checking: assets/minecraft/models/workshop_six/mine_furniture/mine_pickaxe_ground.json (isDirectory: false)
[2026-01-16T23:32:47.684Z] Found assets folder content
[2026-01-16T23:32:47.684Z] Checking: assets/minecraft/models/workshop_six/mine_furniture/mine_rail.json (isDirectory: false)
[2026-01-16T23:32:47.684Z] Found assets folder content
[2026-01-16T23:32:47.684Z] Checking: assets/minecraft/models/workshop_six/mine_furniture/mine_scaffold.json (isDirectory: false)
[2026-01-16T23:32:47.685Z] Found assets folder content
[2026-01-16T23:32:47.685Z] Checking: assets/minecraft/models/workshop_six/mine_furniture/mine_scaffold_extension.json (isDirectory: false)
[2026-01-16T23:32:47.685Z] Found assets folder content
[2026-01-16T23:32:47.685Z] Checking: assets/minecraft/models/workshop_six/mine_furniture/mine_scaffold_extension_hanging_lamp.json (isDirectory: false)
[2026-01-16T23:32:47.685Z] Found assets folder content
[2026-01-16T23:32:47.686Z] Checking: assets/minecraft/models/workshop_six/mine_furniture/mine_scaffold_lamp.json (isDirectory: false)
[2026-01-16T23:32:47.686Z] Found assets folder content
[2026-01-16T23:32:47.687Z] Checking: assets/minecraft/models/workshop_six/mine_furniture/mine_support.json (isDirectory: false)
[2026-01-16T23:32:47.687Z] Found assets folder content
[2026-01-16T23:32:47.687Z] Checking: assets/minecraft/models/workshop_six/mine_furniture/mine_support_2.json (isDirectory: false)
[2026-01-16T23:32:47.687Z] Found assets folder content
[2026-01-16T23:32:47.688Z] Checking: assets/minecraft/models/workshop_six/mine_furniture/mine_support_3.json (isDirectory: false)
[2026-01-16T23:32:47.688Z] Found assets folder content
[2026-01-16T23:32:47.688Z] Checking: assets/minecraft/models/workshop_six/mine_furniture/mine_track_stop.json (isDirectory: false)
[2026-01-16T23:32:47.688Z] Found assets folder content
[2026-01-16T23:32:47.689Z] Checking: assets/minecraft/models/workshop_six/mine_furniture/mine_wall_lamp.json (isDirectory: false)
[2026-01-16T23:32:47.689Z] Found assets folder content
[2026-01-16T23:32:47.689Z] Checking: assets/minecraft/models/workshop_six/mine_furniture/minecart_coal.json (isDirectory: false)
[2026-01-16T23:32:47.690Z] Found assets folder content
[2026-01-16T23:32:47.690Z] Checking: assets/minecraft/models/workshop_six/mine_furniture/minecart_gold.json (isDirectory: false)
[2026-01-16T23:32:47.690Z] Found assets folder content
[2026-01-16T23:32:47.691Z] Checking: assets/minecraft/models/workshop_six/mine_furniture/minecart_iron.json (isDirectory: false)
[2026-01-16T23:32:47.691Z] Found assets folder content
[2026-01-16T23:32:47.691Z] Checking: assets/minecraft/models/workshop_six/more_fences/log_fence.json (isDirectory: false)
[2026-01-16T23:32:47.692Z] Found assets folder content
[2026-01-16T23:32:47.692Z] Checking: assets/minecraft/models/workshop_six/more_fences/log_fence_inner.json (isDirectory: false)
[2026-01-16T23:32:47.692Z] Found assets folder content
[2026-01-16T23:32:47.692Z] Checking: assets/minecraft/models/workshop_six/more_fences/log_fence_left.json (isDirectory: false)
[2026-01-16T23:32:47.692Z] Found assets folder content
[2026-01-16T23:32:47.693Z] Checking: assets/minecraft/models/workshop_six/more_fences/log_fence_outer.json (isDirectory: false)
[2026-01-16T23:32:47.693Z] Found assets folder content
[2026-01-16T23:32:47.693Z] Checking: assets/minecraft/models/workshop_six/more_fences/log_fence_right.json (isDirectory: false)
[2026-01-16T23:32:47.693Z] Found assets folder content
[2026-01-16T23:32:47.694Z] Checking: assets/minecraft/models/workshop_six/more_fences/log_fence_straight.json (isDirectory: false)
[2026-01-16T23:32:47.694Z] Found assets folder content
[2026-01-16T23:32:47.694Z] Checking: assets/minecraft/models/workshop_six/more_fences/rope_fence.json (isDirectory: false)
[2026-01-16T23:32:47.694Z] Found assets folder content
[2026-01-16T23:32:47.695Z] Checking: assets/minecraft/models/workshop_six/more_fences/rope_fence_inner.json (isDirectory: false)
[2026-01-16T23:32:47.695Z] Found assets folder content
[2026-01-16T23:32:47.695Z] Checking: assets/minecraft/models/workshop_six/more_fences/rope_fence_left.json (isDirectory: false)
[2026-01-16T23:32:47.695Z] Found assets folder content
[2026-01-16T23:32:47.695Z] Checking: assets/minecraft/models/workshop_six/more_fences/rope_fence_outer.json (isDirectory: false)
[2026-01-16T23:32:47.696Z] Found assets folder content
[2026-01-16T23:32:47.696Z] Checking: assets/minecraft/models/workshop_six/more_fences/rope_fence_right.json (isDirectory: false)
[2026-01-16T23:32:47.696Z] Found assets folder content
[2026-01-16T23:32:47.696Z] Checking: assets/minecraft/models/workshop_six/more_fences/rope_fence_straight.json (isDirectory: false)
[2026-01-16T23:32:47.696Z] Found assets folder content
[2026-01-16T23:32:47.696Z] Checking: assets/minecraft/models/workshop_six/more_fences/stone_fence.json (isDirectory: false)
[2026-01-16T23:32:47.697Z] Found assets folder content
[2026-01-16T23:32:47.697Z] Checking: assets/minecraft/models/workshop_six/more_fences/stone_fence_inner.json (isDirectory: false)
[2026-01-16T23:32:47.697Z] Found assets folder content
[2026-01-16T23:32:47.697Z] Checking: assets/minecraft/models/workshop_six/more_fences/stone_fence_left.json (isDirectory: false)
[2026-01-16T23:32:47.697Z] Found assets folder content
[2026-01-16T23:32:47.698Z] Checking: assets/minecraft/models/workshop_six/more_fences/stone_fence_outer.json (isDirectory: false)
[2026-01-16T23:32:47.698Z] Found assets folder content
[2026-01-16T23:32:47.698Z] Checking: assets/minecraft/models/workshop_six/more_fences/stone_fence_right.json (isDirectory: false)
[2026-01-16T23:32:47.698Z] Found assets folder content
[2026-01-16T23:32:47.698Z] Checking: assets/minecraft/models/workshop_six/more_fences/stone_fence_straight.json (isDirectory: false)
[2026-01-16T23:32:47.699Z] Found assets folder content
[2026-01-16T23:32:47.699Z] Checking: assets/minecraft/models/workshop_six/mushrooms/brown_mushroom_giant.json (isDirectory: false)
[2026-01-16T23:32:47.699Z] Found assets folder content
[2026-01-16T23:32:47.700Z] Checking: assets/minecraft/models/workshop_six/mushrooms/brown_mushroom_large.json (isDirectory: false)
[2026-01-16T23:32:47.700Z] Found assets folder content
[2026-01-16T23:32:47.700Z] Checking: assets/minecraft/models/workshop_six/mushrooms/brown_mushroom_medium.json (isDirectory: false)
[2026-01-16T23:32:47.700Z] Found assets folder content
[2026-01-16T23:32:47.701Z] Checking: assets/minecraft/models/workshop_six/mushrooms/brown_mushroom_small.json (isDirectory: false)
[2026-01-16T23:32:47.701Z] Found assets folder content
[2026-01-16T23:32:47.701Z] Checking: assets/minecraft/models/workshop_six/mushrooms/brown_mushroom_tiny.json (isDirectory: false)
[2026-01-16T23:32:47.702Z] Found assets folder content
[2026-01-16T23:32:47.702Z] Checking: assets/minecraft/models/workshop_six/mushrooms/red_mushroom_giant.json (isDirectory: false)
[2026-01-16T23:32:47.702Z] Found assets folder content
[2026-01-16T23:32:47.702Z] Checking: assets/minecraft/models/workshop_six/mushrooms/red_mushroom_large.json (isDirectory: false)
[2026-01-16T23:32:47.703Z] Found assets folder content
[2026-01-16T23:32:47.703Z] Checking: assets/minecraft/models/workshop_six/mushrooms/red_mushroom_medium.json (isDirectory: false)
[2026-01-16T23:32:47.703Z] Found assets folder content
[2026-01-16T23:32:47.703Z] Checking: assets/minecraft/models/workshop_six/mushrooms/red_mushroom_small.json (isDirectory: false)
[2026-01-16T23:32:47.704Z] Found assets folder content
[2026-01-16T23:32:47.704Z] Checking: assets/minecraft/models/workshop_six/mushrooms/red_mushroom_tiny.json (isDirectory: false)
[2026-01-16T23:32:47.704Z] Found assets folder content
[2026-01-16T23:32:47.704Z] Checking: assets/minecraft/models/workshop_six/quest_board_minipack/quest_board.json (isDirectory: false)
[2026-01-16T23:32:47.705Z] Found assets folder content
[2026-01-16T23:32:47.705Z] Checking: assets/minecraft/models/workshop_six/rocks_pebbles/big_rock.json (isDirectory: false)
[2026-01-16T23:32:47.705Z] Found assets folder content
[2026-01-16T23:32:47.705Z] Checking: assets/minecraft/models/workshop_six/rocks_pebbles/medium_rock.json (isDirectory: false)
[2026-01-16T23:32:47.706Z] Found assets folder content
[2026-01-16T23:32:47.706Z] Checking: assets/minecraft/models/workshop_six/rocks_pebbles/pebbles_1.json (isDirectory: false)
[2026-01-16T23:32:47.706Z] Found assets folder content
[2026-01-16T23:32:47.706Z] Checking: assets/minecraft/models/workshop_six/rocks_pebbles/pebbles_2.json (isDirectory: false)
[2026-01-16T23:32:47.707Z] Found assets folder content
[2026-01-16T23:32:47.707Z] Checking: assets/minecraft/models/workshop_six/rocks_pebbles/pebbles_3.json (isDirectory: false)
[2026-01-16T23:32:47.707Z] Found assets folder content
[2026-01-16T23:32:47.707Z] Checking: assets/minecraft/models/workshop_six/rocks_pebbles/pebbles_4.json (isDirectory: false)
[2026-01-16T23:32:47.707Z] Found assets folder content
[2026-01-16T23:32:47.708Z] Checking: assets/minecraft/models/workshop_six/rocks_pebbles/small_rock.json (isDirectory: false)
[2026-01-16T23:32:47.708Z] Found assets folder content
[2026-01-16T23:32:47.708Z] Checking: assets/minecraft/models/workshop_six/shipping_containers_minipack/shipping_crate_gray.json (isDirectory: false)
[2026-01-16T23:32:47.708Z] Found assets folder content
[2026-01-16T23:32:47.708Z] Checking: assets/minecraft/models/workshop_six/shipping_containers_minipack/shipping_crate_green.json (isDirectory: false)
[2026-01-16T23:32:47.708Z] Found assets folder content
[2026-01-16T23:32:47.709Z] Checking: assets/minecraft/models/workshop_six/shipping_containers_minipack/shipping_crate_orange.json (isDirectory: false)
[2026-01-16T23:32:47.709Z] Found assets folder content
[2026-01-16T23:32:47.709Z] Checking: assets/minecraft/models/workshop_six/signposts_minipack/signpost.json (isDirectory: false)
[2026-01-16T23:32:47.709Z] Found assets folder content
[2026-01-16T23:32:47.710Z] Checking: assets/minecraft/models/workshop_six/signposts_minipack/small_signpost_left.json (isDirectory: false)
[2026-01-16T23:32:47.710Z] Found assets folder content
[2026-01-16T23:32:47.710Z] Checking: assets/minecraft/models/workshop_six/signposts_minipack/small_signpost_right.json (isDirectory: false)
[2026-01-16T23:32:47.710Z] Found assets folder content
[2026-01-16T23:32:47.710Z] Checking: assets/minecraft/models/workshop_six/streetlamps/streetlamp.json (isDirectory: false)
[2026-01-16T23:32:47.711Z] Found assets folder content
[2026-01-16T23:32:47.711Z] Checking: assets/minecraft/models/workshop_six/streetlamps/streetlamp_banners.json (isDirectory: false)
[2026-01-16T23:32:47.711Z] Found assets folder content
[2026-01-16T23:32:47.711Z] Checking: assets/minecraft/models/workshop_six/streetlamps/streetlamp_planters.json (isDirectory: false)
[2026-01-16T23:32:47.712Z] Found assets folder content
[2026-01-16T23:32:47.712Z] Checking: assets/minecraft/models/workshop_six/streetlamps/streetlamp_wall.json (isDirectory: false)
[2026-01-16T23:32:47.713Z] Found assets folder content
[2026-01-16T23:32:47.713Z] Checking: assets/minecraft/models/workshop_six/streetlamps/streetlamp_wall_banner.json (isDirectory: false)
[2026-01-16T23:32:47.713Z] Found assets folder content
[2026-01-16T23:32:47.713Z] Checking: assets/minecraft/models/workshop_six/streetlamps/streetlamp_wall_planter.json (isDirectory: false)
[2026-01-16T23:32:47.714Z] Found assets folder content
[2026-01-16T23:32:47.714Z] Checking: assets/minecraft/models/workshop_six/tents_minipack/tent_1.json (isDirectory: false)
[2026-01-16T23:32:47.714Z] Found assets folder content
[2026-01-16T23:32:47.715Z] Checking: assets/minecraft/models/workshop_six/tents_minipack/tent_1_dyeable.json (isDirectory: false)
[2026-01-16T23:32:47.715Z] Found assets folder content
[2026-01-16T23:32:47.715Z] Checking: assets/minecraft/models/workshop_six/tents_minipack/tent_2.json (isDirectory: false)
[2026-01-16T23:32:47.715Z] Found assets folder content
[2026-01-16T23:32:47.716Z] Checking: assets/minecraft/models/workshop_six/tents_minipack/tent_2_dyeable.json (isDirectory: false)
[2026-01-16T23:32:47.716Z] Found assets folder content
[2026-01-16T23:32:47.716Z] Checking: assets/minecraft/models/workshop_six/tombstones_minipack/tombstone_1.json (isDirectory: false)
[2026-01-16T23:32:47.716Z] Found assets folder content
[2026-01-16T23:32:47.716Z] Checking: assets/minecraft/models/workshop_six/tombstones_minipack/tombstone_2.json (isDirectory: false)
[2026-01-16T23:32:47.717Z] Found assets folder content
[2026-01-16T23:32:47.717Z] Checking: assets/minecraft/models/workshop_six/tombstones_minipack/tombstone_3.json (isDirectory: false)
[2026-01-16T23:32:47.717Z] Found assets folder content
[2026-01-16T23:32:47.717Z] Checking: assets/minecraft/models/workshop_six/torches_braziers/brazier_stone_short.json (isDirectory: false)
[2026-01-16T23:32:47.718Z] Found assets folder content
[2026-01-16T23:32:47.718Z] Checking: assets/minecraft/models/workshop_six/torches_braziers/brazier_stone_tall.json (isDirectory: false)
[2026-01-16T23:32:47.718Z] Found assets folder content
[2026-01-16T23:32:47.719Z] Checking: assets/minecraft/models/workshop_six/torches_braziers/torch_cross.json (isDirectory: false)
[2026-01-16T23:32:47.719Z] Found assets folder content
[2026-01-16T23:32:47.719Z] Checking: assets/minecraft/models/workshop_six/torches_braziers/torch_log.json (isDirectory: false)
[2026-01-16T23:32:47.719Z] Found assets folder content
[2026-01-16T23:32:47.720Z] Checking: assets/minecraft/models/workshop_six/torches_braziers/torch_standing.json (isDirectory: false)
[2026-01-16T23:32:47.720Z] Found assets folder content
[2026-01-16T23:32:47.720Z] Checking: assets/minecraft/models/workshop_six/torches_braziers/torch_wall.json (isDirectory: false)
[2026-01-16T23:32:47.720Z] Found assets folder content
[2026-01-16T23:32:47.720Z] Checking: assets/minecraft/models/phoenix_crossbow.json (isDirectory: false)
[2026-01-16T23:32:47.721Z] Found assets folder content
[2026-01-16T23:32:47.721Z] Checking: assets/minecraft/models/item/paper.json (isDirectory: false)
[2026-01-16T23:32:47.721Z] Found assets folder content
[2026-01-16T23:32:47.722Z] Checking: assets/minecraft/models/ashen_oak_trapdoor.json (isDirectory: false)
[2026-01-16T23:32:47.722Z] Found assets folder content
[2026-01-16T23:32:47.722Z] Checking: assets/minecraft/models/ashen_oak_slab.json (isDirectory: false)
[2026-01-16T23:32:47.722Z] Found assets folder content
[2026-01-16T23:32:47.722Z] Checking: assets/minecraft/models/ashen_oak_stair.json (isDirectory: false)
[2026-01-16T23:32:47.722Z] Found assets folder content
[2026-01-16T23:32:47.723Z] Checking: assets/minecraft/models/ashen_oak_leaves.json (isDirectory: false)
[2026-01-16T23:32:47.723Z] Found assets folder content
[2026-01-16T23:32:47.723Z] Checking: assets/minecraft/models/ashen_oak_door.json (isDirectory: false)
[2026-01-16T23:32:47.723Z] Found assets folder content
[2026-01-16T23:32:47.723Z] Checking: assets/minecraft/models/ashen_oak_door_placed.json (isDirectory: false)
[2026-01-16T23:32:47.723Z] Found assets folder content
[2026-01-16T23:32:47.724Z] Checking: assets/minecraft/models/ashen_oak_sapling.json (isDirectory: false)
[2026-01-16T23:32:47.724Z] Found assets folder content
[2026-01-16T23:32:47.724Z] Checking: assets/minecraft/models/ashen_oak_log.json (isDirectory: false)
[2026-01-16T23:32:47.724Z] Found assets folder content
[2026-01-16T23:32:47.724Z] Checking: assets/minecraft/models/ashen_oak_planks.json (isDirectory: false)
[2026-01-16T23:32:47.725Z] Found assets folder content
[2026-01-16T23:32:47.725Z] Checking: assets/minecraft/models/next_page_icon.json (isDirectory: false)
[2026-01-16T23:32:47.725Z] Found assets folder content
[2026-01-16T23:32:47.725Z] Checking: assets/minecraft/models/previous_page_icon.json (isDirectory: false)
[2026-01-16T23:32:47.725Z] Found assets folder content
[2026-01-16T23:32:47.725Z] Checking: assets/minecraft/models/cancel_icon.json (isDirectory: false)
[2026-01-16T23:32:47.726Z] Found assets folder content
[2026-01-16T23:32:47.726Z] Checking: assets/minecraft/models/directory_icon.json (isDirectory: false)
[2026-01-16T23:32:47.726Z] Found assets folder content
[2026-01-16T23:32:47.726Z] Checking: assets/minecraft/models/forest_llama_armor.json (isDirectory: false)
[2026-01-16T23:32:47.726Z] Found assets folder content
[2026-01-16T23:32:47.727Z] Checking: assets/minecraft/models/item/chainmail_helmet.json (isDirectory: false)
[2026-01-16T23:32:47.727Z] Found assets folder content
[2026-01-16T23:32:47.727Z] Checking: assets/minecraft/models/item/chainmail_chestplate.json (isDirectory: false)
[2026-01-16T23:32:47.727Z] Found assets folder content
[2026-01-16T23:32:47.727Z] Checking: assets/minecraft/models/forest_chestplate.json (isDirectory: false)
[2026-01-16T23:32:47.727Z] Found assets folder content
[2026-01-16T23:32:47.728Z] Checking: assets/minecraft/models/item/chainmail_leggings.json (isDirectory: false)
[2026-01-16T23:32:47.728Z] Found assets folder content
[2026-01-16T23:32:47.728Z] Checking: assets/minecraft/models/forest_leggings.json (isDirectory: false)
[2026-01-16T23:32:47.728Z] Found assets folder content
[2026-01-16T23:32:47.728Z] Checking: assets/minecraft/models/item/chainmail_boots.json (isDirectory: false)
[2026-01-16T23:32:47.729Z] Found assets folder content
[2026-01-16T23:32:47.729Z] Checking: assets/minecraft/models/forest_boots.json (isDirectory: false)
[2026-01-16T23:32:47.729Z] Found assets folder content
[2026-01-16T23:32:47.729Z] Checking: assets/minecraft/models/item/elytra.json (isDirectory: false)
[2026-01-16T23:32:47.729Z] Found assets folder content
[2026-01-16T23:32:47.729Z] Checking: assets/minecraft/models/forest_elytra.json (isDirectory: false)
[2026-01-16T23:32:47.730Z] Found assets folder content
[2026-01-16T23:32:47.730Z] Checking: assets/minecraft/models/item/wolf_armor.json (isDirectory: false)
[2026-01-16T23:32:47.730Z] Found assets folder content
[2026-01-16T23:32:47.730Z] Checking: assets/minecraft/models/forest_wolf_armor.json (isDirectory: false)
[2026-01-16T23:32:47.730Z] Found assets folder content
[2026-01-16T23:32:47.730Z] Checking: assets/minecraft/models/item/diamond_horse_armor.json (isDirectory: false)
[2026-01-16T23:32:47.731Z] Found assets folder content
[2026-01-16T23:32:47.731Z] Checking: assets/minecraft/models/forest_horse_armor.json (isDirectory: false)
[2026-01-16T23:32:47.731Z] Found assets folder content
[2026-01-16T23:32:47.731Z] Checking: assets/minecraft/models/item/netherite_axe.json (isDirectory: false)
[2026-01-16T23:32:47.731Z] Found assets folder content
[2026-01-16T23:32:47.732Z] Checking: assets/minecraft/models/item/netherite_hoe.json (isDirectory: false)
[2026-01-16T23:32:47.732Z] Found assets folder content
[2026-01-16T23:32:47.732Z] Checking: assets/minecraft/models/item/netherite_pickaxe.json (isDirectory: false)
[2026-01-16T23:32:47.732Z] Found assets folder content
[2026-01-16T23:32:47.732Z] Checking: assets/minecraft/models/item/netherite_shovel.json (isDirectory: false)
[2026-01-16T23:32:47.732Z] Found assets folder content
[2026-01-16T23:32:47.733Z] Checking: assets/minecraft/models/item/netherite_sword.json (isDirectory: false)
[2026-01-16T23:32:47.733Z] Found assets folder content
[2026-01-16T23:32:47.733Z] Checking: assets/minecraft/models/item/shield.json (isDirectory: false)
[2026-01-16T23:32:47.733Z] Found assets folder content
[2026-01-16T23:32:47.733Z] Checking: assets/minecraft/models/item/trident.json (isDirectory: false)
[2026-01-16T23:32:47.733Z] Found assets folder content
[2026-01-16T23:32:47.734Z] Checking: assets/minecraft/models/item/leather_horse_armor.json (isDirectory: false)
[2026-01-16T23:32:47.734Z] Found assets folder content
[2026-01-16T23:32:47.734Z] Checking: assets/minecraft/models/block/ashen_oak_stair.json (isDirectory: false)
[2026-01-16T23:32:47.734Z] Found assets folder content
[2026-01-16T23:32:47.734Z] Checking: assets/minecraft/models/block/ashen_oak_stair_inner.json (isDirectory: false)
[2026-01-16T23:32:47.734Z] Found assets folder content
[2026-01-16T23:32:47.735Z] Checking: assets/minecraft/models/block/ashen_oak_stair_outer.json (isDirectory: false)
[2026-01-16T23:32:47.735Z] Found assets folder content
[2026-01-16T23:32:47.735Z] Checking: assets/minecraft/models/block/ashen_oak_slab.json (isDirectory: false)
[2026-01-16T23:32:47.735Z] Found assets folder content
[2026-01-16T23:32:47.735Z] Checking: assets/minecraft/models/block/ashen_oak_slab_top.json (isDirectory: false)
[2026-01-16T23:32:47.735Z] Found assets folder content
[2026-01-16T23:32:47.736Z] Checking: assets/minecraft/models/block/ashen_oak_double_slab.json (isDirectory: false)
[2026-01-16T23:32:47.736Z] Found assets folder content
[2026-01-16T23:32:47.736Z] Checking: assets/minecraft/models/block/ashen_oak_door_placed_bottom_left.json (isDirectory: false)
[2026-01-16T23:32:47.736Z] Found assets folder content
[2026-01-16T23:32:47.736Z] Checking: assets/minecraft/models/block/ashen_oak_door_placed_bottom_left_open.json (isDirectory: false)
[2026-01-16T23:32:47.737Z] Found assets folder content
[2026-01-16T23:32:47.737Z] Checking: assets/minecraft/models/block/ashen_oak_door_placed_bottom_right.json (isDirectory: false)
[2026-01-16T23:32:47.737Z] Found assets folder content
[2026-01-16T23:32:47.737Z] Checking: assets/minecraft/models/block/ashen_oak_door_placed_bottom_right_open.json (isDirectory: false)
[2026-01-16T23:32:47.737Z] Found assets folder content
[2026-01-16T23:32:47.737Z] Checking: assets/minecraft/models/block/ashen_oak_door_placed_top_left.json (isDirectory: false)
[2026-01-16T23:32:47.738Z] Found assets folder content
[2026-01-16T23:32:47.738Z] Checking: assets/minecraft/models/block/ashen_oak_door_placed_top_left_open.json (isDirectory: false)
[2026-01-16T23:32:47.738Z] Found assets folder content
[2026-01-16T23:32:47.738Z] Checking: assets/minecraft/models/block/ashen_oak_door_placed_top_right.json (isDirectory: false)
[2026-01-16T23:32:47.738Z] Found assets folder content
[2026-01-16T23:32:47.738Z] Checking: assets/minecraft/models/block/ashen_oak_door_placed_top_right_open.json (isDirectory: false)
[2026-01-16T23:32:47.738Z] Found assets folder content
[2026-01-16T23:32:47.739Z] Checking: assets/minecraft/models/block/ashen_oak_trapdoor_bottom.json (isDirectory: false)
[2026-01-16T23:32:47.739Z] Found assets folder content
[2026-01-16T23:32:47.739Z] Checking: assets/minecraft/models/block/ashen_oak_trapdoor_open.json (isDirectory: false)
[2026-01-16T23:32:47.739Z] Found assets folder content
[2026-01-16T23:32:47.739Z] Checking: assets/minecraft/models/block/ashen_oak_trapdoor_top.json (isDirectory: false)
[2026-01-16T23:32:47.740Z] Found assets folder content
[2026-01-16T23:32:47.740Z] Checking: assets/minecraft/lang/af_za.json (isDirectory: false)
[2026-01-16T23:32:47.740Z] Found assets folder content
[2026-01-16T23:32:47.740Z] Checking: assets/minecraft/lang/ar_sa.json (isDirectory: false)
[2026-01-16T23:32:47.740Z] Found assets folder content
[2026-01-16T23:32:47.740Z] Checking: assets/minecraft/lang/ast_es.json (isDirectory: false)
[2026-01-16T23:32:47.741Z] Found assets folder content
[2026-01-16T23:32:47.741Z] Checking: assets/minecraft/lang/az_az.json (isDirectory: false)
[2026-01-16T23:32:47.741Z] Found assets folder content
[2026-01-16T23:32:47.741Z] Checking: assets/minecraft/lang/ba_ru.json (isDirectory: false)
[2026-01-16T23:32:47.741Z] Found assets folder content
[2026-01-16T23:32:47.741Z] Checking: assets/minecraft/lang/bar.json (isDirectory: false)
[2026-01-16T23:32:47.741Z] Found assets folder content
[2026-01-16T23:32:47.742Z] Checking: assets/minecraft/lang/be_by.json (isDirectory: false)
[2026-01-16T23:32:47.742Z] Found assets folder content
[2026-01-16T23:32:47.742Z] Checking: assets/minecraft/lang/be_latn.json (isDirectory: false)
[2026-01-16T23:32:47.742Z] Found assets folder content
[2026-01-16T23:32:47.742Z] Checking: assets/minecraft/lang/bg_bg.json (isDirectory: false)
[2026-01-16T23:32:47.743Z] Found assets folder content
[2026-01-16T23:32:47.743Z] Checking: assets/minecraft/lang/br_fr.json (isDirectory: false)
[2026-01-16T23:32:47.743Z] Found assets folder content
[2026-01-16T23:32:47.743Z] Checking: assets/minecraft/lang/brb.json (isDirectory: false)
[2026-01-16T23:32:47.743Z] Found assets folder content
[2026-01-16T23:32:47.743Z] Checking: assets/minecraft/lang/bs_ba.json (isDirectory: false)
[2026-01-16T23:32:47.744Z] Found assets folder content
[2026-01-16T23:32:47.744Z] Checking: assets/minecraft/lang/ca_es.json (isDirectory: false)
[2026-01-16T23:32:47.744Z] Found assets folder content
[2026-01-16T23:32:47.744Z] Checking: assets/minecraft/lang/cs_cz.json (isDirectory: false)
[2026-01-16T23:32:47.744Z] Found assets folder content
[2026-01-16T23:32:47.744Z] Checking: assets/minecraft/lang/cy_gb.json (isDirectory: false)
[2026-01-16T23:32:47.745Z] Found assets folder content
[2026-01-16T23:32:47.745Z] Checking: assets/minecraft/lang/da_dk.json (isDirectory: false)
[2026-01-16T23:32:47.745Z] Found assets folder content
[2026-01-16T23:32:47.745Z] Checking: assets/minecraft/lang/de_at.json (isDirectory: false)
[2026-01-16T23:32:47.745Z] Found assets folder content
[2026-01-16T23:32:47.745Z] Checking: assets/minecraft/lang/de_ch.json (isDirectory: false)
[2026-01-16T23:32:47.746Z] Found assets folder content
[2026-01-16T23:32:47.746Z] Checking: assets/minecraft/lang/de_de.json (isDirectory: false)
[2026-01-16T23:32:47.746Z] Found assets folder content
[2026-01-16T23:32:47.746Z] Checking: assets/minecraft/lang/deprecated.json (isDirectory: false)
[2026-01-16T23:32:47.746Z] Found assets folder content
[2026-01-16T23:32:47.746Z] Checking: assets/minecraft/lang/el_gr.json (isDirectory: false)
[2026-01-16T23:32:47.746Z] Found assets folder content
[2026-01-16T23:32:47.747Z] Checking: assets/minecraft/lang/en_au.json (isDirectory: false)
[2026-01-16T23:32:47.747Z] Found assets folder content
[2026-01-16T23:32:47.747Z] Checking: assets/minecraft/lang/en_ca.json (isDirectory: false)
[2026-01-16T23:32:47.747Z] Found assets folder content
[2026-01-16T23:32:47.747Z] Checking: assets/minecraft/lang/en_gb.json (isDirectory: false)
[2026-01-16T23:32:47.748Z] Found assets folder content
[2026-01-16T23:32:47.748Z] Checking: assets/minecraft/lang/en_nz.json (isDirectory: false)
[2026-01-16T23:32:47.748Z] Found assets folder content
[2026-01-16T23:32:47.748Z] Checking: assets/minecraft/lang/en_pt.json (isDirectory: false)
[2026-01-16T23:32:47.749Z] Found assets folder content
[2026-01-16T23:32:47.749Z] Checking: assets/minecraft/lang/en_ud.json (isDirectory: false)
[2026-01-16T23:32:47.749Z] Found assets folder content
[2026-01-16T23:32:47.749Z] Checking: assets/minecraft/lang/en_us.json (isDirectory: false)
[2026-01-16T23:32:47.749Z] Found assets folder content
[2026-01-16T23:32:47.749Z] Checking: assets/minecraft/lang/enp.json (isDirectory: false)
[2026-01-16T23:32:47.750Z] Found assets folder content
[2026-01-16T23:32:47.750Z] Checking: assets/minecraft/lang/enws.json (isDirectory: false)
[2026-01-16T23:32:47.750Z] Found assets folder content
[2026-01-16T23:32:47.750Z] Checking: assets/minecraft/lang/eo_uy.json (isDirectory: false)
[2026-01-16T23:32:47.750Z] Found assets folder content
[2026-01-16T23:32:47.750Z] Checking: assets/minecraft/lang/es_ar.json (isDirectory: false)
[2026-01-16T23:32:47.750Z] Found assets folder content
[2026-01-16T23:32:47.751Z] Checking: assets/minecraft/lang/es_cl.json (isDirectory: false)
[2026-01-16T23:32:47.751Z] Found assets folder content
[2026-01-16T23:32:47.751Z] Checking: assets/minecraft/lang/es_ec.json (isDirectory: false)
[2026-01-16T23:32:47.751Z] Found assets folder content
[2026-01-16T23:32:47.751Z] Checking: assets/minecraft/lang/es_es.json (isDirectory: false)
[2026-01-16T23:32:47.752Z] Found assets folder content
[2026-01-16T23:32:47.752Z] Checking: assets/minecraft/lang/es_mx.json (isDirectory: false)
[2026-01-16T23:32:47.752Z] Found assets folder content
[2026-01-16T23:32:47.752Z] Checking: assets/minecraft/lang/es_uy.json (isDirectory: false)
[2026-01-16T23:32:47.752Z] Found assets folder content
[2026-01-16T23:32:47.753Z] Checking: assets/minecraft/lang/es_ve.json (isDirectory: false)
[2026-01-16T23:32:47.753Z] Found assets folder content
[2026-01-16T23:32:47.753Z] Checking: assets/minecraft/lang/esan.json (isDirectory: false)
[2026-01-16T23:32:47.753Z] Found assets folder content
[2026-01-16T23:32:47.754Z] Checking: assets/minecraft/lang/et_ee.json (isDirectory: false)
[2026-01-16T23:32:47.754Z] Found assets folder content
[2026-01-16T23:32:47.754Z] Checking: assets/minecraft/lang/eu_es.json (isDirectory: false)
[2026-01-16T23:32:47.755Z] Found assets folder content
[2026-01-16T23:32:47.755Z] Checking: assets/minecraft/lang/fa_ir.json (isDirectory: false)
[2026-01-16T23:32:47.755Z] Found assets folder content
[2026-01-16T23:32:47.755Z] Checking: assets/minecraft/lang/fi_fi.json (isDirectory: false)
[2026-01-16T23:32:47.755Z] Found assets folder content
[2026-01-16T23:32:47.755Z] Checking: assets/minecraft/lang/fil_ph.json (isDirectory: false)
[2026-01-16T23:32:47.755Z] Found assets folder content
[2026-01-16T23:32:47.756Z] Checking: assets/minecraft/lang/fo_fo.json (isDirectory: false)
[2026-01-16T23:32:47.756Z] Found assets folder content
[2026-01-16T23:32:47.756Z] Checking: assets/minecraft/lang/fr_ca.json (isDirectory: false)
[2026-01-16T23:32:47.756Z] Found assets folder content
[2026-01-16T23:32:47.756Z] Checking: assets/minecraft/lang/fr_fr.json (isDirectory: false)
[2026-01-16T23:32:47.756Z] Found assets folder content
[2026-01-16T23:32:47.757Z] Checking: assets/minecraft/lang/fra_de.json (isDirectory: false)
[2026-01-16T23:32:47.757Z] Found assets folder content
[2026-01-16T23:32:47.757Z] Checking: assets/minecraft/lang/fur_it.json (isDirectory: false)
[2026-01-16T23:32:47.757Z] Found assets folder content
[2026-01-16T23:32:47.757Z] Checking: assets/minecraft/lang/fy_nl.json (isDirectory: false)
[2026-01-16T23:32:47.757Z] Found assets folder content
[2026-01-16T23:32:47.758Z] Checking: assets/minecraft/lang/ga_ie.json (isDirectory: false)
[2026-01-16T23:32:47.758Z] Found assets folder content
[2026-01-16T23:32:47.758Z] Checking: assets/minecraft/lang/gd_gb.json (isDirectory: false)
[2026-01-16T23:32:47.758Z] Found assets folder content
[2026-01-16T23:32:47.759Z] Checking: assets/minecraft/lang/gl_es.json (isDirectory: false)
[2026-01-16T23:32:47.759Z] Found assets folder content
[2026-01-16T23:32:47.759Z] Checking: assets/minecraft/lang/hal_ua.json (isDirectory: false)
[2026-01-16T23:32:47.760Z] Found assets folder content
[2026-01-16T23:32:47.760Z] Checking: assets/minecraft/lang/haw_us.json (isDirectory: false)
[2026-01-16T23:32:47.760Z] Found assets folder content
[2026-01-16T23:32:47.760Z] Checking: assets/minecraft/lang/he_il.json (isDirectory: false)
[2026-01-16T23:32:47.760Z] Found assets folder content
[2026-01-16T23:32:47.761Z] Checking: assets/minecraft/lang/hi_in.json (isDirectory: false)
[2026-01-16T23:32:47.761Z] Found assets folder content
[2026-01-16T23:32:47.761Z] Checking: assets/minecraft/lang/hn_no.json (isDirectory: false)
[2026-01-16T23:32:47.761Z] Found assets folder content
[2026-01-16T23:32:47.761Z] Checking: assets/minecraft/lang/hr_hr.json (isDirectory: false)
[2026-01-16T23:32:47.762Z] Found assets folder content
[2026-01-16T23:32:47.762Z] Checking: assets/minecraft/lang/hu_hu.json (isDirectory: false)
[2026-01-16T23:32:47.762Z] Found assets folder content
[2026-01-16T23:32:47.762Z] Checking: assets/minecraft/lang/hy_am.json (isDirectory: false)
[2026-01-16T23:32:47.762Z] Found assets folder content
[2026-01-16T23:32:47.762Z] Checking: assets/minecraft/lang/id_id.json (isDirectory: false)
[2026-01-16T23:32:47.763Z] Found assets folder content
[2026-01-16T23:32:47.763Z] Checking: assets/minecraft/lang/ig_ng.json (isDirectory: false)
[2026-01-16T23:32:47.763Z] Found assets folder content
[2026-01-16T23:32:47.763Z] Checking: assets/minecraft/lang/io_en.json (isDirectory: false)
[2026-01-16T23:32:47.763Z] Found assets folder content
[2026-01-16T23:32:47.763Z] Checking: assets/minecraft/lang/is_is.json (isDirectory: false)
[2026-01-16T23:32:47.764Z] Found assets folder content
[2026-01-16T23:32:47.764Z] Checking: assets/minecraft/lang/isv.json (isDirectory: false)
[2026-01-16T23:32:47.764Z] Found assets folder content
[2026-01-16T23:32:47.764Z] Checking: assets/minecraft/lang/it_it.json (isDirectory: false)
[2026-01-16T23:32:47.764Z] Found assets folder content
[2026-01-16T23:32:47.764Z] Checking: assets/minecraft/lang/ja_jp.json (isDirectory: false)
[2026-01-16T23:32:47.765Z] Found assets folder content
[2026-01-16T23:32:47.765Z] Checking: assets/minecraft/lang/jbo_en.json (isDirectory: false)
[2026-01-16T23:32:47.765Z] Found assets folder content
[2026-01-16T23:32:47.765Z] Checking: assets/minecraft/lang/ka_ge.json (isDirectory: false)
[2026-01-16T23:32:47.765Z] Found assets folder content
[2026-01-16T23:32:47.766Z] Checking: assets/minecraft/lang/kk_kz.json (isDirectory: false)
[2026-01-16T23:32:47.766Z] Found assets folder content
[2026-01-16T23:32:47.766Z] Checking: assets/minecraft/lang/kn_in.json (isDirectory: false)
[2026-01-16T23:32:47.766Z] Found assets folder content
[2026-01-16T23:32:47.766Z] Checking: assets/minecraft/lang/ko_kr.json (isDirectory: false)
[2026-01-16T23:32:47.767Z] Found assets folder content
[2026-01-16T23:32:47.767Z] Checking: assets/minecraft/lang/ksh.json (isDirectory: false)
[2026-01-16T23:32:47.767Z] Found assets folder content
[2026-01-16T23:32:47.767Z] Checking: assets/minecraft/lang/kw_gb.json (isDirectory: false)
[2026-01-16T23:32:47.767Z] Found assets folder content
[2026-01-16T23:32:47.767Z] Checking: assets/minecraft/lang/ky_kg.json (isDirectory: false)
[2026-01-16T23:32:47.768Z] Found assets folder content
[2026-01-16T23:32:47.768Z] Checking: assets/minecraft/lang/la_la.json (isDirectory: false)
[2026-01-16T23:32:47.768Z] Found assets folder content
[2026-01-16T23:32:47.768Z] Checking: assets/minecraft/lang/lb_lu.json (isDirectory: false)
[2026-01-16T23:32:47.768Z] Found assets folder content
[2026-01-16T23:32:47.769Z] Checking: assets/minecraft/lang/li_li.json (isDirectory: false)
[2026-01-16T23:32:47.769Z] Found assets folder content
[2026-01-16T23:32:47.769Z] Checking: assets/minecraft/lang/lmo.json (isDirectory: false)
[2026-01-16T23:32:47.769Z] Found assets folder content
[2026-01-16T23:32:47.769Z] Checking: assets/minecraft/lang/lo_la.json (isDirectory: false)
[2026-01-16T23:32:47.769Z] Found assets folder content
[2026-01-16T23:32:47.770Z] Checking: assets/minecraft/lang/lol_us.json (isDirectory: false)
[2026-01-16T23:32:47.770Z] Found assets folder content
[2026-01-16T23:32:47.770Z] Checking: assets/minecraft/lang/lt_lt.json (isDirectory: false)
[2026-01-16T23:32:47.770Z] Found assets folder content
[2026-01-16T23:32:47.770Z] Checking: assets/minecraft/lang/lv_lv.json (isDirectory: false)
[2026-01-16T23:32:47.770Z] Found assets folder content
[2026-01-16T23:32:47.771Z] Checking: assets/minecraft/lang/lzh.json (isDirectory: false)
[2026-01-16T23:32:47.771Z] Found assets folder content
[2026-01-16T23:32:47.771Z] Checking: assets/minecraft/lang/mk_mk.json (isDirectory: false)
[2026-01-16T23:32:47.771Z] Found assets folder content
[2026-01-16T23:32:47.771Z] Checking: assets/minecraft/lang/mn_mn.json (isDirectory: false)
[2026-01-16T23:32:47.771Z] Found assets folder content
[2026-01-16T23:32:47.772Z] Checking: assets/minecraft/lang/ms_my.json (isDirectory: false)
[2026-01-16T23:32:47.772Z] Found assets folder content
[2026-01-16T23:32:47.772Z] Checking: assets/minecraft/lang/mt_mt.json (isDirectory: false)
[2026-01-16T23:32:47.772Z] Found assets folder content
[2026-01-16T23:32:47.772Z] Checking: assets/minecraft/lang/nah.json (isDirectory: false)
[2026-01-16T23:32:47.772Z] Found assets folder content
[2026-01-16T23:32:47.772Z] Checking: assets/minecraft/lang/nds_de.json (isDirectory: false)
[2026-01-16T23:32:47.773Z] Found assets folder content
[2026-01-16T23:32:47.773Z] Checking: assets/minecraft/lang/nl_be.json (isDirectory: false)
[2026-01-16T23:32:47.773Z] Found assets folder content
[2026-01-16T23:32:47.773Z] Checking: assets/minecraft/lang/nl_nl.json (isDirectory: false)
[2026-01-16T23:32:47.773Z] Found assets folder content
[2026-01-16T23:32:47.774Z] Checking: assets/minecraft/lang/nn_no.json (isDirectory: false)
[2026-01-16T23:32:47.774Z] Found assets folder content
[2026-01-16T23:32:47.774Z] Checking: assets/minecraft/lang/no_no.json (isDirectory: false)
[2026-01-16T23:32:47.774Z] Found assets folder content
[2026-01-16T23:32:47.775Z] Checking: assets/minecraft/lang/oc_fr.json (isDirectory: false)
[2026-01-16T23:32:47.775Z] Found assets folder content
[2026-01-16T23:32:47.775Z] Checking: assets/minecraft/lang/ovd.json (isDirectory: false)
[2026-01-16T23:32:47.775Z] Found assets folder content
[2026-01-16T23:32:47.775Z] Checking: assets/minecraft/lang/pl_pl.json (isDirectory: false)
[2026-01-16T23:32:47.775Z] Found assets folder content
[2026-01-16T23:32:47.776Z] Checking: assets/minecraft/lang/pls.json (isDirectory: false)
[2026-01-16T23:32:47.776Z] Found assets folder content
[2026-01-16T23:32:47.776Z] Checking: assets/minecraft/lang/pt_br.json (isDirectory: false)
[2026-01-16T23:32:47.776Z] Found assets folder content
[2026-01-16T23:32:47.776Z] Checking: assets/minecraft/lang/pt_pt.json (isDirectory: false)
[2026-01-16T23:32:47.777Z] Found assets folder content
[2026-01-16T23:32:47.777Z] Checking: assets/minecraft/lang/qcb_es.json (isDirectory: false)
[2026-01-16T23:32:47.777Z] Found assets folder content
[2026-01-16T23:32:47.777Z] Checking: assets/minecraft/lang/qid.json (isDirectory: false)
[2026-01-16T23:32:47.777Z] Found assets folder content
[2026-01-16T23:32:47.777Z] Checking: assets/minecraft/lang/qya_aa.json (isDirectory: false)
[2026-01-16T23:32:47.778Z] Found assets folder content
[2026-01-16T23:32:47.778Z] Checking: assets/minecraft/lang/ro_ro.json (isDirectory: false)
[2026-01-16T23:32:47.778Z] Found assets folder content
[2026-01-16T23:32:47.778Z] Checking: assets/minecraft/lang/rpr.json (isDirectory: false)
[2026-01-16T23:32:47.778Z] Found assets folder content
[2026-01-16T23:32:47.778Z] Checking: assets/minecraft/lang/ru_ru.json (isDirectory: false)
[2026-01-16T23:32:47.779Z] Found assets folder content
[2026-01-16T23:32:47.779Z] Checking: assets/minecraft/lang/ry_ua.json (isDirectory: false)
[2026-01-16T23:32:47.779Z] Found assets folder content
[2026-01-16T23:32:47.779Z] Checking: assets/minecraft/lang/sah_sah.json (isDirectory: false)
[2026-01-16T23:32:47.780Z] Found assets folder content
[2026-01-16T23:32:47.780Z] Checking: assets/minecraft/lang/se_no.json (isDirectory: false)
[2026-01-16T23:32:47.780Z] Found assets folder content
[2026-01-16T23:32:47.780Z] Checking: assets/minecraft/lang/sk_sk.json (isDirectory: false)
[2026-01-16T23:32:47.781Z] Found assets folder content
[2026-01-16T23:32:47.781Z] Checking: assets/minecraft/lang/sl_si.json (isDirectory: false)
[2026-01-16T23:32:47.781Z] Found assets folder content
[2026-01-16T23:32:47.781Z] Checking: assets/minecraft/lang/so_so.json (isDirectory: false)
[2026-01-16T23:32:47.781Z] Found assets folder content
[2026-01-16T23:32:47.781Z] Checking: assets/minecraft/lang/sq_al.json (isDirectory: false)
[2026-01-16T23:32:47.782Z] Found assets folder content
[2026-01-16T23:32:47.782Z] Checking: assets/minecraft/lang/sr_cs.json (isDirectory: false)
[2026-01-16T23:32:47.782Z] Found assets folder content
[2026-01-16T23:32:47.782Z] Checking: assets/minecraft/lang/sr_sp.json (isDirectory: false)
[2026-01-16T23:32:47.782Z] Found assets folder content
[2026-01-16T23:32:47.782Z] Checking: assets/minecraft/lang/sv_se.json (isDirectory: false)
[2026-01-16T23:32:47.783Z] Found assets folder content
[2026-01-16T23:32:47.783Z] Checking: assets/minecraft/lang/sxu.json (isDirectory: false)
[2026-01-16T23:32:47.783Z] Found assets folder content
[2026-01-16T23:32:47.783Z] Checking: assets/minecraft/lang/szl.json (isDirectory: false)
[2026-01-16T23:32:47.783Z] Found assets folder content
[2026-01-16T23:32:47.783Z] Checking: assets/minecraft/lang/ta_in.json (isDirectory: false)
[2026-01-16T23:32:47.784Z] Found assets folder content
[2026-01-16T23:32:47.784Z] Checking: assets/minecraft/lang/th_th.json (isDirectory: false)
[2026-01-16T23:32:47.784Z] Found assets folder content
[2026-01-16T23:32:47.784Z] Checking: assets/minecraft/lang/tl_ph.json (isDirectory: false)
[2026-01-16T23:32:47.784Z] Found assets folder content
[2026-01-16T23:32:47.784Z] Checking: assets/minecraft/lang/tlh_aa.json (isDirectory: false)
[2026-01-16T23:32:47.785Z] Found assets folder content
[2026-01-16T23:32:47.785Z] Checking: assets/minecraft/lang/tok.json (isDirectory: false)
[2026-01-16T23:32:47.785Z] Found assets folder content
[2026-01-16T23:32:47.785Z] Checking: assets/minecraft/lang/tr_tr.json (isDirectory: false)
[2026-01-16T23:32:47.785Z] Found assets folder content
[2026-01-16T23:32:47.785Z] Checking: assets/minecraft/lang/tt_ru.json (isDirectory: false)
[2026-01-16T23:32:47.786Z] Found assets folder content
[2026-01-16T23:32:47.786Z] Checking: assets/minecraft/lang/tzo_mx.json (isDirectory: false)
[2026-01-16T23:32:47.786Z] Found assets folder content
[2026-01-16T23:32:47.786Z] Checking: assets/minecraft/lang/uk_ua.json (isDirectory: false)
[2026-01-16T23:32:47.786Z] Found assets folder content
[2026-01-16T23:32:47.787Z] Checking: assets/minecraft/lang/val_es.json (isDirectory: false)
[2026-01-16T23:32:47.787Z] Found assets folder content
[2026-01-16T23:32:47.787Z] Checking: assets/minecraft/lang/vec_it.json (isDirectory: false)
[2026-01-16T23:32:47.787Z] Found assets folder content
[2026-01-16T23:32:47.787Z] Checking: assets/minecraft/lang/vi_vn.json (isDirectory: false)
[2026-01-16T23:32:47.787Z] Found assets folder content
[2026-01-16T23:32:47.788Z] Checking: assets/minecraft/lang/vp_vl.json (isDirectory: false)
[2026-01-16T23:32:47.788Z] Found assets folder content
[2026-01-16T23:32:47.788Z] Checking: assets/minecraft/lang/yi_de.json (isDirectory: false)
[2026-01-16T23:32:47.788Z] Found assets folder content
[2026-01-16T23:32:47.788Z] Checking: assets/minecraft/lang/yo_ng.json (isDirectory: false)
[2026-01-16T23:32:47.788Z] Found assets folder content
[2026-01-16T23:32:47.789Z] Checking: assets/minecraft/lang/zh_cn.json (isDirectory: false)
[2026-01-16T23:32:47.789Z] Found assets folder content
[2026-01-16T23:32:47.789Z] Checking: assets/minecraft/lang/zh_hk.json (isDirectory: false)
[2026-01-16T23:32:47.789Z] Found assets folder content
[2026-01-16T23:32:47.789Z] Checking: assets/minecraft/lang/zh_tw.json (isDirectory: false)
[2026-01-16T23:32:47.790Z] Found assets folder content
[2026-01-16T23:32:47.790Z] Checking: assets/minecraft/lang/zlm_arab.json (isDirectory: false)
[2026-01-16T23:32:47.790Z] Found assets folder content
[2026-01-16T23:32:47.790Z] Checking: assets/minecraft/blockstates/note_block.json (isDirectory: false)
[2026-01-16T23:32:47.790Z] Found assets folder content
[2026-01-16T23:32:47.791Z] Checking: assets/minecraft/blockstates/tripwire.json (isDirectory: false)
[2026-01-16T23:32:47.791Z] Found assets folder content
[2026-01-16T23:32:47.791Z] Checking: assets/minecraft/blockstates/chorus_plant.json (isDirectory: false)
[2026-01-16T23:32:47.791Z] Found assets folder content
[2026-01-16T23:32:47.791Z] Checking: assets/minecraft/blockstates/waxed_cut_copper_stairs.json (isDirectory: false)
[2026-01-16T23:32:47.792Z] Found assets folder content
[2026-01-16T23:32:47.792Z] Checking: assets/minecraft/blockstates/waxed_cut_copper_slab.json (isDirectory: false)
[2026-01-16T23:32:47.792Z] Found assets folder content
[2026-01-16T23:32:47.792Z] Checking: assets/minecraft/blockstates/waxed_copper_grate.json (isDirectory: false)
[2026-01-16T23:32:47.793Z] Found assets folder content
[2026-01-16T23:32:47.793Z] Checking: assets/minecraft/blockstates/waxed_copper_door.json (isDirectory: false)
[2026-01-16T23:32:47.793Z] Found assets folder content
[2026-01-16T23:32:47.793Z] Checking: assets/minecraft/blockstates/waxed_copper_trapdoor.json (isDirectory: false)
[2026-01-16T23:32:47.793Z] Found assets folder content
[2026-01-16T23:32:47.794Z] Checking: assets/nexo/font/default.json (isDirectory: false)
[2026-01-16T23:32:47.794Z] Found assets folder content
[2026-01-16T23:32:47.794Z] Checking: assets/minecraft/font/default.json (isDirectory: false)
[2026-01-16T23:32:47.794Z] Found assets folder content
[2026-01-16T23:32:47.794Z] Checking: assets/nexo/font/shift.json (isDirectory: false)
[2026-01-16T23:32:47.795Z] Found assets folder content
[2026-01-16T23:32:47.795Z] Checking: assets/nexo/equipment/forest.json (isDirectory: false)
[2026-01-16T23:32:47.795Z] Found assets folder content
[2026-01-16T23:32:47.795Z] Checking: assets/nexo/models/equipment/forest.json (isDirectory: false)
[2026-01-16T23:32:47.795Z] Found assets folder content
[2026-01-16T23:32:47.795Z] Checking: assets/nexo/equipment/forest_elytra.json (isDirectory: false)
[2026-01-16T23:32:47.796Z] Found assets folder content
[2026-01-16T23:32:47.796Z] Checking: assets/nexo/models/equipment/forest_elytra.json (isDirectory: false)
[2026-01-16T23:32:47.796Z] Found assets folder content
[2026-01-16T23:32:47.796Z] Checking: assets/nexo/items/cancel_icon.json (isDirectory: false)
[2026-01-16T23:32:47.796Z] Found assets folder content
[2026-01-16T23:32:47.796Z] Checking: assets/nexo/items/directory_icon.json (isDirectory: false)
[2026-01-16T23:32:47.797Z] Found assets folder content
[2026-01-16T23:32:47.797Z] Checking: assets/nexo/items/empty.json (isDirectory: false)
[2026-01-16T23:32:47.797Z] Found assets folder content
[2026-01-16T23:32:47.797Z] Checking: assets/nexo/items/next_page_icon.json (isDirectory: false)
[2026-01-16T23:32:47.797Z] Found assets folder content
[2026-01-16T23:32:47.797Z] Checking: assets/nexo/items/previous_page_icon.json (isDirectory: false)
[2026-01-16T23:32:47.798Z] Found assets folder content
[2026-01-16T23:32:47.798Z] Checking: assets/nexo/items/search_icon.json (isDirectory: false)
[2026-01-16T23:32:47.798Z] Found assets folder content
[2026-01-16T23:32:47.798Z] Checking: assets/nexo/items/connectable/connectable.json (isDirectory: false)
[2026-01-16T23:32:47.798Z] Found assets folder content
[2026-01-16T23:32:47.799Z] Checking: assets/nexo/items/connectable/connectable_inner.json (isDirectory: false)
[2026-01-16T23:32:47.799Z] Found assets folder content
[2026-01-16T23:32:47.799Z] Checking: assets/nexo/items/connectable/connectable_left.json (isDirectory: false)
[2026-01-16T23:32:47.799Z] Found assets folder content
[2026-01-16T23:32:47.799Z] Checking: assets/nexo/items/connectable/connectable_outer.json (isDirectory: false)
[2026-01-16T23:32:47.800Z] Found assets folder content
[2026-01-16T23:32:47.800Z] Checking: assets/nexo/items/connectable/connectable_right.json (isDirectory: false)
[2026-01-16T23:32:47.800Z] Found assets folder content
[2026-01-16T23:32:47.800Z] Checking: assets/nexo/items/connectable/connectable_straight.json (isDirectory: false)
[2026-01-16T23:32:47.800Z] Found assets folder content
[2026-01-16T23:32:47.800Z] Checking: assets/nexo/items/forest_trident.json (isDirectory: false)
[2026-01-16T23:32:47.801Z] Found assets folder content
[2026-01-16T23:32:47.801Z] Checking: assets/nexo/items/nexo_armor/forest_helmet.json (isDirectory: false)
[2026-01-16T23:32:47.801Z] Found assets folder content
[2026-01-16T23:32:47.801Z] Checking: assets/nexo/items/nexo_tools/forest_axe.json (isDirectory: false)
[2026-01-16T23:32:47.801Z] Found assets folder content
[2026-01-16T23:32:47.801Z] Checking: assets/nexo/items/nexo_tools/forest_hoe.json (isDirectory: false)
[2026-01-16T23:32:47.802Z] Found assets folder content
[2026-01-16T23:32:47.802Z] Checking: assets/nexo/items/nexo_tools/forest_pickaxe.json (isDirectory: false)
[2026-01-16T23:32:47.802Z] Found assets folder content
[2026-01-16T23:32:47.802Z] Checking: assets/nexo/items/nexo_tools/forest_shield.json (isDirectory: false)
[2026-01-16T23:32:47.802Z] Found assets folder content
[2026-01-16T23:32:47.802Z] Checking: assets/nexo/items/nexo_tools/forest_shovel.json (isDirectory: false)
[2026-01-16T23:32:47.803Z] Found assets folder content
[2026-01-16T23:32:47.803Z] Checking: assets/nexo/items/nexo_tools/forest_sword.json (isDirectory: false)
[2026-01-16T23:32:47.803Z] Found assets folder content
[2026-01-16T23:32:47.803Z] Checking: assets/nexo/items/awnings/fabric_awning.json (isDirectory: false)
[2026-01-16T23:32:47.803Z] Found assets folder content
[2026-01-16T23:32:47.804Z] Checking: assets/nexo/items/awnings/tile_awning.json (isDirectory: false)
[2026-01-16T23:32:47.804Z] Found assets folder content
[2026-01-16T23:32:47.804Z] Checking: assets/nexo/items/awnings/wooden_awning.json (isDirectory: false)
[2026-01-16T23:32:47.804Z] Found assets folder content
[2026-01-16T23:32:47.804Z] Checking: assets/nexo/items/big_doors_and_gates/iron_bar_door.json (isDirectory: false)
[2026-01-16T23:32:47.804Z] Found assets folder content
[2026-01-16T23:32:47.805Z] Checking: assets/nexo/items/big_doors_and_gates/iron_bar_gate.json (isDirectory: false)
[2026-01-16T23:32:47.805Z] Found assets folder content
[2026-01-16T23:32:47.805Z] Checking: assets/nexo/items/big_doors_and_gates/iron_door.json (isDirectory: false)
[2026-01-16T23:32:47.805Z] Found assets folder content
[2026-01-16T23:32:47.805Z] Checking: assets/nexo/items/big_doors_and_gates/iron_gate.json (isDirectory: false)
[2026-01-16T23:32:47.806Z] Found assets folder content
[2026-01-16T23:32:47.806Z] Checking: assets/nexo/items/big_doors_and_gates/ironwood_door.json (isDirectory: false)
[2026-01-16T23:32:47.806Z] Found assets folder content
[2026-01-16T23:32:47.806Z] Checking: assets/nexo/items/big_doors_and_gates/ironwood_gate.json (isDirectory: false)
[2026-01-16T23:32:47.806Z] Found assets folder content
[2026-01-16T23:32:47.806Z] Checking: assets/nexo/items/big_doors_and_gates/wooden_door.json (isDirectory: false)
[2026-01-16T23:32:47.807Z] Found assets folder content
[2026-01-16T23:32:47.807Z] Checking: assets/nexo/items/big_doors_and_gates/wooden_gate.json (isDirectory: false)
[2026-01-16T23:32:47.807Z] Found assets folder content
[2026-01-16T23:32:47.807Z] Checking: assets/nexo/items/coffee_shop_furniture/coffee_shop_berry_rolls.json (isDirectory: false)
[2026-01-16T23:32:47.807Z] Found assets folder content
[2026-01-16T23:32:47.807Z] Checking: assets/nexo/items/coffee_shop_furniture/coffee_shop_cake.json (isDirectory: false)
[2026-01-16T23:32:47.808Z] Found assets folder content
[2026-01-16T23:32:47.808Z] Checking: assets/nexo/items/coffee_shop_furniture/coffee_shop_cake_cut.json (isDirectory: false)
[2026-01-16T23:32:47.808Z] Found assets folder content
[2026-01-16T23:32:47.808Z] Checking: assets/nexo/items/coffee_shop_furniture/coffee_shop_chair.json (isDirectory: false)
[2026-01-16T23:32:47.808Z] Found assets folder content
[2026-01-16T23:32:47.808Z] Checking: assets/nexo/items/coffee_shop_furniture/coffee_shop_coffee_beans.json (isDirectory: false)
[2026-01-16T23:32:47.809Z] Found assets folder content
[2026-01-16T23:32:47.809Z] Checking: assets/nexo/items/coffee_shop_furniture/coffee_shop_coffee_mug.json (isDirectory: false)
[2026-01-16T23:32:47.809Z] Found assets folder content
[2026-01-16T23:32:47.809Z] Checking: assets/nexo/items/coffee_shop_furniture/coffee_shop_counter.json (isDirectory: false)
[2026-01-16T23:32:47.809Z] Found assets folder content
[2026-01-16T23:32:47.810Z] Checking: assets/nexo/items/coffee_shop_furniture/coffee_shop_counter_corner.json (isDirectory: false)
[2026-01-16T23:32:47.810Z] Found assets folder content
[2026-01-16T23:32:47.810Z] Checking: assets/nexo/items/coffee_shop_furniture/coffee_shop_croissant.json (isDirectory: false)
[2026-01-16T23:32:47.810Z] Found assets folder content
[2026-01-16T23:32:47.810Z] Checking: assets/nexo/items/coffee_shop_furniture/coffee_shop_display_case.json (isDirectory: false)
[2026-01-16T23:32:47.811Z] Found assets folder content
[2026-01-16T23:32:47.811Z] Checking: assets/nexo/items/coffee_shop_furniture/coffee_shop_espresso_machine_green.json (isDirectory: false)
[2026-01-16T23:32:47.811Z] Found assets folder content
[2026-01-16T23:32:47.811Z] Checking: assets/nexo/items/coffee_shop_furniture/coffee_shop_espresso_machine_red.json (isDirectory: false)
[2026-01-16T23:32:47.811Z] Found assets folder content
[2026-01-16T23:32:47.811Z] Checking: assets/nexo/items/coffee_shop_furniture/coffee_shop_espresso_machine_white.json (isDirectory: false)
[2026-01-16T23:32:47.812Z] Found assets folder content
[2026-01-16T23:32:47.812Z] Checking: assets/nexo/items/coffee_shop_furniture/coffee_shop_hanging_bulb.json (isDirectory: false)
[2026-01-16T23:32:47.812Z] Found assets folder content
[2026-01-16T23:32:47.812Z] Checking: assets/nexo/items/coffee_shop_furniture/coffee_shop_hanging_bulb_off.json (isDirectory: false)
[2026-01-16T23:32:47.812Z] Found assets folder content
[2026-01-16T23:32:47.812Z] Checking: assets/nexo/items/coffee_shop_furniture/coffee_shop_matcha_rolls.json (isDirectory: false)
[2026-01-16T23:32:47.813Z] Found assets folder content
[2026-01-16T23:32:47.813Z] Checking: assets/nexo/items/coffee_shop_furniture/coffee_shop_prep_counter.json (isDirectory: false)
[2026-01-16T23:32:47.813Z] Found assets folder content
[2026-01-16T23:32:47.813Z] Checking: assets/nexo/items/coffee_shop_furniture/coffee_shop_register.json (isDirectory: false)
[2026-01-16T23:32:47.813Z] Found assets folder content
[2026-01-16T23:32:47.813Z] Checking: assets/nexo/items/coffee_shop_furniture/coffee_shop_standing_menu.json (isDirectory: false)
[2026-01-16T23:32:47.814Z] Found assets folder content
[2026-01-16T23:32:47.814Z] Checking: assets/nexo/items/coffee_shop_furniture/coffee_shop_stool.json (isDirectory: false)
[2026-01-16T23:32:47.814Z] Found assets folder content
[2026-01-16T23:32:47.814Z] Checking: assets/nexo/items/coffee_shop_furniture/coffee_shop_table.json (isDirectory: false)
[2026-01-16T23:32:47.814Z] Found assets folder content
[2026-01-16T23:32:47.814Z] Checking: assets/nexo/items/coffee_shop_furniture/coffee_shop_wall_menu.json (isDirectory: false)
[2026-01-16T23:32:47.815Z] Found assets folder content
[2026-01-16T23:32:47.815Z] Checking: assets/nexo/items/coffee_shop_furniture/coffee_shop_wall_shelf.json (isDirectory: false)
[2026-01-16T23:32:47.815Z] Found assets folder content
[2026-01-16T23:32:47.815Z] Checking: assets/nexo/items/carved_pumpkins/pumpkin.json (isDirectory: false)
[2026-01-16T23:32:47.815Z] Found assets folder content
[2026-01-16T23:32:47.815Z] Checking: assets/nexo/items/carved_pumpkins/pumpkin_creeper.json (isDirectory: false)
[2026-01-16T23:32:47.816Z] Found assets folder content
[2026-01-16T23:32:47.816Z] Checking: assets/nexo/items/carved_pumpkins/pumpkin_creeper_hat.json (isDirectory: false)
[2026-01-16T23:32:47.816Z] Found assets folder content
[2026-01-16T23:32:47.816Z] Checking: assets/nexo/items/carved_pumpkins/pumpkin_creeper_lit.json (isDirectory: false)
[2026-01-16T23:32:47.816Z] Found assets folder content
[2026-01-16T23:32:47.816Z] Checking: assets/nexo/items/carved_pumpkins/pumpkin_face_1.json (isDirectory: false)
[2026-01-16T23:32:47.817Z] Found assets folder content
[2026-01-16T23:32:47.817Z] Checking: assets/nexo/items/carved_pumpkins/pumpkin_face_1_hat.json (isDirectory: false)
[2026-01-16T23:32:47.817Z] Found assets folder content
[2026-01-16T23:32:47.817Z] Checking: assets/nexo/items/carved_pumpkins/pumpkin_face_1_lit.json (isDirectory: false)
[2026-01-16T23:32:47.817Z] Found assets folder content
[2026-01-16T23:32:47.818Z] Checking: assets/nexo/items/carved_pumpkins/pumpkin_face_2.json (isDirectory: false)
[2026-01-16T23:32:47.818Z] Found assets folder content
[2026-01-16T23:32:47.818Z] Checking: assets/nexo/items/carved_pumpkins/pumpkin_face_2_hat.json (isDirectory: false)
[2026-01-16T23:32:47.818Z] Found assets folder content
[2026-01-16T23:32:47.818Z] Checking: assets/nexo/items/carved_pumpkins/pumpkin_face_2_lit.json (isDirectory: false)
[2026-01-16T23:32:47.818Z] Found assets folder content
[2026-01-16T23:32:47.819Z] Checking: assets/nexo/items/carved_pumpkins/pumpkin_face_3.json (isDirectory: false)
[2026-01-16T23:32:47.819Z] Found assets folder content
[2026-01-16T23:32:47.819Z] Checking: assets/nexo/items/carved_pumpkins/pumpkin_face_3_hat.json (isDirectory: false)
[2026-01-16T23:32:47.819Z] Found assets folder content
[2026-01-16T23:32:47.819Z] Checking: assets/nexo/items/carved_pumpkins/pumpkin_face_3_lit.json (isDirectory: false)
[2026-01-16T23:32:47.819Z] Found assets folder content
[2026-01-16T23:32:47.820Z] Checking: assets/nexo/items/carved_pumpkins/pumpkin_heart.json (isDirectory: false)
[2026-01-16T23:32:47.820Z] Found assets folder content
[2026-01-16T23:32:47.820Z] Checking: assets/nexo/items/carved_pumpkins/pumpkin_heart_hat.json (isDirectory: false)
[2026-01-16T23:32:47.820Z] Found assets folder content
[2026-01-16T23:32:47.820Z] Checking: assets/nexo/items/carved_pumpkins/pumpkin_heart_lit.json (isDirectory: false)
[2026-01-16T23:32:47.820Z] Found assets folder content
[2026-01-16T23:32:47.821Z] Checking: assets/nexo/items/carved_pumpkins/pumpkin_pickaxe.json (isDirectory: false)
[2026-01-16T23:32:47.821Z] Found assets folder content
[2026-01-16T23:32:47.822Z] Checking: assets/nexo/items/carved_pumpkins/pumpkin_pickaxe_hat.json (isDirectory: false)
[2026-01-16T23:32:47.822Z] Found assets folder content
[2026-01-16T23:32:47.822Z] Checking: assets/nexo/items/carved_pumpkins/pumpkin_pickaxe_lit.json (isDirectory: false)
[2026-01-16T23:32:47.822Z] Found assets folder content
[2026-01-16T23:32:47.822Z] Checking: assets/nexo/items/city_street/bus_stop.json (isDirectory: false)
[2026-01-16T23:32:47.822Z] Found assets folder content
[2026-01-16T23:32:47.823Z] Checking: assets/nexo/items/city_street/concrete_barrier.json (isDirectory: false)
[2026-01-16T23:32:47.823Z] Found assets folder content
[2026-01-16T23:32:47.823Z] Checking: assets/nexo/items/city_street/construction_barrier.json (isDirectory: false)
[2026-01-16T23:32:47.823Z] Found assets folder content
[2026-01-16T23:32:47.823Z] Checking: assets/nexo/items/city_street/dumpster_gray.json (isDirectory: false)
[2026-01-16T23:32:47.824Z] Found assets folder content
[2026-01-16T23:32:47.824Z] Checking: assets/nexo/items/city_street/dumpster_green.json (isDirectory: false)
[2026-01-16T23:32:47.824Z] Found assets folder content
[2026-01-16T23:32:47.824Z] Checking: assets/nexo/items/city_street/hydrant_green.json (isDirectory: false)
[2026-01-16T23:32:47.824Z] Found assets folder content
[2026-01-16T23:32:47.824Z] Checking: assets/nexo/items/city_street/hydrant_red.json (isDirectory: false)
[2026-01-16T23:32:47.825Z] Found assets folder content
[2026-01-16T23:32:47.825Z] Checking: assets/nexo/items/city_street/hydrant_yellow.json (isDirectory: false)
[2026-01-16T23:32:47.825Z] Found assets folder content
[2026-01-16T23:32:47.825Z] Checking: assets/nexo/items/city_street/large_traffic_cone.json (isDirectory: false)
[2026-01-16T23:32:47.825Z] Found assets folder content
[2026-01-16T23:32:47.825Z] Checking: assets/nexo/items/city_street/metal_barrier.json (isDirectory: false)
[2026-01-16T23:32:47.826Z] Found assets folder content
[2026-01-16T23:32:47.826Z] Checking: assets/nexo/items/city_street/recycling_can_blue.json (isDirectory: false)
[2026-01-16T23:32:47.826Z] Found assets folder content
[2026-01-16T23:32:47.826Z] Checking: assets/nexo/items/city_street/recycling_can_green.json (isDirectory: false)
[2026-01-16T23:32:47.826Z] Found assets folder content
[2026-01-16T23:32:47.827Z] Checking: assets/nexo/items/city_street/sign_bus.json (isDirectory: false)
[2026-01-16T23:32:47.827Z] Found assets folder content
[2026-01-16T23:32:47.827Z] Checking: assets/nexo/items/city_street/sign_limit_25.json (isDirectory: false)
[2026-01-16T23:32:47.827Z] Found assets folder content
[2026-01-16T23:32:47.827Z] Checking: assets/nexo/items/city_street/sign_limit_50.json (isDirectory: false)
[2026-01-16T23:32:47.827Z] Found assets folder content
[2026-01-16T23:32:47.828Z] Checking: assets/nexo/items/city_street/sign_parking.json (isDirectory: false)
[2026-01-16T23:32:47.828Z] Found assets folder content
[2026-01-16T23:32:47.828Z] Checking: assets/nexo/items/city_street/sign_stop.json (isDirectory: false)
[2026-01-16T23:32:47.828Z] Found assets folder content
[2026-01-16T23:32:47.828Z] Checking: assets/nexo/items/city_street/sign_two_way.json (isDirectory: false)
[2026-01-16T23:32:47.829Z] Found assets folder content
[2026-01-16T23:32:47.829Z] Checking: assets/nexo/items/city_street/traffic_cone.json (isDirectory: false)
[2026-01-16T23:32:47.829Z] Found assets folder content
[2026-01-16T23:32:47.829Z] Checking: assets/nexo/items/city_street/traffic_light_1.json (isDirectory: false)
[2026-01-16T23:32:47.829Z] Found assets folder content
[2026-01-16T23:32:47.829Z] Checking: assets/nexo/items/city_street/traffic_light_1_alternate.json (isDirectory: false)
[2026-01-16T23:32:47.830Z] Found assets folder content
[2026-01-16T23:32:47.830Z] Checking: assets/nexo/items/city_street/traffic_light_2.json (isDirectory: false)
[2026-01-16T23:32:47.830Z] Found assets folder content
[2026-01-16T23:32:47.830Z] Checking: assets/nexo/items/city_street/traffic_light_2_alternate.json (isDirectory: false)
[2026-01-16T23:32:47.830Z] Found assets folder content
[2026-01-16T23:32:47.831Z] Checking: assets/nexo/items/city_street/traffic_light_3.json (isDirectory: false)
[2026-01-16T23:32:47.831Z] Found assets folder content
[2026-01-16T23:32:47.831Z] Checking: assets/nexo/items/city_street/traffic_light_3_alternate.json (isDirectory: false)
[2026-01-16T23:32:47.831Z] Found assets folder content
[2026-01-16T23:32:47.831Z] Checking: assets/nexo/items/city_street/trash_can.json (isDirectory: false)
[2026-01-16T23:32:47.831Z] Found assets folder content
[2026-01-16T23:32:47.832Z] Checking: assets/nexo/items/crates_and_keys/crate_1.json (isDirectory: false)
[2026-01-16T23:32:47.832Z] Found assets folder content
[2026-01-16T23:32:47.832Z] Checking: assets/nexo/items/crates_and_keys/crate_2.json (isDirectory: false)
[2026-01-16T23:32:47.832Z] Found assets folder content
[2026-01-16T23:32:47.832Z] Checking: assets/nexo/items/crates_and_keys/crate_3.json (isDirectory: false)
[2026-01-16T23:32:47.832Z] Found assets folder content
[2026-01-16T23:32:47.833Z] Checking: assets/nexo/items/crates_and_keys/crate_4.json (isDirectory: false)
[2026-01-16T23:32:47.833Z] Found assets folder content
[2026-01-16T23:32:47.833Z] Checking: assets/nexo/items/crates_and_keys/crate_5.json (isDirectory: false)
[2026-01-16T23:32:47.833Z] Found assets folder content
[2026-01-16T23:32:47.833Z] Checking: assets/nexo/items/crates_and_keys/crate_6.json (isDirectory: false)
[2026-01-16T23:32:47.833Z] Found assets folder content
[2026-01-16T23:32:47.834Z] Checking: assets/nexo/items/crates_and_keys/key_1.json (isDirectory: false)
[2026-01-16T23:32:47.834Z] Found assets folder content
[2026-01-16T23:32:47.834Z] Checking: assets/nexo/items/crates_and_keys/key_2.json (isDirectory: false)
[2026-01-16T23:32:47.834Z] Found assets folder content
[2026-01-16T23:32:47.835Z] Checking: assets/nexo/items/crates_and_keys/key_3.json (isDirectory: false)
[2026-01-16T23:32:47.835Z] Found assets folder content
[2026-01-16T23:32:47.835Z] Checking: assets/nexo/items/crates_and_keys/key_4.json (isDirectory: false)
[2026-01-16T23:32:47.835Z] Found assets folder content
[2026-01-16T23:32:47.836Z] Checking: assets/nexo/items/crates_and_keys/key_5.json (isDirectory: false)
[2026-01-16T23:32:47.836Z] Found assets folder content
[2026-01-16T23:32:47.836Z] Checking: assets/nexo/items/crates_and_keys/key_6.json (isDirectory: false)
[2026-01-16T23:32:47.836Z] Found assets folder content
[2026-01-16T23:32:47.836Z] Checking: assets/nexo/items/graveyard/graveyard_lamp_post.json (isDirectory: false)
[2026-01-16T23:32:47.837Z] Found assets folder content
[2026-01-16T23:32:47.837Z] Checking: assets/nexo/items/graveyard/graveyard_soul_lamp_post.json (isDirectory: false)
[2026-01-16T23:32:47.837Z] Found assets folder content
[2026-01-16T23:32:47.837Z] Checking: assets/nexo/items/graveyard/large_tombstone_1.json (isDirectory: false)
[2026-01-16T23:32:47.837Z] Found assets folder content
[2026-01-16T23:32:47.837Z] Checking: assets/nexo/items/graveyard/medium_tombstone_1.json (isDirectory: false)
[2026-01-16T23:32:47.838Z] Found assets folder content
[2026-01-16T23:32:47.838Z] Checking: assets/nexo/items/graveyard/medium_tombstone_2.json (isDirectory: false)
[2026-01-16T23:32:47.838Z] Found assets folder content
[2026-01-16T23:32:47.838Z] Checking: assets/nexo/items/graveyard/old_lantern.json (isDirectory: false)
[2026-01-16T23:32:47.838Z] Found assets folder content
[2026-01-16T23:32:47.838Z] Checking: assets/nexo/items/graveyard/old_soul_lantern.json (isDirectory: false)
[2026-01-16T23:32:47.839Z] Found assets folder content
[2026-01-16T23:32:47.839Z] Checking: assets/nexo/items/graveyard/small_tombstone_1.json (isDirectory: false)
[2026-01-16T23:32:47.839Z] Found assets folder content
[2026-01-16T23:32:47.839Z] Checking: assets/nexo/items/graveyard/small_tombstone_2.json (isDirectory: false)
[2026-01-16T23:32:47.839Z] Found assets folder content
[2026-01-16T23:32:47.839Z] Checking: assets/nexo/items/graveyard/small_tombstone_3.json (isDirectory: false)
[2026-01-16T23:32:47.840Z] Found assets folder content
[2026-01-16T23:32:47.840Z] Checking: assets/nexo/items/graveyard/tomb_open.json (isDirectory: false)
[2026-01-16T23:32:47.840Z] Found assets folder content
[2026-01-16T23:32:47.840Z] Checking: assets/nexo/items/graveyard/tomb_sealed.json (isDirectory: false)
[2026-01-16T23:32:47.840Z] Found assets folder content
[2026-01-16T23:32:47.840Z] Checking: assets/nexo/items/modern_kitchen/modern_kitchen_apple_bowl.json (isDirectory: false)
[2026-01-16T23:32:47.841Z] Found assets folder content
[2026-01-16T23:32:47.841Z] Checking: assets/nexo/items/modern_kitchen/modern_kitchen_backsplash_green.json (isDirectory: false)
[2026-01-16T23:32:47.841Z] Found assets folder content
[2026-01-16T23:32:47.841Z] Checking: assets/nexo/items/modern_kitchen/modern_kitchen_backsplash_white.json (isDirectory: false)
[2026-01-16T23:32:47.841Z] Found assets folder content
[2026-01-16T23:32:47.841Z] Checking: assets/nexo/items/modern_kitchen/modern_kitchen_cabinet_1.json (isDirectory: false)
[2026-01-16T23:32:47.842Z] Found assets folder content
[2026-01-16T23:32:47.842Z] Checking: assets/nexo/items/modern_kitchen/modern_kitchen_cabinet_2.json (isDirectory: false)
[2026-01-16T23:32:47.842Z] Found assets folder content
[2026-01-16T23:32:47.842Z] Checking: assets/nexo/items/modern_kitchen/modern_kitchen_counter.json (isDirectory: false)
[2026-01-16T23:32:47.842Z] Found assets folder content
[2026-01-16T23:32:47.843Z] Checking: assets/nexo/items/modern_kitchen/modern_kitchen_dish_rack.json (isDirectory: false)
[2026-01-16T23:32:47.843Z] Found assets folder content
[2026-01-16T23:32:47.843Z] Checking: assets/nexo/items/modern_kitchen/modern_kitchen_exhaust_hood.json (isDirectory: false)
[2026-01-16T23:32:47.843Z] Found assets folder content
[2026-01-16T23:32:47.844Z] Checking: assets/nexo/items/modern_kitchen/modern_kitchen_fridge_green.json (isDirectory: false)
[2026-01-16T23:32:47.844Z] Found assets folder content
[2026-01-16T23:32:47.844Z] Checking: assets/nexo/items/modern_kitchen/modern_kitchen_fridge_silver.json (isDirectory: false)
[2026-01-16T23:32:47.844Z] Found assets folder content
[2026-01-16T23:32:47.844Z] Checking: assets/nexo/items/modern_kitchen/modern_kitchen_hanging_lamp.json (isDirectory: false)
[2026-01-16T23:32:47.844Z] Found assets folder content
[2026-01-16T23:32:47.844Z] Checking: assets/nexo/items/modern_kitchen/modern_kitchen_hanging_lamp_off.json (isDirectory: false)
[2026-01-16T23:32:47.845Z] Found assets folder content
[2026-01-16T23:32:47.845Z] Checking: assets/nexo/items/modern_kitchen/modern_kitchen_island.json (isDirectory: false)
[2026-01-16T23:32:47.845Z] Found assets folder content
[2026-01-16T23:32:47.845Z] Checking: assets/nexo/items/modern_kitchen/modern_kitchen_island_stove.json (isDirectory: false)
[2026-01-16T23:32:47.845Z] Found assets folder content
[2026-01-16T23:32:47.845Z] Checking: assets/nexo/items/modern_kitchen/modern_kitchen_microwave_green.json (isDirectory: false)
[2026-01-16T23:32:47.846Z] Found assets folder content
[2026-01-16T23:32:47.846Z] Checking: assets/nexo/items/modern_kitchen/modern_kitchen_microwave_silver.json (isDirectory: false)
[2026-01-16T23:32:47.846Z] Found assets folder content
[2026-01-16T23:32:47.846Z] Checking: assets/nexo/items/modern_kitchen/modern_kitchen_sink.json (isDirectory: false)
[2026-01-16T23:32:47.847Z] Found assets folder content
[2026-01-16T23:32:47.847Z] Checking: assets/nexo/items/modern_kitchen/modern_kitchen_stove_green.json (isDirectory: false)
[2026-01-16T23:32:47.847Z] Found assets folder content
[2026-01-16T23:32:47.847Z] Checking: assets/nexo/items/modern_kitchen/modern_kitchen_stove_silver.json (isDirectory: false)
[2026-01-16T23:32:47.847Z] Found assets folder content
[2026-01-16T23:32:47.847Z] Checking: assets/nexo/items/modern_kitchen/modern_kitchen_toaster_green.json (isDirectory: false)
[2026-01-16T23:32:47.848Z] Found assets folder content
[2026-01-16T23:32:47.848Z] Checking: assets/nexo/items/modern_kitchen/modern_kitchen_toaster_silver.json (isDirectory: false)
[2026-01-16T23:32:47.848Z] Found assets folder content
[2026-01-16T23:32:47.848Z] Checking: assets/nexo/items/modern_kitchen/modern_kitchen_trash_can_green.json (isDirectory: false)
[2026-01-16T23:32:47.848Z] Found assets folder content
[2026-01-16T23:32:47.849Z] Checking: assets/nexo/items/modern_kitchen/modern_kitchen_trash_can_silver.json (isDirectory: false)
[2026-01-16T23:32:47.849Z] Found assets folder content
[2026-01-16T23:32:47.849Z] Checking: assets/nexo/items/quest_boards_v2/large_quest_board.json (isDirectory: false)
[2026-01-16T23:32:47.849Z] Found assets folder content
[2026-01-16T23:32:47.849Z] Checking: assets/nexo/items/quest_boards_v2/medium_quest_board.json (isDirectory: false)
[2026-01-16T23:32:47.849Z] Found assets folder content
[2026-01-16T23:32:47.850Z] Checking: assets/nexo/items/quest_boards_v2/small_quest_board.json (isDirectory: false)
[2026-01-16T23:32:47.850Z] Found assets folder content
[2026-01-16T23:32:47.850Z] Checking: assets/nexo/items/spider_decor/corner_web_2x2.json (isDirectory: false)
[2026-01-16T23:32:47.850Z] Found assets folder content
[2026-01-16T23:32:47.850Z] Checking: assets/nexo/items/spider_decor/corner_web_2x3.json (isDirectory: false)
[2026-01-16T23:32:47.851Z] Found assets folder content
[2026-01-16T23:32:47.851Z] Checking: assets/nexo/items/spider_decor/corner_web_3x2.json (isDirectory: false)
[2026-01-16T23:32:47.851Z] Found assets folder content
[2026-01-16T23:32:47.851Z] Checking: assets/nexo/items/spider_decor/egg_sack_medium.json (isDirectory: false)
[2026-01-16T23:32:47.851Z] Found assets folder content
[2026-01-16T23:32:47.852Z] Checking: assets/nexo/items/spider_decor/egg_sack_small.json (isDirectory: false)
[2026-01-16T23:32:47.852Z] Found assets folder content
[2026-01-16T23:32:47.852Z] Checking: assets/nexo/items/spider_decor/hanging_web_1x1.json (isDirectory: false)
[2026-01-16T23:32:47.852Z] Found assets folder content
[2026-01-16T23:32:47.852Z] Checking: assets/nexo/items/spider_decor/hanging_web_1x2.json (isDirectory: false)
[2026-01-16T23:32:47.853Z] Found assets folder content
[2026-01-16T23:32:47.853Z] Checking: assets/nexo/items/spider_decor/hanging_web_2x2.json (isDirectory: false)
[2026-01-16T23:32:47.853Z] Found assets folder content
[2026-01-16T23:32:47.853Z] Checking: assets/nexo/items/spider_decor/hanging_web_3x2.json (isDirectory: false)
[2026-01-16T23:32:47.854Z] Found assets folder content
[2026-01-16T23:32:47.854Z] Checking: assets/nexo/items/spider_decor/spider_hole_large.json (isDirectory: false)
[2026-01-16T23:32:47.854Z] Found assets folder content
[2026-01-16T23:32:47.854Z] Checking: assets/nexo/items/spider_decor/spider_hole_small.json (isDirectory: false)
[2026-01-16T23:32:47.854Z] Found assets folder content
[2026-01-16T23:32:47.855Z] Checking: assets/nexo/items/spider_decor/web_wrapped_player_floor.json (isDirectory: false)
[2026-01-16T23:32:47.855Z] Found assets folder content
[2026-01-16T23:32:47.855Z] Checking: assets/nexo/items/spider_decor/web_wrapped_player_hanging.json (isDirectory: false)
[2026-01-16T23:32:47.855Z] Found assets folder content
[2026-01-16T23:32:47.855Z] Checking: assets/nexo/items/spider_decor/web_wrapped_player_standing.json (isDirectory: false)
[2026-01-16T23:32:47.856Z] Found assets folder content
[2026-01-16T23:32:47.856Z] Checking: assets/nexo/items/spider_decor/web_wrapped_player_wall.json (isDirectory: false)
[2026-01-16T23:32:47.856Z] Found assets folder content
[2026-01-16T23:32:47.856Z] Checking: assets/nexo/items/vanilla_tools/shields/copper_shield.json (isDirectory: false)
[2026-01-16T23:32:47.856Z] Found assets folder content
[2026-01-16T23:32:47.857Z] Checking: assets/nexo/items/vanilla_tools/shields/diamond_shield.json (isDirectory: false)
[2026-01-16T23:32:47.857Z] Found assets folder content
[2026-01-16T23:32:47.857Z] Checking: assets/nexo/items/vanilla_tools/shields/golden_shield.json (isDirectory: false)
[2026-01-16T23:32:47.857Z] Found assets folder content
[2026-01-16T23:32:47.857Z] Checking: assets/nexo/items/vanilla_tools/shields/iron_shield.json (isDirectory: false)
[2026-01-16T23:32:47.857Z] Found assets folder content
[2026-01-16T23:32:47.858Z] Checking: assets/nexo/items/vanilla_tools/shields/netherite_shield.json (isDirectory: false)
[2026-01-16T23:32:47.858Z] Found assets folder content
[2026-01-16T23:32:47.858Z] Checking: assets/nexo/items/vanilla_tools/shields/stone_shield.json (isDirectory: false)
[2026-01-16T23:32:47.858Z] Found assets folder content
[2026-01-16T23:32:47.858Z] Checking: assets/nexo/items/vanilla_tools/shields/wooden_shield.json (isDirectory: false)
[2026-01-16T23:32:47.859Z] Found assets folder content
[2026-01-16T23:32:47.859Z] Checking: assets/minecraft/items/workshop_six/more_fences/log_fence.json (isDirectory: false)
[2026-01-16T23:32:47.859Z] Found assets folder content
[2026-01-16T23:32:47.859Z] Checking: assets/minecraft/items/workshop_six/more_fences/log_fence_inner.json (isDirectory: false)
[2026-01-16T23:32:47.859Z] Found assets folder content
[2026-01-16T23:32:47.859Z] Checking: assets/minecraft/items/workshop_six/more_fences/log_fence_left.json (isDirectory: false)
[2026-01-16T23:32:47.860Z] Found assets folder content
[2026-01-16T23:32:47.860Z] Checking: assets/minecraft/items/workshop_six/more_fences/log_fence_outer.json (isDirectory: false)
[2026-01-16T23:32:47.860Z] Found assets folder content
[2026-01-16T23:32:47.860Z] Checking: assets/minecraft/items/workshop_six/more_fences/log_fence_right.json (isDirectory: false)
[2026-01-16T23:32:47.860Z] Found assets folder content
[2026-01-16T23:32:47.861Z] Checking: assets/minecraft/items/workshop_six/more_fences/log_fence_straight.json (isDirectory: false)
[2026-01-16T23:32:47.861Z] Found assets folder content
[2026-01-16T23:32:47.861Z] Checking: assets/minecraft/items/workshop_six/more_fences/rope_fence.json (isDirectory: false)
[2026-01-16T23:32:47.861Z] Found assets folder content
[2026-01-16T23:32:47.861Z] Checking: assets/minecraft/items/workshop_six/more_fences/rope_fence_inner.json (isDirectory: false)
[2026-01-16T23:32:47.861Z] Found assets folder content
[2026-01-16T23:32:47.862Z] Checking: assets/minecraft/items/workshop_six/more_fences/rope_fence_left.json (isDirectory: false)
[2026-01-16T23:32:47.862Z] Found assets folder content
[2026-01-16T23:32:47.862Z] Checking: assets/minecraft/items/workshop_six/more_fences/rope_fence_outer.json (isDirectory: false)
[2026-01-16T23:32:47.862Z] Found assets folder content
[2026-01-16T23:32:47.862Z] Checking: assets/minecraft/items/workshop_six/more_fences/rope_fence_right.json (isDirectory: false)
[2026-01-16T23:32:47.863Z] Found assets folder content
[2026-01-16T23:32:47.863Z] Checking: assets/minecraft/items/workshop_six/more_fences/rope_fence_straight.json (isDirectory: false)
[2026-01-16T23:32:47.863Z] Found assets folder content
[2026-01-16T23:32:47.863Z] Checking: assets/minecraft/items/workshop_six/more_fences/stone_fence.json (isDirectory: false)
[2026-01-16T23:32:47.864Z] Found assets folder content
[2026-01-16T23:32:47.864Z] Checking: assets/minecraft/items/workshop_six/more_fences/stone_fence_inner.json (isDirectory: false)
[2026-01-16T23:32:47.864Z] Found assets folder content
[2026-01-16T23:32:47.864Z] Checking: assets/minecraft/items/workshop_six/more_fences/stone_fence_left.json (isDirectory: false)
[2026-01-16T23:32:47.864Z] Found assets folder content
[2026-01-16T23:32:47.865Z] Checking: assets/minecraft/items/workshop_six/more_fences/stone_fence_outer.json (isDirectory: false)
[2026-01-16T23:32:47.865Z] Found assets folder content
[2026-01-16T23:32:47.865Z] Checking: assets/minecraft/items/workshop_six/more_fences/stone_fence_right.json (isDirectory: false)
[2026-01-16T23:32:47.865Z] Found assets folder content
[2026-01-16T23:32:47.866Z] Checking: assets/minecraft/items/workshop_six/more_fences/stone_fence_straight.json (isDirectory: false)
[2026-01-16T23:32:47.866Z] Found assets folder content
[2026-01-16T23:32:47.866Z] Checking: assets/nexo/items/arm_chair.json (isDirectory: false)
[2026-01-16T23:32:47.866Z] Found assets folder content
[2026-01-16T23:32:47.867Z] Checking: assets/nexo/items/coffee_table.json (isDirectory: false)
[2026-01-16T23:32:47.867Z] Found assets folder content
[2026-01-16T23:32:47.867Z] Checking: assets/nexo/items/sofa.json (isDirectory: false)
[2026-01-16T23:32:47.867Z] Found assets folder content
[2026-01-16T23:32:47.867Z] Checking: assets/nexo/items/table_lamp.json (isDirectory: false)
[2026-01-16T23:32:47.868Z] Found assets folder content
[2026-01-16T23:32:47.868Z] Checking: assets/nexo/items/double_bed.json (isDirectory: false)
[2026-01-16T23:32:47.868Z] Found assets folder content
[2026-01-16T23:32:47.868Z] Checking: assets/nexo/items/tent_1.json (isDirectory: false)
[2026-01-16T23:32:47.868Z] Found assets folder content
[2026-01-16T23:32:47.869Z] Checking: assets/nexo/items/tent_2.json (isDirectory: false)
[2026-01-16T23:32:47.869Z] Found assets folder content
[2026-01-16T23:32:47.869Z] Checking: assets/nexo/items/forest_wolf_armor.json (isDirectory: false)
[2026-01-16T23:32:47.870Z] Found assets folder content
[2026-01-16T23:32:47.870Z] Checking: assets/nexo/items/forest_shield.json (isDirectory: false)
[2026-01-16T23:32:47.870Z] Found assets folder content
[2026-01-16T23:32:47.870Z] Checking: assets/nexo/items/streetlamp_wall_banner.json (isDirectory: false)
[2026-01-16T23:32:47.870Z] Found assets folder content
[2026-01-16T23:32:47.871Z] Checking: assets/nexo/items/streetlamp_banners.json (isDirectory: false)
[2026-01-16T23:32:47.871Z] Found assets folder content
[2026-01-16T23:32:47.871Z] Checking: assets/minecraft/items/crossbow.json (isDirectory: false)
[2026-01-16T23:32:47.871Z] Found assets folder content
[2026-01-16T23:32:47.871Z] Checking: assets/minecraft/items/paper.json (isDirectory: false)
[2026-01-16T23:32:47.871Z] Found assets folder content
[2026-01-16T23:32:47.872Z] Checking: assets/minecraft/items/chainmail_helmet.json (isDirectory: false)
[2026-01-16T23:32:47.872Z] Found assets folder content
[2026-01-16T23:32:47.872Z] Checking: assets/minecraft/items/chainmail_chestplate.json (isDirectory: false)
[2026-01-16T23:32:47.873Z] Found assets folder content
[2026-01-16T23:32:47.873Z] Checking: assets/minecraft/items/chainmail_leggings.json (isDirectory: false)
[2026-01-16T23:32:47.873Z] Found assets folder content
[2026-01-16T23:32:47.873Z] Checking: assets/minecraft/items/chainmail_boots.json (isDirectory: false)
[2026-01-16T23:32:47.873Z] Found assets folder content
[2026-01-16T23:32:47.874Z] Checking: assets/minecraft/items/elytra.json (isDirectory: false)
[2026-01-16T23:32:47.874Z] Found assets folder content
[2026-01-16T23:32:47.874Z] Checking: assets/minecraft/items/wolf_armor.json (isDirectory: false)
[2026-01-16T23:32:47.874Z] Found assets folder content
[2026-01-16T23:32:47.874Z] Checking: assets/minecraft/items/diamond_horse_armor.json (isDirectory: false)
[2026-01-16T23:32:47.874Z] Found assets folder content
[2026-01-16T23:32:47.875Z] Checking: assets/minecraft/items/netherite_axe.json (isDirectory: false)
[2026-01-16T23:32:47.875Z] Found assets folder content
[2026-01-16T23:32:47.875Z] Checking: assets/minecraft/items/netherite_hoe.json (isDirectory: false)
[2026-01-16T23:32:47.875Z] Found assets folder content
[2026-01-16T23:32:47.875Z] Checking: assets/minecraft/items/netherite_pickaxe.json (isDirectory: false)
[2026-01-16T23:32:47.875Z] Found assets folder content
[2026-01-16T23:32:47.876Z] Checking: assets/minecraft/items/netherite_shovel.json (isDirectory: false)
[2026-01-16T23:32:47.876Z] Found assets folder content
[2026-01-16T23:32:47.876Z] Checking: assets/minecraft/items/netherite_sword.json (isDirectory: false)
[2026-01-16T23:32:47.876Z] Found assets folder content
[2026-01-16T23:32:47.876Z] Checking: assets/minecraft/items/shield.json (isDirectory: false)
[2026-01-16T23:32:47.877Z] Found assets folder content
[2026-01-16T23:32:47.877Z] Checking: assets/minecraft/items/leather_horse_armor.json (isDirectory: false)
[2026-01-16T23:32:47.877Z] Found assets folder content
[2026-01-16T23:32:47.877Z] Checking: assets/nexo/sounds.json (isDirectory: false)
[2026-01-16T23:32:47.877Z] Found assets folder content
[2026-01-16T23:32:47.877Z] Checking: assets/minecraft/sounds.json (isDirectory: false)
[2026-01-16T23:32:47.878Z] Found assets folder content
[2026-01-16T23:32:47.878Z] Checking: assets/carpentry/sounds.json (isDirectory: false)
[2026-01-16T23:32:47.878Z] Found assets folder content
[2026-01-16T23:32:47.878Z] Checking: assets/minecraft/textures/required/arrow_next_icon.png (isDirectory: false)
[2026-01-16T23:32:47.879Z] Found assets folder content
[2026-01-16T23:32:47.879Z] Validating image: assets/minecraft/textures/required/arrow_next_icon.png
[2026-01-16T23:32:47.879Z] Checking: assets/minecraft/textures/required/arrow_previous_icon.png (isDirectory: false)
[2026-01-16T23:32:47.880Z] Found assets folder content
[2026-01-16T23:32:47.880Z] Validating image: assets/minecraft/textures/required/arrow_previous_icon.png
[2026-01-16T23:32:47.880Z] Checking: assets/minecraft/textures/required/cancel_icon.png (isDirectory: false)
[2026-01-16T23:32:47.880Z] Found assets folder content
[2026-01-16T23:32:47.880Z] Validating image: assets/minecraft/textures/required/cancel_icon.png
[2026-01-16T23:32:47.881Z] Checking: assets/minecraft/textures/required/directory_icon.png (isDirectory: false)
[2026-01-16T23:32:47.881Z] Found assets folder content
[2026-01-16T23:32:47.881Z] Validating image: assets/minecraft/textures/required/directory_icon.png
[2026-01-16T23:32:47.881Z] Checking: assets/minecraft/textures/required/exit_icon.png (isDirectory: false)
[2026-01-16T23:32:47.881Z] Found assets folder content
[2026-01-16T23:32:47.882Z] Validating image: assets/minecraft/textures/required/exit_icon.png
[2026-01-16T23:32:47.882Z] Checking: assets/minecraft/textures/required/next_page_icon.png (isDirectory: false)
[2026-01-16T23:32:47.882Z] Found assets folder content
[2026-01-16T23:32:47.882Z] Validating image: assets/minecraft/textures/required/next_page_icon.png
[2026-01-16T23:32:47.882Z] Checking: assets/minecraft/textures/required/previous_page_icon.png (isDirectory: false)
[2026-01-16T23:32:47.883Z] Found assets folder content
[2026-01-16T23:32:47.883Z] Validating image: assets/minecraft/textures/required/previous_page_icon.png
[2026-01-16T23:32:47.883Z] Checking: assets/minecraft/textures/required/ui/brewing_stand_recipe_builder.png (isDirectory: false)
[2026-01-16T23:32:47.883Z] Found assets folder content
[2026-01-16T23:32:47.884Z] Validating image: assets/minecraft/textures/required/ui/brewing_stand_recipe_builder.png
[2026-01-16T23:32:47.884Z] Checking: assets/minecraft/textures/required/ui/menu_items.png (isDirectory: false)
[2026-01-16T23:32:47.884Z] Found assets folder content
[2026-01-16T23:32:47.884Z] Validating image: assets/minecraft/textures/required/ui/menu_items.png
[2026-01-16T23:32:47.884Z] Checking: assets/minecraft/textures/required/ui/menu_items_search.png (isDirectory: false)
[2026-01-16T23:32:47.885Z] Found assets folder content
[2026-01-16T23:32:47.885Z] Validating image: assets/minecraft/textures/required/ui/menu_items_search.png
[2026-01-16T23:32:47.885Z] Checking: assets/nexo/textures/item/nexo_armor/forest_armor_layer_1.png (isDirectory: false)
[2026-01-16T23:32:47.885Z] Found assets folder content
[2026-01-16T23:32:47.886Z] Validating image: assets/nexo/textures/item/nexo_armor/forest_armor_layer_1.png
[2026-01-16T23:32:47.886Z] Checking: assets/nexo/textures/item/nexo_armor/forest_armor_layer_2.png (isDirectory: false)
[2026-01-16T23:32:47.886Z] Found assets folder content
[2026-01-16T23:32:47.886Z] Validating image: assets/nexo/textures/item/nexo_armor/forest_armor_layer_2.png
[2026-01-16T23:32:47.886Z] Checking: assets/nexo/textures/item/nexo_armor/forest_boots.png (isDirectory: false)
[2026-01-16T23:32:47.886Z] Found assets folder content
[2026-01-16T23:32:47.886Z] Validating image: assets/nexo/textures/item/nexo_armor/forest_boots.png
[2026-01-16T23:32:47.887Z] Checking: assets/nexo/textures/item/nexo_armor/forest_chestplate.png (isDirectory: false)
[2026-01-16T23:32:47.887Z] Found assets folder content
[2026-01-16T23:32:47.887Z] Validating image: assets/nexo/textures/item/nexo_armor/forest_chestplate.png
[2026-01-16T23:32:47.887Z] Checking: assets/nexo/textures/item/nexo_armor/forest_elytra.png (isDirectory: false)
[2026-01-16T23:32:47.887Z] Found assets folder content
[2026-01-16T23:32:47.887Z] Validating image: assets/nexo/textures/item/nexo_armor/forest_elytra.png
[2026-01-16T23:32:47.888Z] Checking: assets/nexo/textures/item/nexo_armor/forest_elytra_icon.png (isDirectory: false)
[2026-01-16T23:32:47.888Z] Found assets folder content
[2026-01-16T23:32:47.888Z] Validating image: assets/nexo/textures/item/nexo_armor/forest_elytra_icon.png
[2026-01-16T23:32:47.888Z] Checking: assets/nexo/textures/item/nexo_armor/forest_helmet.png (isDirectory: false)
[2026-01-16T23:32:47.888Z] Found assets folder content
[2026-01-16T23:32:47.888Z] Validating image: assets/nexo/textures/item/nexo_armor/forest_helmet.png
[2026-01-16T23:32:47.889Z] Checking: assets/nexo/textures/item/nexo_armor/forest_horse_armor.png (isDirectory: false)
[2026-01-16T23:32:47.889Z] Found assets folder content
[2026-01-16T23:32:47.889Z] Validating image: assets/nexo/textures/item/nexo_armor/forest_horse_armor.png
[2026-01-16T23:32:47.889Z] Checking: assets/nexo/textures/item/nexo_armor/forest_horse_armor_icon.png (isDirectory: false)
[2026-01-16T23:32:47.889Z] Found assets folder content
[2026-01-16T23:32:47.890Z] Validating image: assets/nexo/textures/item/nexo_armor/forest_horse_armor_icon.png
[2026-01-16T23:32:47.890Z] Checking: assets/nexo/textures/item/nexo_armor/forest_leggings.png (isDirectory: false)
[2026-01-16T23:32:47.890Z] Found assets folder content
[2026-01-16T23:32:47.890Z] Validating image: assets/nexo/textures/item/nexo_armor/forest_leggings.png
[2026-01-16T23:32:47.890Z] Checking: assets/nexo/textures/item/nexo_armor/forest_llama_armor.png (isDirectory: false)
[2026-01-16T23:32:47.890Z] Found assets folder content
[2026-01-16T23:32:47.891Z] Validating image: assets/nexo/textures/item/nexo_armor/forest_llama_armor.png
[2026-01-16T23:32:47.891Z] Checking: assets/nexo/textures/item/nexo_armor/forest_llama_armor_icon.png (isDirectory: false)
[2026-01-16T23:32:47.891Z] Found assets folder content
[2026-01-16T23:32:47.891Z] Validating image: assets/nexo/textures/item/nexo_armor/forest_llama_armor_icon.png
[2026-01-16T23:32:47.891Z] Checking: assets/nexo/textures/item/nexo_armor/forest_wolf_armor.png (isDirectory: false)
[2026-01-16T23:32:47.892Z] Found assets folder content
[2026-01-16T23:32:47.892Z] Validating image: assets/nexo/textures/item/nexo_armor/forest_wolf_armor.png
[2026-01-16T23:32:47.892Z] Checking: assets/nexo/textures/item/nexo_armor/forest_wolf_armor_icon.png (isDirectory: false)
[2026-01-16T23:32:47.892Z] Found assets folder content
[2026-01-16T23:32:47.892Z] Validating image: assets/nexo/textures/item/nexo_armor/forest_wolf_armor_icon.png
[2026-01-16T23:32:47.892Z] Checking: assets/nexo/textures/item/nexo_furniture/arm_chair.png (isDirectory: false)
[2026-01-16T23:32:47.893Z] Found assets folder content
[2026-01-16T23:32:47.893Z] Validating image: assets/nexo/textures/item/nexo_furniture/arm_chair.png
[2026-01-16T23:32:47.893Z] Checking: assets/nexo/textures/item/nexo_furniture/arm_chair_dyeable.png (isDirectory: false)
[2026-01-16T23:32:47.893Z] Found assets folder content
[2026-01-16T23:32:47.893Z] Validating image: assets/nexo/textures/item/nexo_furniture/arm_chair_dyeable.png
[2026-01-16T23:32:47.893Z] Checking: assets/nexo/textures/item/nexo_furniture/coffee_table.png (isDirectory: false)
[2026-01-16T23:32:47.893Z] Found assets folder content
[2026-01-16T23:32:47.894Z] Validating image: assets/nexo/textures/item/nexo_furniture/coffee_table.png
[2026-01-16T23:32:47.894Z] Checking: assets/nexo/textures/item/nexo_furniture/coffee_table_dyeable.png (isDirectory: false)
[2026-01-16T23:32:47.894Z] Found assets folder content
[2026-01-16T23:32:47.894Z] Validating image: assets/nexo/textures/item/nexo_furniture/coffee_table_dyeable.png
[2026-01-16T23:32:47.894Z] Checking: assets/nexo/textures/item/nexo_furniture/connectable/connectable.png (isDirectory: false)
[2026-01-16T23:32:47.894Z] Found assets folder content
[2026-01-16T23:32:47.895Z] Validating image: assets/nexo/textures/item/nexo_furniture/connectable/connectable.png
[2026-01-16T23:32:47.895Z] Checking: assets/nexo/textures/item/nexo_furniture/connectable/connectable_dyeable.png (isDirectory: false)
[2026-01-16T23:32:47.895Z] Found assets folder content
[2026-01-16T23:32:47.895Z] Validating image: assets/nexo/textures/item/nexo_furniture/connectable/connectable_dyeable.png
[2026-01-16T23:32:47.895Z] Checking: assets/nexo/textures/item/nexo_furniture/connectable/connectable_inner.png (isDirectory: false)
[2026-01-16T23:32:47.895Z] Found assets folder content
[2026-01-16T23:32:47.896Z] Validating image: assets/nexo/textures/item/nexo_furniture/connectable/connectable_inner.png
[2026-01-16T23:32:47.896Z] Checking: assets/nexo/textures/item/nexo_furniture/connectable/connectable_inner_dyeable.png (isDirectory: false)
[2026-01-16T23:32:47.896Z] Found assets folder content
[2026-01-16T23:32:47.896Z] Validating image: assets/nexo/textures/item/nexo_furniture/connectable/connectable_inner_dyeable.png
[2026-01-16T23:32:47.896Z] Checking: assets/nexo/textures/item/nexo_furniture/connectable/connectable_left.png (isDirectory: false)
[2026-01-16T23:32:47.897Z] Found assets folder content
[2026-01-16T23:32:47.897Z] Validating image: assets/nexo/textures/item/nexo_furniture/connectable/connectable_left.png
[2026-01-16T23:32:47.897Z] Checking: assets/nexo/textures/item/nexo_furniture/connectable/connectable_left_dyeable.png (isDirectory: false)
[2026-01-16T23:32:47.897Z] Found assets folder content
[2026-01-16T23:32:47.897Z] Validating image: assets/nexo/textures/item/nexo_furniture/connectable/connectable_left_dyeable.png
[2026-01-16T23:32:47.897Z] Checking: assets/nexo/textures/item/nexo_furniture/connectable/connectable_outer.png (isDirectory: false)
[2026-01-16T23:32:47.898Z] Found assets folder content
[2026-01-16T23:32:47.898Z] Validating image: assets/nexo/textures/item/nexo_furniture/connectable/connectable_outer.png
[2026-01-16T23:32:47.898Z] Checking: assets/nexo/textures/item/nexo_furniture/connectable/connectable_outer_dyeable.png (isDirectory: false)
[2026-01-16T23:32:47.898Z] Found assets folder content
[2026-01-16T23:32:47.898Z] Validating image: assets/nexo/textures/item/nexo_furniture/connectable/connectable_outer_dyeable.png
[2026-01-16T23:32:47.898Z] Checking: assets/nexo/textures/item/nexo_furniture/connectable/connectable_straight.png (isDirectory: false)
[2026-01-16T23:32:47.898Z] Found assets folder content
[2026-01-16T23:32:47.899Z] Validating image: assets/nexo/textures/item/nexo_furniture/connectable/connectable_straight.png
[2026-01-16T23:32:47.899Z] Checking: assets/nexo/textures/item/nexo_furniture/connectable/connectable_straight_dyeable.png (isDirectory: false)
[2026-01-16T23:32:47.899Z] Found assets folder content
[2026-01-16T23:32:47.899Z] Validating image: assets/nexo/textures/item/nexo_furniture/connectable/connectable_straight_dyeable.png
[2026-01-16T23:32:47.899Z] Checking: assets/nexo/textures/item/nexo_furniture/double_bed.png (isDirectory: false)
[2026-01-16T23:32:47.899Z] Found assets folder content
[2026-01-16T23:32:47.900Z] Validating image: assets/nexo/textures/item/nexo_furniture/double_bed.png
[2026-01-16T23:32:47.900Z] Checking: assets/nexo/textures/item/nexo_furniture/double_bed_dyeable.png (isDirectory: false)
[2026-01-16T23:32:47.900Z] Found assets folder content
[2026-01-16T23:32:47.900Z] Validating image: assets/nexo/textures/item/nexo_furniture/double_bed_dyeable.png
[2026-01-16T23:32:47.900Z] Checking: assets/nexo/textures/item/nexo_furniture/end_table.png (isDirectory: false)
[2026-01-16T23:32:47.901Z] Found assets folder content
[2026-01-16T23:32:47.901Z] Validating image: assets/nexo/textures/item/nexo_furniture/end_table.png
[2026-01-16T23:32:47.901Z] Checking: assets/nexo/textures/item/nexo_furniture/large_wooden_door.png (isDirectory: false)
[2026-01-16T23:32:47.901Z] Found assets folder content
[2026-01-16T23:32:47.901Z] Validating image: assets/nexo/textures/item/nexo_furniture/large_wooden_door.png
[2026-01-16T23:32:47.901Z] Checking: assets/nexo/textures/item/nexo_furniture/sofa.png (isDirectory: false)
[2026-01-16T23:32:47.901Z] Found assets folder content
[2026-01-16T23:32:47.902Z] Validating image: assets/nexo/textures/item/nexo_furniture/sofa.png
[2026-01-16T23:32:47.902Z] Checking: assets/nexo/textures/item/nexo_furniture/sofa_dyeable.png (isDirectory: false)
[2026-01-16T23:32:47.902Z] Found assets folder content
[2026-01-16T23:32:47.902Z] Validating image: assets/nexo/textures/item/nexo_furniture/sofa_dyeable.png
[2026-01-16T23:32:47.902Z] Checking: assets/nexo/textures/item/nexo_furniture/storage_chest.png (isDirectory: false)
[2026-01-16T23:32:47.903Z] Found assets folder content
[2026-01-16T23:32:47.903Z] Validating image: assets/nexo/textures/item/nexo_furniture/storage_chest.png
[2026-01-16T23:32:47.903Z] Checking: assets/nexo/textures/item/nexo_furniture/table_lamp.png (isDirectory: false)
[2026-01-16T23:32:47.903Z] Found assets folder content
[2026-01-16T23:32:47.903Z] Validating image: assets/nexo/textures/item/nexo_furniture/table_lamp.png
[2026-01-16T23:32:47.903Z] Checking: assets/nexo/textures/item/nexo_furniture/table_lamp_dyeable.png (isDirectory: false)
[2026-01-16T23:32:47.904Z] Found assets folder content
[2026-01-16T23:32:47.904Z] Validating image: assets/nexo/textures/item/nexo_furniture/table_lamp_dyeable.png
[2026-01-16T23:32:47.904Z] Checking: assets/nexo/textures/item/nexo_tools/forest_axe.png (isDirectory: false)
[2026-01-16T23:32:47.904Z] Found assets folder content
[2026-01-16T23:32:47.904Z] Validating image: assets/nexo/textures/item/nexo_tools/forest_axe.png
[2026-01-16T23:32:47.904Z] Checking: assets/nexo/textures/item/nexo_tools/forest_hoe.png (isDirectory: false)
[2026-01-16T23:32:47.905Z] Found assets folder content
[2026-01-16T23:32:47.905Z] Validating image: assets/nexo/textures/item/nexo_tools/forest_hoe.png
[2026-01-16T23:32:47.905Z] Checking: assets/nexo/textures/item/nexo_tools/forest_pickaxe.png (isDirectory: false)
[2026-01-16T23:32:47.905Z] Found assets folder content
[2026-01-16T23:32:47.905Z] Validating image: assets/nexo/textures/item/nexo_tools/forest_pickaxe.png
[2026-01-16T23:32:47.905Z] Checking: assets/nexo/textures/item/nexo_tools/forest_shield.png (isDirectory: false)
[2026-01-16T23:32:47.905Z] Found assets folder content
[2026-01-16T23:32:47.906Z] Validating image: assets/nexo/textures/item/nexo_tools/forest_shield.png
[2026-01-16T23:32:47.906Z] Checking: assets/nexo/textures/item/nexo_tools/forest_shovel.png (isDirectory: false)
[2026-01-16T23:32:47.906Z] Found assets folder content
[2026-01-16T23:32:47.906Z] Validating image: assets/nexo/textures/item/nexo_tools/forest_shovel.png
[2026-01-16T23:32:47.906Z] Checking: assets/nexo/textures/item/nexo_tools/forest_sword.png (isDirectory: false)
[2026-01-16T23:32:47.906Z] Found assets folder content
[2026-01-16T23:32:47.907Z] Validating image: assets/nexo/textures/item/nexo_tools/forest_sword.png
[2026-01-16T23:32:47.907Z] Checking: assets/nexo/textures/item/nexo_tools/forest_trident.png (isDirectory: false)
[2026-01-16T23:32:47.907Z] Found assets folder content
[2026-01-16T23:32:47.907Z] Validating image: assets/nexo/textures/item/nexo_tools/forest_trident.png
[2026-01-16T23:32:47.907Z] Checking: assets/nexo/textures/city_street/traffic_lights.png (isDirectory: false)
[2026-01-16T23:32:47.908Z] Found assets folder content
[2026-01-16T23:32:47.908Z] Validating image: assets/nexo/textures/city_street/traffic_lights.png
[2026-01-16T23:32:47.908Z] Checking: assets/nexo/textures/city_street/traffic_lights.png.mcmeta (isDirectory: false)
[2026-01-16T23:32:47.908Z] Found assets folder content
[2026-01-16T23:32:47.909Z] Checking: assets/nexo/textures/city_street/traffic_lights_alternate.png (isDirectory: false)
[2026-01-16T23:32:47.909Z] Found assets folder content
[2026-01-16T23:32:47.909Z] Validating image: assets/nexo/textures/city_street/traffic_lights_alternate.png
[2026-01-16T23:32:47.909Z] Checking: assets/nexo/textures/city_street/traffic_lights_alternate.png.mcmeta (isDirectory: false)
[2026-01-16T23:32:47.909Z] Found assets folder content
[2026-01-16T23:32:47.910Z] Checking: assets/nexo/textures/graveyard/graveyard_lamp_post.png (isDirectory: false)
[2026-01-16T23:32:47.910Z] Found assets folder content
[2026-01-16T23:32:47.910Z] Validating image: assets/nexo/textures/graveyard/graveyard_lamp_post.png
[2026-01-16T23:32:47.910Z] Checking: assets/nexo/textures/graveyard/graveyard_lamp_post.png.mcmeta (isDirectory: false)
[2026-01-16T23:32:47.910Z] Found assets folder content
[2026-01-16T23:32:47.910Z] Checking: assets/nexo/textures/graveyard/graveyard_soul_lamp_post.png (isDirectory: false)
[2026-01-16T23:32:47.911Z] Found assets folder content
[2026-01-16T23:32:47.911Z] Validating image: assets/nexo/textures/graveyard/graveyard_soul_lamp_post.png
[2026-01-16T23:32:47.911Z] Checking: assets/nexo/textures/graveyard/graveyard_soul_lamp_post.png.mcmeta (isDirectory: false)
[2026-01-16T23:32:47.911Z] Found assets folder content
[2026-01-16T23:32:47.911Z] Checking: assets/nexo/textures/graveyard/old_lantern.png (isDirectory: false)
[2026-01-16T23:32:47.911Z] Found assets folder content
[2026-01-16T23:32:47.912Z] Validating image: assets/nexo/textures/graveyard/old_lantern.png
[2026-01-16T23:32:47.912Z] Checking: assets/nexo/textures/graveyard/old_lantern.png.mcmeta (isDirectory: false)
[2026-01-16T23:32:47.912Z] Found assets folder content
[2026-01-16T23:32:47.912Z] Checking: assets/nexo/textures/graveyard/old_soul_lantern.png (isDirectory: false)
[2026-01-16T23:32:47.913Z] Found assets folder content
[2026-01-16T23:32:47.913Z] Validating image: assets/nexo/textures/graveyard/old_soul_lantern.png
[2026-01-16T23:32:47.913Z] Checking: assets/nexo/textures/graveyard/old_soul_lantern.png.mcmeta (isDirectory: false)
[2026-01-16T23:32:47.913Z] Found assets folder content
[2026-01-16T23:32:47.913Z] Checking: assets/nexo/textures/spider_decor/spider_eyes.png (isDirectory: false)
[2026-01-16T23:32:47.913Z] Found assets folder content
[2026-01-16T23:32:47.914Z] Validating image: assets/nexo/textures/spider_decor/spider_eyes.png
[2026-01-16T23:32:47.914Z] Checking: assets/nexo/textures/spider_decor/spider_eyes.png.mcmeta (isDirectory: false)
[2026-01-16T23:32:47.914Z] Found assets folder content
[2026-01-16T23:32:47.914Z] Checking: assets/nexo/textures/spider_decor/spider_eyes_2.png (isDirectory: false)
[2026-01-16T23:32:47.914Z] Found assets folder content
[2026-01-16T23:32:47.914Z] Validating image: assets/nexo/textures/spider_decor/spider_eyes_2.png
[2026-01-16T23:32:47.915Z] Checking: assets/nexo/textures/spider_decor/spider_eyes_2.png.mcmeta (isDirectory: false)
[2026-01-16T23:32:47.915Z] Found assets folder content
[2026-01-16T23:32:47.915Z] Checking: assets/nexo/textures/awnings/fabric_awning.png (isDirectory: false)
[2026-01-16T23:32:47.915Z] Found assets folder content
[2026-01-16T23:32:47.915Z] Validating image: assets/nexo/textures/awnings/fabric_awning.png
[2026-01-16T23:32:47.915Z] Checking: assets/nexo/textures/awnings/fabric_awning_dyeable.png (isDirectory: false)
[2026-01-16T23:32:47.916Z] Found assets folder content
[2026-01-16T23:32:47.916Z] Validating image: assets/nexo/textures/awnings/fabric_awning_dyeable.png
[2026-01-16T23:32:47.916Z] Checking: assets/nexo/textures/awnings/tile_awning.png (isDirectory: false)
[2026-01-16T23:32:47.916Z] Found assets folder content
[2026-01-16T23:32:47.916Z] Validating image: assets/nexo/textures/awnings/tile_awning.png
[2026-01-16T23:32:47.916Z] Checking: assets/nexo/textures/awnings/tile_awning_dyeable.png (isDirectory: false)
[2026-01-16T23:32:47.916Z] Found assets folder content
[2026-01-16T23:32:47.917Z] Validating image: assets/nexo/textures/awnings/tile_awning_dyeable.png
[2026-01-16T23:32:47.917Z] Checking: assets/nexo/textures/awnings/wooden_awning.png (isDirectory: false)
[2026-01-16T23:32:47.917Z] Found assets folder content
[2026-01-16T23:32:47.917Z] Validating image: assets/nexo/textures/awnings/wooden_awning.png
[2026-01-16T23:32:47.917Z] Checking: assets/nexo/textures/big_doors_and_gates/iron_bar_door.png (isDirectory: false)
[2026-01-16T23:32:47.917Z] Found assets folder content
[2026-01-16T23:32:47.918Z] Validating image: assets/nexo/textures/big_doors_and_gates/iron_bar_door.png
[2026-01-16T23:32:47.918Z] Checking: assets/nexo/textures/big_doors_and_gates/iron_bar_gate.png (isDirectory: false)
[2026-01-16T23:32:47.918Z] Found assets folder content
[2026-01-16T23:32:47.918Z] Validating image: assets/nexo/textures/big_doors_and_gates/iron_bar_gate.png
[2026-01-16T23:32:47.918Z] Checking: assets/nexo/textures/big_doors_and_gates/iron_door.png (isDirectory: false)
[2026-01-16T23:32:47.918Z] Found assets folder content
[2026-01-16T23:32:47.919Z] Validating image: assets/nexo/textures/big_doors_and_gates/iron_door.png
[2026-01-16T23:32:47.919Z] Checking: assets/nexo/textures/big_doors_and_gates/iron_gate.png (isDirectory: false)
[2026-01-16T23:32:47.919Z] Found assets folder content
[2026-01-16T23:32:47.919Z] Validating image: assets/nexo/textures/big_doors_and_gates/iron_gate.png
[2026-01-16T23:32:47.919Z] Checking: assets/nexo/textures/big_doors_and_gates/ironwood_door.png (isDirectory: false)
[2026-01-16T23:32:47.919Z] Found assets folder content
[2026-01-16T23:32:47.920Z] Validating image: assets/nexo/textures/big_doors_and_gates/ironwood_door.png
[2026-01-16T23:32:47.920Z] Checking: assets/nexo/textures/big_doors_and_gates/ironwood_gate.png (isDirectory: false)
[2026-01-16T23:32:47.920Z] Found assets folder content
[2026-01-16T23:32:47.920Z] Validating image: assets/nexo/textures/big_doors_and_gates/ironwood_gate.png
[2026-01-16T23:32:47.920Z] Checking: assets/nexo/textures/big_doors_and_gates/wooden_door.png (isDirectory: false)
[2026-01-16T23:32:47.920Z] Found assets folder content
[2026-01-16T23:32:47.921Z] Validating image: assets/nexo/textures/big_doors_and_gates/wooden_door.png
[2026-01-16T23:32:47.921Z] Checking: assets/nexo/textures/big_doors_and_gates/wooden_gate.png (isDirectory: false)
[2026-01-16T23:32:47.921Z] Found assets folder content
[2026-01-16T23:32:47.921Z] Validating image: assets/nexo/textures/big_doors_and_gates/wooden_gate.png
[2026-01-16T23:32:47.921Z] Checking: assets/nexo/textures/coffee_shop_furniture/coffee_shop_berry_rolls.png (isDirectory: false)
[2026-01-16T23:32:47.922Z] Found assets folder content
[2026-01-16T23:32:47.922Z] Validating image: assets/nexo/textures/coffee_shop_furniture/coffee_shop_berry_rolls.png
[2026-01-16T23:32:47.922Z] Checking: assets/nexo/textures/coffee_shop_furniture/coffee_shop_cake.png (isDirectory: false)
[2026-01-16T23:32:47.922Z] Found assets folder content
[2026-01-16T23:32:47.922Z] Validating image: assets/nexo/textures/coffee_shop_furniture/coffee_shop_cake.png
[2026-01-16T23:32:47.922Z] Checking: assets/nexo/textures/coffee_shop_furniture/coffee_shop_cake_cut.png (isDirectory: false)
[2026-01-16T23:32:47.922Z] Found assets folder content
[2026-01-16T23:32:47.923Z] Validating image: assets/nexo/textures/coffee_shop_furniture/coffee_shop_cake_cut.png
[2026-01-16T23:32:47.923Z] Checking: assets/nexo/textures/coffee_shop_furniture/coffee_shop_chair.png (isDirectory: false)
[2026-01-16T23:32:47.923Z] Found assets folder content
[2026-01-16T23:32:47.923Z] Validating image: assets/nexo/textures/coffee_shop_furniture/coffee_shop_chair.png
[2026-01-16T23:32:47.923Z] Checking: assets/nexo/textures/coffee_shop_furniture/coffee_shop_coffee_beans.png (isDirectory: false)
[2026-01-16T23:32:47.923Z] Found assets folder content
[2026-01-16T23:32:47.924Z] Validating image: assets/nexo/textures/coffee_shop_furniture/coffee_shop_coffee_beans.png
[2026-01-16T23:32:47.924Z] Checking: assets/nexo/textures/coffee_shop_furniture/coffee_shop_coffee_mug.png (isDirectory: false)
[2026-01-16T23:32:47.924Z] Found assets folder content
[2026-01-16T23:32:47.924Z] Validating image: assets/nexo/textures/coffee_shop_furniture/coffee_shop_coffee_mug.png
[2026-01-16T23:32:47.924Z] Checking: assets/nexo/textures/coffee_shop_furniture/coffee_shop_counter.png (isDirectory: false)
[2026-01-16T23:32:47.924Z] Found assets folder content
[2026-01-16T23:32:47.925Z] Validating image: assets/nexo/textures/coffee_shop_furniture/coffee_shop_counter.png
[2026-01-16T23:32:47.925Z] Checking: assets/nexo/textures/coffee_shop_furniture/coffee_shop_counter_corner.png (isDirectory: false)
[2026-01-16T23:32:47.925Z] Found assets folder content
[2026-01-16T23:32:47.925Z] Validating image: assets/nexo/textures/coffee_shop_furniture/coffee_shop_counter_corner.png
[2026-01-16T23:32:47.925Z] Checking: assets/nexo/textures/coffee_shop_furniture/coffee_shop_croissant.png (isDirectory: false)
[2026-01-16T23:32:47.925Z] Found assets folder content
[2026-01-16T23:32:47.926Z] Validating image: assets/nexo/textures/coffee_shop_furniture/coffee_shop_croissant.png
[2026-01-16T23:32:47.926Z] Checking: assets/nexo/textures/coffee_shop_furniture/coffee_shop_display_case.png (isDirectory: false)
[2026-01-16T23:32:47.926Z] Found assets folder content
[2026-01-16T23:32:47.926Z] Validating image: assets/nexo/textures/coffee_shop_furniture/coffee_shop_display_case.png
[2026-01-16T23:32:47.926Z] Checking: assets/nexo/textures/coffee_shop_furniture/coffee_shop_espresso_machine_green.png (isDirectory: false)
[2026-01-16T23:32:47.926Z] Found assets folder content
[2026-01-16T23:32:47.927Z] Validating image: assets/nexo/textures/coffee_shop_furniture/coffee_shop_espresso_machine_green.png
[2026-01-16T23:32:47.927Z] Checking: assets/nexo/textures/coffee_shop_furniture/coffee_shop_espresso_machine_red.png (isDirectory: false)
[2026-01-16T23:32:47.927Z] Found assets folder content
[2026-01-16T23:32:47.927Z] Validating image: assets/nexo/textures/coffee_shop_furniture/coffee_shop_espresso_machine_red.png
[2026-01-16T23:32:47.927Z] Checking: assets/nexo/textures/coffee_shop_furniture/coffee_shop_espresso_machine_white.png (isDirectory: false)
[2026-01-16T23:32:47.927Z] Found assets folder content
[2026-01-16T23:32:47.928Z] Validating image: assets/nexo/textures/coffee_shop_furniture/coffee_shop_espresso_machine_white.png
[2026-01-16T23:32:47.928Z] Checking: assets/nexo/textures/coffee_shop_furniture/coffee_shop_hanging_bulb.png (isDirectory: false)
[2026-01-16T23:32:47.928Z] Found assets folder content
[2026-01-16T23:32:47.928Z] Validating image: assets/nexo/textures/coffee_shop_furniture/coffee_shop_hanging_bulb.png
[2026-01-16T23:32:47.928Z] Checking: assets/nexo/textures/coffee_shop_furniture/coffee_shop_hanging_bulb_off.png (isDirectory: false)
[2026-01-16T23:32:47.928Z] Found assets folder content
[2026-01-16T23:32:47.928Z] Validating image: assets/nexo/textures/coffee_shop_furniture/coffee_shop_hanging_bulb_off.png
[2026-01-16T23:32:47.929Z] Checking: assets/nexo/textures/coffee_shop_furniture/coffee_shop_matcha_rolls.png (isDirectory: false)
[2026-01-16T23:32:47.929Z] Found assets folder content
[2026-01-16T23:32:47.929Z] Validating image: assets/nexo/textures/coffee_shop_furniture/coffee_shop_matcha_rolls.png
[2026-01-16T23:32:47.929Z] Checking: assets/nexo/textures/coffee_shop_furniture/coffee_shop_prep_counter.png (isDirectory: false)
[2026-01-16T23:32:47.929Z] Found assets folder content
[2026-01-16T23:32:47.929Z] Validating image: assets/nexo/textures/coffee_shop_furniture/coffee_shop_prep_counter.png
[2026-01-16T23:32:47.930Z] Checking: assets/nexo/textures/coffee_shop_furniture/coffee_shop_register.png (isDirectory: false)
[2026-01-16T23:32:47.930Z] Found assets folder content
[2026-01-16T23:32:47.930Z] Validating image: assets/nexo/textures/coffee_shop_furniture/coffee_shop_register.png
[2026-01-16T23:32:47.930Z] Checking: assets/nexo/textures/coffee_shop_furniture/coffee_shop_standing_menu.png (isDirectory: false)
[2026-01-16T23:32:47.930Z] Found assets folder content
[2026-01-16T23:32:47.930Z] Validating image: assets/nexo/textures/coffee_shop_furniture/coffee_shop_standing_menu.png
[2026-01-16T23:32:47.930Z] Checking: assets/nexo/textures/coffee_shop_furniture/coffee_shop_stool.png (isDirectory: false)
[2026-01-16T23:32:47.931Z] Found assets folder content
[2026-01-16T23:32:47.931Z] Validating image: assets/nexo/textures/coffee_shop_furniture/coffee_shop_stool.png
[2026-01-16T23:32:47.931Z] Checking: assets/nexo/textures/coffee_shop_furniture/coffee_shop_table.png (isDirectory: false)
[2026-01-16T23:32:47.931Z] Found assets folder content
[2026-01-16T23:32:47.931Z] Validating image: assets/nexo/textures/coffee_shop_furniture/coffee_shop_table.png
[2026-01-16T23:32:47.931Z] Checking: assets/nexo/textures/coffee_shop_furniture/coffee_shop_wall_menu.png (isDirectory: false)
[2026-01-16T23:32:47.932Z] Found assets folder content
[2026-01-16T23:32:47.932Z] Validating image: assets/nexo/textures/coffee_shop_furniture/coffee_shop_wall_menu.png
[2026-01-16T23:32:47.932Z] Checking: assets/nexo/textures/coffee_shop_furniture/coffee_shop_wall_shelf.png (isDirectory: false)
[2026-01-16T23:32:47.932Z] Found assets folder content
[2026-01-16T23:32:47.932Z] Validating image: assets/nexo/textures/coffee_shop_furniture/coffee_shop_wall_shelf.png
[2026-01-16T23:32:47.933Z] Checking: assets/nexo/textures/carved_pumpkins/pumpkin.png (isDirectory: false)
[2026-01-16T23:32:47.933Z] Found assets folder content
[2026-01-16T23:32:47.933Z] Validating image: assets/nexo/textures/carved_pumpkins/pumpkin.png
[2026-01-16T23:32:47.933Z] Checking: assets/nexo/textures/carved_pumpkins/pumpkin_creeper.png (isDirectory: false)
[2026-01-16T23:32:47.933Z] Found assets folder content
[2026-01-16T23:32:47.933Z] Validating image: assets/nexo/textures/carved_pumpkins/pumpkin_creeper.png
[2026-01-16T23:32:47.934Z] Checking: assets/nexo/textures/carved_pumpkins/pumpkin_creeper_lit.png (isDirectory: false)
[2026-01-16T23:32:47.934Z] Found assets folder content
[2026-01-16T23:32:47.934Z] Validating image: assets/nexo/textures/carved_pumpkins/pumpkin_creeper_lit.png
[2026-01-16T23:32:47.934Z] Checking: assets/nexo/textures/carved_pumpkins/pumpkin_face_1.png (isDirectory: false)
[2026-01-16T23:32:47.934Z] Found assets folder content
[2026-01-16T23:32:47.934Z] Validating image: assets/nexo/textures/carved_pumpkins/pumpkin_face_1.png
[2026-01-16T23:32:47.935Z] Checking: assets/nexo/textures/carved_pumpkins/pumpkin_face_1_lit.png (isDirectory: false)
[2026-01-16T23:32:47.935Z] Found assets folder content
[2026-01-16T23:32:47.935Z] Validating image: assets/nexo/textures/carved_pumpkins/pumpkin_face_1_lit.png
[2026-01-16T23:32:47.935Z] Checking: assets/nexo/textures/carved_pumpkins/pumpkin_face_2.png (isDirectory: false)
[2026-01-16T23:32:47.935Z] Found assets folder content
[2026-01-16T23:32:47.935Z] Validating image: assets/nexo/textures/carved_pumpkins/pumpkin_face_2.png
[2026-01-16T23:32:47.935Z] Checking: assets/nexo/textures/carved_pumpkins/pumpkin_face_2_lit.png (isDirectory: false)
[2026-01-16T23:32:47.936Z] Found assets folder content
[2026-01-16T23:32:47.936Z] Validating image: assets/nexo/textures/carved_pumpkins/pumpkin_face_2_lit.png
[2026-01-16T23:32:47.936Z] Checking: assets/nexo/textures/carved_pumpkins/pumpkin_face_3.png (isDirectory: false)
[2026-01-16T23:32:47.936Z] Found assets folder content
[2026-01-16T23:32:47.936Z] Validating image: assets/nexo/textures/carved_pumpkins/pumpkin_face_3.png
[2026-01-16T23:32:47.936Z] Checking: assets/nexo/textures/carved_pumpkins/pumpkin_face_3_lit.png (isDirectory: false)
[2026-01-16T23:32:47.937Z] Found assets folder content
[2026-01-16T23:32:47.937Z] Validating image: assets/nexo/textures/carved_pumpkins/pumpkin_face_3_lit.png
[2026-01-16T23:32:47.937Z] Checking: assets/nexo/textures/carved_pumpkins/pumpkin_heart.png (isDirectory: false)
[2026-01-16T23:32:47.937Z] Found assets folder content
[2026-01-16T23:32:47.937Z] Validating image: assets/nexo/textures/carved_pumpkins/pumpkin_heart.png
[2026-01-16T23:32:47.938Z] Checking: assets/nexo/textures/carved_pumpkins/pumpkin_heart_lit.png (isDirectory: false)
[2026-01-16T23:32:47.938Z] Found assets folder content
[2026-01-16T23:32:47.938Z] Validating image: assets/nexo/textures/carved_pumpkins/pumpkin_heart_lit.png
[2026-01-16T23:32:47.938Z] Checking: assets/nexo/textures/carved_pumpkins/pumpkin_pickaxe.png (isDirectory: false)
[2026-01-16T23:32:47.938Z] Found assets folder content
[2026-01-16T23:32:47.938Z] Validating image: assets/nexo/textures/carved_pumpkins/pumpkin_pickaxe.png
[2026-01-16T23:32:47.939Z] Checking: assets/nexo/textures/carved_pumpkins/pumpkin_pickaxe_lit.png (isDirectory: false)
[2026-01-16T23:32:47.939Z] Found assets folder content
[2026-01-16T23:32:47.939Z] Validating image: assets/nexo/textures/carved_pumpkins/pumpkin_pickaxe_lit.png
[2026-01-16T23:32:47.939Z] Checking: assets/nexo/textures/city_street/bus_stop.png (isDirectory: false)
[2026-01-16T23:32:47.939Z] Found assets folder content
[2026-01-16T23:32:47.939Z] Validating image: assets/nexo/textures/city_street/bus_stop.png
[2026-01-16T23:32:47.940Z] Checking: assets/nexo/textures/city_street/bus_stop_sign.png (isDirectory: false)
[2026-01-16T23:32:47.940Z] Found assets folder content
[2026-01-16T23:32:47.940Z] Validating image: assets/nexo/textures/city_street/bus_stop_sign.png
[2026-01-16T23:32:47.940Z] Checking: assets/nexo/textures/city_street/concrete_barrier.png (isDirectory: false)
[2026-01-16T23:32:47.940Z] Found assets folder content
[2026-01-16T23:32:47.941Z] Validating image: assets/nexo/textures/city_street/concrete_barrier.png
[2026-01-16T23:32:47.941Z] Checking: assets/nexo/textures/city_street/construction_barrier.png (isDirectory: false)
[2026-01-16T23:32:47.941Z] Found assets folder content
[2026-01-16T23:32:47.941Z] Validating image: assets/nexo/textures/city_street/construction_barrier.png
[2026-01-16T23:32:47.941Z] Checking: assets/nexo/textures/city_street/dumpster_gray.png (isDirectory: false)
[2026-01-16T23:32:47.941Z] Found assets folder content
[2026-01-16T23:32:47.942Z] Validating image: assets/nexo/textures/city_street/dumpster_gray.png
[2026-01-16T23:32:47.942Z] Checking: assets/nexo/textures/city_street/dumpster_green.png (isDirectory: false)
[2026-01-16T23:32:47.942Z] Found assets folder content
[2026-01-16T23:32:47.942Z] Validating image: assets/nexo/textures/city_street/dumpster_green.png
[2026-01-16T23:32:47.942Z] Checking: assets/nexo/textures/city_street/hydrant_green.png (isDirectory: false)
[2026-01-16T23:32:47.942Z] Found assets folder content
[2026-01-16T23:32:47.943Z] Validating image: assets/nexo/textures/city_street/hydrant_green.png
[2026-01-16T23:32:47.943Z] Checking: assets/nexo/textures/city_street/hydrant_red.png (isDirectory: false)
[2026-01-16T23:32:47.943Z] Found assets folder content
[2026-01-16T23:32:47.943Z] Validating image: assets/nexo/textures/city_street/hydrant_red.png
[2026-01-16T23:32:47.943Z] Checking: assets/nexo/textures/city_street/hydrant_yellow.png (isDirectory: false)
[2026-01-16T23:32:47.943Z] Found assets folder content
[2026-01-16T23:32:47.944Z] Validating image: assets/nexo/textures/city_street/hydrant_yellow.png
[2026-01-16T23:32:47.944Z] Checking: assets/nexo/textures/city_street/large_traffic_cone.png (isDirectory: false)
[2026-01-16T23:32:47.944Z] Found assets folder content
[2026-01-16T23:32:47.944Z] Validating image: assets/nexo/textures/city_street/large_traffic_cone.png
[2026-01-16T23:32:47.944Z] Checking: assets/nexo/textures/city_street/metal_barrier.png (isDirectory: false)
[2026-01-16T23:32:47.944Z] Found assets folder content
[2026-01-16T23:32:47.944Z] Validating image: assets/nexo/textures/city_street/metal_barrier.png
[2026-01-16T23:32:47.945Z] Checking: assets/nexo/textures/city_street/recycling_can_blue.png (isDirectory: false)
[2026-01-16T23:32:47.945Z] Found assets folder content
[2026-01-16T23:32:47.945Z] Validating image: assets/nexo/textures/city_street/recycling_can_blue.png
[2026-01-16T23:32:47.945Z] Checking: assets/nexo/textures/city_street/recycling_can_green.png (isDirectory: false)
[2026-01-16T23:32:47.945Z] Found assets folder content
[2026-01-16T23:32:47.946Z] Validating image: assets/nexo/textures/city_street/recycling_can_green.png
[2026-01-16T23:32:47.946Z] Checking: assets/nexo/textures/city_street/recycling_can_sign_blue.png (isDirectory: false)
[2026-01-16T23:32:47.946Z] Found assets folder content
[2026-01-16T23:32:47.946Z] Validating image: assets/nexo/textures/city_street/recycling_can_sign_blue.png
[2026-01-16T23:32:47.946Z] Checking: assets/nexo/textures/city_street/recycling_can_sign_green.png (isDirectory: false)
[2026-01-16T23:32:47.946Z] Found assets folder content
[2026-01-16T23:32:47.947Z] Validating image: assets/nexo/textures/city_street/recycling_can_sign_green.png
[2026-01-16T23:32:47.947Z] Checking: assets/nexo/textures/city_street/sign_bus.png (isDirectory: false)
[2026-01-16T23:32:47.947Z] Found assets folder content
[2026-01-16T23:32:47.947Z] Validating image: assets/nexo/textures/city_street/sign_bus.png
[2026-01-16T23:32:47.947Z] Checking: assets/nexo/textures/city_street/sign_bus_text.png (isDirectory: false)
[2026-01-16T23:32:47.947Z] Found assets folder content
[2026-01-16T23:32:47.948Z] Validating image: assets/nexo/textures/city_street/sign_bus_text.png
[2026-01-16T23:32:47.948Z] Checking: assets/nexo/textures/city_street/sign_limit.png (isDirectory: false)
[2026-01-16T23:32:47.948Z] Found assets folder content
[2026-01-16T23:32:47.948Z] Validating image: assets/nexo/textures/city_street/sign_limit.png
[2026-01-16T23:32:47.948Z] Checking: assets/nexo/textures/city_street/sign_limit_25_text.png (isDirectory: false)
[2026-01-16T23:32:47.948Z] Found assets folder content
[2026-01-16T23:32:47.949Z] Validating image: assets/nexo/textures/city_street/sign_limit_25_text.png
[2026-01-16T23:32:47.949Z] Checking: assets/nexo/textures/city_street/sign_limit_50_text.png (isDirectory: false)
[2026-01-16T23:32:47.949Z] Found assets folder content
[2026-01-16T23:32:47.949Z] Validating image: assets/nexo/textures/city_street/sign_limit_50_text.png
[2026-01-16T23:32:47.949Z] Checking: assets/nexo/textures/city_street/sign_parking.png (isDirectory: false)
[2026-01-16T23:32:47.949Z] Found assets folder content
[2026-01-16T23:32:47.950Z] Validating image: assets/nexo/textures/city_street/sign_parking.png
[2026-01-16T23:32:47.950Z] Checking: assets/nexo/textures/city_street/sign_parking_text.png (isDirectory: false)
[2026-01-16T23:32:47.950Z] Found assets folder content
[2026-01-16T23:32:47.950Z] Validating image: assets/nexo/textures/city_street/sign_parking_text.png
[2026-01-16T23:32:47.950Z] Checking: assets/nexo/textures/city_street/sign_stop.png (isDirectory: false)
[2026-01-16T23:32:47.950Z] Found assets folder content
[2026-01-16T23:32:47.951Z] Validating image: assets/nexo/textures/city_street/sign_stop.png
[2026-01-16T23:32:47.951Z] Checking: assets/nexo/textures/city_street/sign_stop_text.png (isDirectory: false)
[2026-01-16T23:32:47.951Z] Found assets folder content
[2026-01-16T23:32:47.951Z] Validating image: assets/nexo/textures/city_street/sign_stop_text.png
[2026-01-16T23:32:47.951Z] Checking: assets/nexo/textures/city_street/sign_two_way.png (isDirectory: false)
[2026-01-16T23:32:47.952Z] Found assets folder content
[2026-01-16T23:32:47.952Z] Validating image: assets/nexo/textures/city_street/sign_two_way.png
[2026-01-16T23:32:47.952Z] Checking: assets/nexo/textures/city_street/sign_two_way_text.png (isDirectory: false)
[2026-01-16T23:32:47.952Z] Found assets folder content
[2026-01-16T23:32:47.952Z] Validating image: assets/nexo/textures/city_street/sign_two_way_text.png
[2026-01-16T23:32:47.952Z] Checking: assets/nexo/textures/city_street/traffic_cone.png (isDirectory: false)
[2026-01-16T23:32:47.953Z] Found assets folder content
[2026-01-16T23:32:47.953Z] Validating image: assets/nexo/textures/city_street/traffic_cone.png
[2026-01-16T23:32:47.953Z] Checking: assets/nexo/textures/city_street/traffic_light_overhang.png (isDirectory: false)
[2026-01-16T23:32:47.953Z] Found assets folder content
[2026-01-16T23:32:47.953Z] Validating image: assets/nexo/textures/city_street/traffic_light_overhang.png
[2026-01-16T23:32:47.953Z] Checking: assets/nexo/textures/city_street/traffic_light_post.png (isDirectory: false)
[2026-01-16T23:32:47.954Z] Found assets folder content
[2026-01-16T23:32:47.954Z] Validating image: assets/nexo/textures/city_street/traffic_light_post.png
[2026-01-16T23:32:47.954Z] Checking: assets/nexo/textures/city_street/trash_bin.png (isDirectory: false)
[2026-01-16T23:32:47.954Z] Found assets folder content
[2026-01-16T23:32:47.954Z] Validating image: assets/nexo/textures/city_street/trash_bin.png
[2026-01-16T23:32:47.954Z] Checking: assets/nexo/textures/crates_and_keys/crate_1.png (isDirectory: false)
[2026-01-16T23:32:47.954Z] Found assets folder content
[2026-01-16T23:32:47.955Z] Validating image: assets/nexo/textures/crates_and_keys/crate_1.png
[2026-01-16T23:32:47.955Z] Checking: assets/nexo/textures/crates_and_keys/crate_2.png (isDirectory: false)
[2026-01-16T23:32:47.955Z] Found assets folder content
[2026-01-16T23:32:47.955Z] Validating image: assets/nexo/textures/crates_and_keys/crate_2.png
[2026-01-16T23:32:47.955Z] Checking: assets/nexo/textures/crates_and_keys/crate_3.png (isDirectory: false)
[2026-01-16T23:32:47.955Z] Found assets folder content
[2026-01-16T23:32:47.956Z] Validating image: assets/nexo/textures/crates_and_keys/crate_3.png
[2026-01-16T23:32:47.956Z] Checking: assets/nexo/textures/crates_and_keys/crate_4.png (isDirectory: false)
[2026-01-16T23:32:47.956Z] Found assets folder content
[2026-01-16T23:32:47.956Z] Validating image: assets/nexo/textures/crates_and_keys/crate_4.png
[2026-01-16T23:32:47.956Z] Checking: assets/nexo/textures/crates_and_keys/crate_5.png (isDirectory: false)
[2026-01-16T23:32:47.956Z] Found assets folder content
[2026-01-16T23:32:47.957Z] Validating image: assets/nexo/textures/crates_and_keys/crate_5.png
[2026-01-16T23:32:47.957Z] Checking: assets/nexo/textures/crates_and_keys/crate_6.png (isDirectory: false)
[2026-01-16T23:32:47.957Z] Found assets folder content
[2026-01-16T23:32:47.957Z] Validating image: assets/nexo/textures/crates_and_keys/crate_6.png
[2026-01-16T23:32:47.957Z] Checking: assets/nexo/textures/crates_and_keys/key_1.png (isDirectory: false)
[2026-01-16T23:32:47.958Z] Found assets folder content
[2026-01-16T23:32:47.958Z] Validating image: assets/nexo/textures/crates_and_keys/key_1.png
[2026-01-16T23:32:47.958Z] Checking: assets/nexo/textures/crates_and_keys/key_2.png (isDirectory: false)
[2026-01-16T23:32:47.958Z] Found assets folder content
[2026-01-16T23:32:47.958Z] Validating image: assets/nexo/textures/crates_and_keys/key_2.png
[2026-01-16T23:32:47.958Z] Checking: assets/nexo/textures/crates_and_keys/key_3.png (isDirectory: false)
[2026-01-16T23:32:47.959Z] Found assets folder content
[2026-01-16T23:32:47.959Z] Validating image: assets/nexo/textures/crates_and_keys/key_3.png
[2026-01-16T23:32:47.959Z] Checking: assets/nexo/textures/crates_and_keys/key_4.png (isDirectory: false)
[2026-01-16T23:32:47.959Z] Found assets folder content
[2026-01-16T23:32:47.959Z] Validating image: assets/nexo/textures/crates_and_keys/key_4.png
[2026-01-16T23:32:47.959Z] Checking: assets/nexo/textures/crates_and_keys/key_5.png (isDirectory: false)
[2026-01-16T23:32:47.959Z] Found assets folder content
[2026-01-16T23:32:47.960Z] Validating image: assets/nexo/textures/crates_and_keys/key_5.png
[2026-01-16T23:32:47.960Z] Checking: assets/nexo/textures/crates_and_keys/key_6.png (isDirectory: false)
[2026-01-16T23:32:47.960Z] Found assets folder content
[2026-01-16T23:32:47.960Z] Validating image: assets/nexo/textures/crates_and_keys/key_6.png
[2026-01-16T23:32:47.960Z] Checking: assets/nexo/textures/graveyard/large_tombstone_1.png (isDirectory: false)
[2026-01-16T23:32:47.960Z] Found assets folder content
[2026-01-16T23:32:47.961Z] Validating image: assets/nexo/textures/graveyard/large_tombstone_1.png
[2026-01-16T23:32:47.961Z] Checking: assets/nexo/textures/graveyard/medium_tombstone_1.png (isDirectory: false)
[2026-01-16T23:32:47.961Z] Found assets folder content
[2026-01-16T23:32:47.961Z] Validating image: assets/nexo/textures/graveyard/medium_tombstone_1.png
[2026-01-16T23:32:47.961Z] Checking: assets/nexo/textures/graveyard/medium_tombstone_2.png (isDirectory: false)
[2026-01-16T23:32:47.962Z] Found assets folder content
[2026-01-16T23:32:47.962Z] Validating image: assets/nexo/textures/graveyard/medium_tombstone_2.png
[2026-01-16T23:32:47.962Z] Checking: assets/nexo/textures/graveyard/small_tombstone_1.png (isDirectory: false)
[2026-01-16T23:32:47.962Z] Found assets folder content
[2026-01-16T23:32:47.962Z] Validating image: assets/nexo/textures/graveyard/small_tombstone_1.png
[2026-01-16T23:32:47.963Z] Checking: assets/nexo/textures/graveyard/small_tombstone_2.png (isDirectory: false)
[2026-01-16T23:32:47.963Z] Found assets folder content
[2026-01-16T23:32:47.963Z] Validating image: assets/nexo/textures/graveyard/small_tombstone_2.png
[2026-01-16T23:32:47.963Z] Checking: assets/nexo/textures/graveyard/small_tombstone_3.png (isDirectory: false)
[2026-01-16T23:32:47.964Z] Found assets folder content
[2026-01-16T23:32:47.964Z] Validating image: assets/nexo/textures/graveyard/small_tombstone_3.png
[2026-01-16T23:32:47.964Z] Checking: assets/nexo/textures/graveyard/tomb.png (isDirectory: false)
[2026-01-16T23:32:47.964Z] Found assets folder content
[2026-01-16T23:32:47.964Z] Validating image: assets/nexo/textures/graveyard/tomb.png
[2026-01-16T23:32:47.964Z] Checking: assets/nexo/textures/graveyard/tomb_door.png (isDirectory: false)
[2026-01-16T23:32:47.965Z] Found assets folder content
[2026-01-16T23:32:47.965Z] Validating image: assets/nexo/textures/graveyard/tomb_door.png
[2026-01-16T23:32:47.965Z] Checking: assets/nexo/textures/modern_kitchen/modern_kitchen_apple_bowl.png (isDirectory: false)
[2026-01-16T23:32:47.965Z] Found assets folder content
[2026-01-16T23:32:47.965Z] Validating image: assets/nexo/textures/modern_kitchen/modern_kitchen_apple_bowl.png
[2026-01-16T23:32:47.965Z] Checking: assets/nexo/textures/modern_kitchen/modern_kitchen_backsplash_green.png (isDirectory: false)
[2026-01-16T23:32:47.966Z] Found assets folder content
[2026-01-16T23:32:47.966Z] Validating image: assets/nexo/textures/modern_kitchen/modern_kitchen_backsplash_green.png
[2026-01-16T23:32:47.966Z] Checking: assets/nexo/textures/modern_kitchen/modern_kitchen_backsplash_white.png (isDirectory: false)
[2026-01-16T23:32:47.966Z] Found assets folder content
[2026-01-16T23:32:47.967Z] Validating image: assets/nexo/textures/modern_kitchen/modern_kitchen_backsplash_white.png
[2026-01-16T23:32:47.967Z] Checking: assets/nexo/textures/modern_kitchen/modern_kitchen_cabinet_1.png (isDirectory: false)
[2026-01-16T23:32:47.967Z] Found assets folder content
[2026-01-16T23:32:47.967Z] Validating image: assets/nexo/textures/modern_kitchen/modern_kitchen_cabinet_1.png
[2026-01-16T23:32:47.967Z] Checking: assets/nexo/textures/modern_kitchen/modern_kitchen_cabinet_2.png (isDirectory: false)
[2026-01-16T23:32:47.967Z] Found assets folder content
[2026-01-16T23:32:47.968Z] Validating image: assets/nexo/textures/modern_kitchen/modern_kitchen_cabinet_2.png
[2026-01-16T23:32:47.968Z] Checking: assets/nexo/textures/modern_kitchen/modern_kitchen_counter_1.png (isDirectory: false)
[2026-01-16T23:32:47.968Z] Found assets folder content
[2026-01-16T23:32:47.968Z] Validating image: assets/nexo/textures/modern_kitchen/modern_kitchen_counter_1.png
[2026-01-16T23:32:47.968Z] Checking: assets/nexo/textures/modern_kitchen/modern_kitchen_counter_1_inner.png (isDirectory: false)
[2026-01-16T23:32:47.969Z] Found assets folder content
[2026-01-16T23:32:47.969Z] Validating image: assets/nexo/textures/modern_kitchen/modern_kitchen_counter_1_inner.png
[2026-01-16T23:32:47.969Z] Checking: assets/nexo/textures/modern_kitchen/modern_kitchen_counter_1_left.png (isDirectory: false)
[2026-01-16T23:32:47.969Z] Found assets folder content
[2026-01-16T23:32:47.969Z] Validating image: assets/nexo/textures/modern_kitchen/modern_kitchen_counter_1_left.png
[2026-01-16T23:32:47.970Z] Checking: assets/nexo/textures/modern_kitchen/modern_kitchen_counter_1_outer.png (isDirectory: false)
[2026-01-16T23:32:47.970Z] Found assets folder content
[2026-01-16T23:32:47.970Z] Validating image: assets/nexo/textures/modern_kitchen/modern_kitchen_counter_1_outer.png
[2026-01-16T23:32:47.970Z] Checking: assets/nexo/textures/modern_kitchen/modern_kitchen_counter_1_right.png (isDirectory: false)
[2026-01-16T23:32:47.970Z] Found assets folder content
[2026-01-16T23:32:47.970Z] Validating image: assets/nexo/textures/modern_kitchen/modern_kitchen_counter_1_right.png
[2026-01-16T23:32:47.971Z] Checking: assets/nexo/textures/modern_kitchen/modern_kitchen_counter_1_straight.png (isDirectory: false)
[2026-01-16T23:32:47.971Z] Found assets folder content
[2026-01-16T23:32:47.971Z] Validating image: assets/nexo/textures/modern_kitchen/modern_kitchen_counter_1_straight.png
[2026-01-16T23:32:47.971Z] Checking: assets/nexo/textures/modern_kitchen/modern_kitchen_dish_rack.png (isDirectory: false)
[2026-01-16T23:32:47.971Z] Found assets folder content
[2026-01-16T23:32:47.971Z] Validating image: assets/nexo/textures/modern_kitchen/modern_kitchen_dish_rack.png
[2026-01-16T23:32:47.972Z] Checking: assets/nexo/textures/modern_kitchen/modern_kitchen_exhaust_hood.png (isDirectory: false)
[2026-01-16T23:32:47.972Z] Found assets folder content
[2026-01-16T23:32:47.972Z] Validating image: assets/nexo/textures/modern_kitchen/modern_kitchen_exhaust_hood.png
[2026-01-16T23:32:47.972Z] Checking: assets/nexo/textures/modern_kitchen/modern_kitchen_fridge_green.png (isDirectory: false)
[2026-01-16T23:32:47.972Z] Found assets folder content
[2026-01-16T23:32:47.972Z] Validating image: assets/nexo/textures/modern_kitchen/modern_kitchen_fridge_green.png
[2026-01-16T23:32:47.973Z] Checking: assets/nexo/textures/modern_kitchen/modern_kitchen_fridge_silver.png (isDirectory: false)
[2026-01-16T23:32:47.973Z] Found assets folder content
[2026-01-16T23:32:47.973Z] Validating image: assets/nexo/textures/modern_kitchen/modern_kitchen_fridge_silver.png
[2026-01-16T23:32:47.973Z] Checking: assets/nexo/textures/modern_kitchen/modern_kitchen_hanging_lamp.png (isDirectory: false)
[2026-01-16T23:32:47.973Z] Found assets folder content
[2026-01-16T23:32:47.973Z] Validating image: assets/nexo/textures/modern_kitchen/modern_kitchen_hanging_lamp.png
[2026-01-16T23:32:47.974Z] Checking: assets/nexo/textures/modern_kitchen/modern_kitchen_hanging_lamp_off.png (isDirectory: false)
[2026-01-16T23:32:47.974Z] Found assets folder content
[2026-01-16T23:32:47.974Z] Validating image: assets/nexo/textures/modern_kitchen/modern_kitchen_hanging_lamp_off.png
[2026-01-16T23:32:47.974Z] Checking: assets/nexo/textures/modern_kitchen/modern_kitchen_island.png (isDirectory: false)
[2026-01-16T23:32:47.974Z] Found assets folder content
[2026-01-16T23:32:47.974Z] Validating image: assets/nexo/textures/modern_kitchen/modern_kitchen_island.png
[2026-01-16T23:32:47.975Z] Checking: assets/nexo/textures/modern_kitchen/modern_kitchen_island_stove.png (isDirectory: false)
[2026-01-16T23:32:47.975Z] Found assets folder content
[2026-01-16T23:32:47.975Z] Validating image: assets/nexo/textures/modern_kitchen/modern_kitchen_island_stove.png
[2026-01-16T23:32:47.975Z] Checking: assets/nexo/textures/modern_kitchen/modern_kitchen_microwave_green.png (isDirectory: false)
[2026-01-16T23:32:47.975Z] Found assets folder content
[2026-01-16T23:32:47.975Z] Validating image: assets/nexo/textures/modern_kitchen/modern_kitchen_microwave_green.png
[2026-01-16T23:32:47.975Z] Checking: assets/nexo/textures/modern_kitchen/modern_kitchen_microwave_silver.png (isDirectory: false)
[2026-01-16T23:32:47.976Z] Found assets folder content
[2026-01-16T23:32:47.976Z] Validating image: assets/nexo/textures/modern_kitchen/modern_kitchen_microwave_silver.png
[2026-01-16T23:32:47.976Z] Checking: assets/nexo/textures/modern_kitchen/modern_kitchen_sink.png (isDirectory: false)
[2026-01-16T23:32:47.976Z] Found assets folder content
[2026-01-16T23:32:47.976Z] Validating image: assets/nexo/textures/modern_kitchen/modern_kitchen_sink.png
[2026-01-16T23:32:47.976Z] Checking: assets/nexo/textures/modern_kitchen/modern_kitchen_stove_green.png (isDirectory: false)
[2026-01-16T23:32:47.977Z] Found assets folder content
[2026-01-16T23:32:47.977Z] Validating image: assets/nexo/textures/modern_kitchen/modern_kitchen_stove_green.png
[2026-01-16T23:32:47.977Z] Checking: assets/nexo/textures/modern_kitchen/modern_kitchen_stove_silver.png (isDirectory: false)
[2026-01-16T23:32:47.977Z] Found assets folder content
[2026-01-16T23:32:47.977Z] Validating image: assets/nexo/textures/modern_kitchen/modern_kitchen_stove_silver.png
[2026-01-16T23:32:47.978Z] Checking: assets/nexo/textures/modern_kitchen/modern_kitchen_toaster_green.png (isDirectory: false)
[2026-01-16T23:32:47.978Z] Found assets folder content
[2026-01-16T23:32:47.978Z] Validating image: assets/nexo/textures/modern_kitchen/modern_kitchen_toaster_green.png
[2026-01-16T23:32:47.978Z] Checking: assets/nexo/textures/modern_kitchen/modern_kitchen_toaster_silver.png (isDirectory: false)
[2026-01-16T23:32:47.978Z] Found assets folder content
[2026-01-16T23:32:47.978Z] Validating image: assets/nexo/textures/modern_kitchen/modern_kitchen_toaster_silver.png
[2026-01-16T23:32:47.979Z] Checking: assets/nexo/textures/modern_kitchen/modern_kitchen_trash_can_green.png (isDirectory: false)
[2026-01-16T23:32:47.979Z] Found assets folder content
[2026-01-16T23:32:47.979Z] Validating image: assets/nexo/textures/modern_kitchen/modern_kitchen_trash_can_green.png
[2026-01-16T23:32:47.979Z] Checking: assets/nexo/textures/modern_kitchen/modern_kitchen_trash_can_silver.png (isDirectory: false)
[2026-01-16T23:32:47.979Z] Found assets folder content
[2026-01-16T23:32:47.979Z] Validating image: assets/nexo/textures/modern_kitchen/modern_kitchen_trash_can_silver.png
[2026-01-16T23:32:47.980Z] Checking: assets/nexo/textures/quest_boards_v2/large_quest_board.png (isDirectory: false)
[2026-01-16T23:32:47.980Z] Found assets folder content
[2026-01-16T23:32:47.980Z] Validating image: assets/nexo/textures/quest_boards_v2/large_quest_board.png
[2026-01-16T23:32:47.980Z] Checking: assets/nexo/textures/quest_boards_v2/large_quest_board_dyeable.png (isDirectory: false)
[2026-01-16T23:32:47.980Z] Found assets folder content
[2026-01-16T23:32:47.980Z] Validating image: assets/nexo/textures/quest_boards_v2/large_quest_board_dyeable.png
[2026-01-16T23:32:47.981Z] Checking: assets/nexo/textures/quest_boards_v2/medium_quest_board.png (isDirectory: false)
[2026-01-16T23:32:47.981Z] Found assets folder content
[2026-01-16T23:32:47.981Z] Validating image: assets/nexo/textures/quest_boards_v2/medium_quest_board.png
[2026-01-16T23:32:47.981Z] Checking: assets/nexo/textures/quest_boards_v2/medium_quest_board_dyeable.png (isDirectory: false)
[2026-01-16T23:32:47.981Z] Found assets folder content
[2026-01-16T23:32:47.981Z] Validating image: assets/nexo/textures/quest_boards_v2/medium_quest_board_dyeable.png
[2026-01-16T23:32:47.982Z] Checking: assets/nexo/textures/quest_boards_v2/small_quest_board.png (isDirectory: false)
[2026-01-16T23:32:47.982Z] Found assets folder content
[2026-01-16T23:32:47.982Z] Validating image: assets/nexo/textures/quest_boards_v2/small_quest_board.png
[2026-01-16T23:32:47.982Z] Checking: assets/nexo/textures/spider_decor/corner_web_2x2.png (isDirectory: false)
[2026-01-16T23:32:47.982Z] Found assets folder content
[2026-01-16T23:32:47.983Z] Validating image: assets/nexo/textures/spider_decor/corner_web_2x2.png
[2026-01-16T23:32:47.983Z] Checking: assets/nexo/textures/spider_decor/corner_web_3x2.png (isDirectory: false)
[2026-01-16T23:32:47.983Z] Found assets folder content
[2026-01-16T23:32:47.983Z] Validating image: assets/nexo/textures/spider_decor/corner_web_3x2.png
[2026-01-16T23:32:47.983Z] Checking: assets/nexo/textures/spider_decor/egg_sack_medium.png (isDirectory: false)
[2026-01-16T23:32:47.983Z] Found assets folder content
[2026-01-16T23:32:47.984Z] Validating image: assets/nexo/textures/spider_decor/egg_sack_medium.png
[2026-01-16T23:32:47.984Z] Checking: assets/nexo/textures/spider_decor/egg_sack_small.png (isDirectory: false)
[2026-01-16T23:32:47.984Z] Found assets folder content
[2026-01-16T23:32:47.984Z] Validating image: assets/nexo/textures/spider_decor/egg_sack_small.png
[2026-01-16T23:32:47.984Z] Checking: assets/nexo/textures/spider_decor/hanging_web_1x1.png (isDirectory: false)
[2026-01-16T23:32:47.984Z] Found assets folder content
[2026-01-16T23:32:47.984Z] Validating image: assets/nexo/textures/spider_decor/hanging_web_1x1.png
[2026-01-16T23:32:47.985Z] Checking: assets/nexo/textures/spider_decor/hanging_web_1x2.png (isDirectory: false)
[2026-01-16T23:32:47.985Z] Found assets folder content
[2026-01-16T23:32:47.985Z] Validating image: assets/nexo/textures/spider_decor/hanging_web_1x2.png
[2026-01-16T23:32:47.985Z] Checking: assets/nexo/textures/spider_decor/hanging_web_2x2.png (isDirectory: false)
[2026-01-16T23:32:47.985Z] Found assets folder content
[2026-01-16T23:32:47.985Z] Validating image: assets/nexo/textures/spider_decor/hanging_web_2x2.png
[2026-01-16T23:32:47.986Z] Checking: assets/nexo/textures/spider_decor/hanging_web_3x2.png (isDirectory: false)
[2026-01-16T23:32:47.986Z] Found assets folder content
[2026-01-16T23:32:47.986Z] Validating image: assets/nexo/textures/spider_decor/hanging_web_3x2.png
[2026-01-16T23:32:47.986Z] Checking: assets/nexo/textures/spider_decor/spider_hole_large.png (isDirectory: false)
[2026-01-16T23:32:47.986Z] Found assets folder content
[2026-01-16T23:32:47.986Z] Validating image: assets/nexo/textures/spider_decor/spider_hole_large.png
[2026-01-16T23:32:47.986Z] Checking: assets/nexo/textures/spider_decor/spider_hole_small.png (isDirectory: false)
[2026-01-16T23:32:47.987Z] Found assets folder content
[2026-01-16T23:32:47.987Z] Validating image: assets/nexo/textures/spider_decor/spider_hole_small.png
[2026-01-16T23:32:47.987Z] Checking: assets/nexo/textures/spider_decor/web_wrapped_player_hanging.png (isDirectory: false)
[2026-01-16T23:32:47.987Z] Found assets folder content
[2026-01-16T23:32:47.988Z] Validating image: assets/nexo/textures/spider_decor/web_wrapped_player_hanging.png
[2026-01-16T23:32:47.988Z] Checking: assets/nexo/textures/spider_decor/web_wrapped_player_standing.png (isDirectory: false)
[2026-01-16T23:32:47.988Z] Found assets folder content
[2026-01-16T23:32:47.988Z] Validating image: assets/nexo/textures/spider_decor/web_wrapped_player_standing.png
[2026-01-16T23:32:47.988Z] Checking: assets/nexo/textures/spider_decor/web_wrapped_player_wall.png (isDirectory: false)
[2026-01-16T23:32:47.988Z] Found assets folder content
[2026-01-16T23:32:47.989Z] Validating image: assets/nexo/textures/spider_decor/web_wrapped_player_wall.png
[2026-01-16T23:32:47.989Z] Checking: assets/nexo/textures/vanilla_tools/shields/copper_shield.png (isDirectory: false)
[2026-01-16T23:32:47.989Z] Found assets folder content
[2026-01-16T23:32:47.989Z] Validating image: assets/nexo/textures/vanilla_tools/shields/copper_shield.png
[2026-01-16T23:32:47.989Z] Checking: assets/nexo/textures/vanilla_tools/shields/diamond_shield.png (isDirectory: false)
[2026-01-16T23:32:47.989Z] Found assets folder content
[2026-01-16T23:32:47.990Z] Validating image: assets/nexo/textures/vanilla_tools/shields/diamond_shield.png
[2026-01-16T23:32:47.990Z] Checking: assets/nexo/textures/vanilla_tools/shields/golden_shield.png (isDirectory: false)
[2026-01-16T23:32:47.990Z] Found assets folder content
[2026-01-16T23:32:47.990Z] Validating image: assets/nexo/textures/vanilla_tools/shields/golden_shield.png
[2026-01-16T23:32:47.990Z] Checking: assets/nexo/textures/vanilla_tools/shields/iron_shield.png (isDirectory: false)
[2026-01-16T23:32:47.990Z] Found assets folder content
[2026-01-16T23:32:47.990Z] Validating image: assets/nexo/textures/vanilla_tools/shields/iron_shield.png
[2026-01-16T23:32:47.991Z] Checking: assets/nexo/textures/vanilla_tools/shields/netherite_shield.png (isDirectory: false)
[2026-01-16T23:32:47.991Z] Found assets folder content
[2026-01-16T23:32:47.991Z] Validating image: assets/nexo/textures/vanilla_tools/shields/netherite_shield.png
[2026-01-16T23:32:47.991Z] Checking: assets/nexo/textures/vanilla_tools/shields/stone_shield.png (isDirectory: false)
[2026-01-16T23:32:47.991Z] Found assets folder content
[2026-01-16T23:32:47.991Z] Validating image: assets/nexo/textures/vanilla_tools/shields/stone_shield.png
[2026-01-16T23:32:47.992Z] Checking: assets/nexo/textures/vanilla_tools/shields/wooden_shield.png (isDirectory: false)
[2026-01-16T23:32:47.992Z] Found assets folder content
[2026-01-16T23:32:47.992Z] Validating image: assets/nexo/textures/vanilla_tools/shields/wooden_shield.png
[2026-01-16T23:32:47.992Z] Checking: assets/minecraft/textures/workshop_six/campfires/bonfire_lit.png (isDirectory: false)
[2026-01-16T23:32:47.992Z] Found assets folder content
[2026-01-16T23:32:47.992Z] Validating image: assets/minecraft/textures/workshop_six/campfires/bonfire_lit.png
[2026-01-16T23:32:47.993Z] Checking: assets/minecraft/textures/workshop_six/campfires/bonfire_lit.png.mcmeta (isDirectory: false)
[2026-01-16T23:32:47.993Z] Found assets folder content
[2026-01-16T23:32:47.993Z] Checking: assets/minecraft/textures/workshop_six/campfires/campfire_lit.png (isDirectory: false)
[2026-01-16T23:32:47.993Z] Found assets folder content
[2026-01-16T23:32:47.993Z] Validating image: assets/minecraft/textures/workshop_six/campfires/campfire_lit.png
[2026-01-16T23:32:47.994Z] Checking: assets/minecraft/textures/workshop_six/campfires/campfire_lit.png.mcmeta (isDirectory: false)
[2026-01-16T23:32:47.994Z] Found assets folder content
[2026-01-16T23:32:47.994Z] Checking: assets/minecraft/textures/workshop_six/campfires/large_fire.png (isDirectory: false)
[2026-01-16T23:32:47.994Z] Found assets folder content
[2026-01-16T23:32:47.994Z] Validating image: assets/minecraft/textures/workshop_six/campfires/large_fire.png
[2026-01-16T23:32:47.994Z] Checking: assets/minecraft/textures/workshop_six/campfires/large_fire.png.mcmeta (isDirectory: false)
[2026-01-16T23:32:47.995Z] Found assets folder content
[2026-01-16T23:32:47.995Z] Checking: assets/minecraft/textures/workshop_six/campfires/small_fire.png (isDirectory: false)
[2026-01-16T23:32:47.995Z] Found assets folder content
[2026-01-16T23:32:47.995Z] Validating image: assets/minecraft/textures/workshop_six/campfires/small_fire.png
[2026-01-16T23:32:47.995Z] Checking: assets/minecraft/textures/workshop_six/campfires/small_fire.png.mcmeta (isDirectory: false)
[2026-01-16T23:32:47.995Z] Found assets folder content
[2026-01-16T23:32:47.996Z] Checking: assets/minecraft/textures/workshop_six/blacksmith_forge_furniture/blacksmith_forge_smoke.png (isDirectory: false)
[2026-01-16T23:32:47.996Z] Found assets folder content
[2026-01-16T23:32:47.996Z] Validating image: assets/minecraft/textures/workshop_six/blacksmith_forge_furniture/blacksmith_forge_smoke.png
[2026-01-16T23:32:47.996Z] Checking: assets/minecraft/textures/workshop_six/blacksmith_forge_furniture/blacksmith_forge_smoke.png.mcmeta (isDirectory: false)
[2026-01-16T23:32:47.996Z] Found assets folder content
[2026-01-16T23:32:47.996Z] Checking: assets/minecraft/textures/workshop_six/streetlamps/streetlamp_light.png (isDirectory: false)
[2026-01-16T23:32:47.997Z] Found assets folder content
[2026-01-16T23:32:47.997Z] Validating image: assets/minecraft/textures/workshop_six/streetlamps/streetlamp_light.png
[2026-01-16T23:32:47.997Z] Checking: assets/minecraft/textures/workshop_six/streetlamps/streetlamp_light.png.mcmeta (isDirectory: false)
[2026-01-16T23:32:47.997Z] Found assets folder content
[2026-01-16T23:32:47.997Z] Checking: assets/minecraft/textures/workshop_six/torches_braziers/brazier_stone_inside.png (isDirectory: false)
[2026-01-16T23:32:47.998Z] Found assets folder content
[2026-01-16T23:32:47.998Z] Validating image: assets/minecraft/textures/workshop_six/torches_braziers/brazier_stone_inside.png
[2026-01-16T23:32:47.998Z] Checking: assets/minecraft/textures/workshop_six/torches_braziers/brazier_stone_inside.png.mcmeta (isDirectory: false)
[2026-01-16T23:32:47.998Z] Found assets folder content
[2026-01-16T23:32:47.998Z] Checking: assets/minecraft/textures/workshop_six/torches_braziers/large_fire.png (isDirectory: false)
[2026-01-16T23:32:47.998Z] Found assets folder content
[2026-01-16T23:32:47.999Z] Validating image: assets/minecraft/textures/workshop_six/torches_braziers/large_fire.png
[2026-01-16T23:32:47.999Z] Checking: assets/minecraft/textures/workshop_six/torches_braziers/large_fire.png.mcmeta (isDirectory: false)
[2026-01-16T23:32:47.999Z] Found assets folder content
[2026-01-16T23:32:47.999Z] Checking: assets/minecraft/textures/workshop_six/torches_braziers/small_fire.png (isDirectory: false)
[2026-01-16T23:32:47.999Z] Found assets folder content
[2026-01-16T23:32:47.999Z] Validating image: assets/minecraft/textures/workshop_six/torches_braziers/small_fire.png
[2026-01-16T23:32:48.000Z] Checking: assets/minecraft/textures/workshop_six/torches_braziers/small_fire.png.mcmeta (isDirectory: false)
[2026-01-16T23:32:48.000Z] Found assets folder content
[2026-01-16T23:32:48.000Z] Checking: assets/minecraft/textures/workshop_six/torches_braziers/torch_cross_inside.png (isDirectory: false)
[2026-01-16T23:32:48.000Z] Found assets folder content
[2026-01-16T23:32:48.000Z] Validating image: assets/minecraft/textures/workshop_six/torches_braziers/torch_cross_inside.png
[2026-01-16T23:32:48.000Z] Checking: assets/minecraft/textures/workshop_six/torches_braziers/torch_cross_inside.png.mcmeta (isDirectory: false)
[2026-01-16T23:32:48.000Z] Found assets folder content
[2026-01-16T23:32:48.001Z] Checking: assets/minecraft/textures/workshop_six/torches_braziers/torch_inside.png (isDirectory: false)
[2026-01-16T23:32:48.001Z] Found assets folder content
[2026-01-16T23:32:48.001Z] Validating image: assets/minecraft/textures/workshop_six/torches_braziers/torch_inside.png
[2026-01-16T23:32:48.001Z] Checking: assets/minecraft/textures/workshop_six/torches_braziers/torch_inside.png.mcmeta (isDirectory: false)
[2026-01-16T23:32:48.001Z] Found assets folder content
[2026-01-16T23:32:48.001Z] Checking: assets/minecraft/textures/workshop_six/torches_braziers/torch_log_inside.png (isDirectory: false)
[2026-01-16T23:32:48.002Z] Found assets folder content
[2026-01-16T23:32:48.002Z] Validating image: assets/minecraft/textures/workshop_six/torches_braziers/torch_log_inside.png
[2026-01-16T23:32:48.002Z] Checking: assets/minecraft/textures/workshop_six/torches_braziers/torch_log_inside.png.mcmeta (isDirectory: false)
[2026-01-16T23:32:48.002Z] Found assets folder content
[2026-01-16T23:32:48.002Z] Checking: assets/minecraft/textures/workshop_six/barricades_palisades_minipack/barricade.png (isDirectory: false)
[2026-01-16T23:32:48.003Z] Found assets folder content
[2026-01-16T23:32:48.003Z] Validating image: assets/minecraft/textures/workshop_six/barricades_palisades_minipack/barricade.png
[2026-01-16T23:32:48.003Z] Checking: assets/minecraft/textures/workshop_six/barricades_palisades_minipack/spiked_palisades.png (isDirectory: false)
[2026-01-16T23:32:48.003Z] Found assets folder content
[2026-01-16T23:32:48.004Z] Validating image: assets/minecraft/textures/workshop_six/barricades_palisades_minipack/spiked_palisades.png
[2026-01-16T23:32:48.004Z] Checking: assets/minecraft/textures/workshop_six/benches_minipack/iron_bench.png (isDirectory: false)
[2026-01-16T23:32:48.004Z] Found assets folder content
[2026-01-16T23:32:48.004Z] Validating image: assets/minecraft/textures/workshop_six/benches_minipack/iron_bench.png
[2026-01-16T23:32:48.004Z] Checking: assets/minecraft/textures/workshop_six/benches_minipack/ironwood_bench.png (isDirectory: false)
[2026-01-16T23:32:48.004Z] Found assets folder content
[2026-01-16T23:32:48.005Z] Validating image: assets/minecraft/textures/workshop_six/benches_minipack/ironwood_bench.png
[2026-01-16T23:32:48.005Z] Checking: assets/minecraft/textures/workshop_six/benches_minipack/wooden_bench.png (isDirectory: false)
[2026-01-16T23:32:48.005Z] Found assets folder content
[2026-01-16T23:32:48.005Z] Validating image: assets/minecraft/textures/workshop_six/benches_minipack/wooden_bench.png
[2026-01-16T23:32:48.005Z] Checking: assets/minecraft/textures/workshop_six/books_bookshelves_minipack/book_blue.png (isDirectory: false)
[2026-01-16T23:32:48.005Z] Found assets folder content
[2026-01-16T23:32:48.006Z] Validating image: assets/minecraft/textures/workshop_six/books_bookshelves_minipack/book_blue.png
[2026-01-16T23:32:48.006Z] Checking: assets/minecraft/textures/workshop_six/books_bookshelves_minipack/book_green.png (isDirectory: false)
[2026-01-16T23:32:48.006Z] Found assets folder content
[2026-01-16T23:32:48.006Z] Validating image: assets/minecraft/textures/workshop_six/books_bookshelves_minipack/book_green.png
[2026-01-16T23:32:48.006Z] Checking: assets/minecraft/textures/workshop_six/books_bookshelves_minipack/book_purple.png (isDirectory: false)
[2026-01-16T23:32:48.006Z] Found assets folder content
[2026-01-16T23:32:48.006Z] Validating image: assets/minecraft/textures/workshop_six/books_bookshelves_minipack/book_purple.png
[2026-01-16T23:32:48.007Z] Checking: assets/minecraft/textures/workshop_six/books_bookshelves_minipack/bookshelf.png (isDirectory: false)
[2026-01-16T23:32:48.007Z] Found assets folder content
[2026-01-16T23:32:48.007Z] Validating image: assets/minecraft/textures/workshop_six/books_bookshelves_minipack/bookshelf.png
[2026-01-16T23:32:48.007Z] Checking: assets/minecraft/textures/workshop_six/campfires/bonfire_unlit.png (isDirectory: false)
[2026-01-16T23:32:48.007Z] Found assets folder content
[2026-01-16T23:32:48.007Z] Validating image: assets/minecraft/textures/workshop_six/campfires/bonfire_unlit.png
[2026-01-16T23:32:48.008Z] Checking: assets/minecraft/textures/workshop_six/campfires/campfire_cooking_pot.png (isDirectory: false)
[2026-01-16T23:32:48.008Z] Found assets folder content
[2026-01-16T23:32:48.008Z] Validating image: assets/minecraft/textures/workshop_six/campfires/campfire_cooking_pot.png
[2026-01-16T23:32:48.008Z] Checking: assets/minecraft/textures/workshop_six/campfires/campfire_unlit.png (isDirectory: false)
[2026-01-16T23:32:48.008Z] Found assets folder content
[2026-01-16T23:32:48.008Z] Validating image: assets/minecraft/textures/workshop_six/campfires/campfire_unlit.png
[2026-01-16T23:32:48.009Z] Checking: assets/minecraft/textures/workshop_six/cardboard_boxes_minipack/cardboard_box.png (isDirectory: false)
[2026-01-16T23:32:48.009Z] Found assets folder content
[2026-01-16T23:32:48.009Z] Validating image: assets/minecraft/textures/workshop_six/cardboard_boxes_minipack/cardboard_box.png
[2026-01-16T23:32:48.009Z] Checking: assets/minecraft/textures/workshop_six/cardboard_boxes_minipack/cardboard_box_open.png (isDirectory: false)
[2026-01-16T23:32:48.009Z] Found assets folder content
[2026-01-16T23:32:48.010Z] Validating image: assets/minecraft/textures/workshop_six/cardboard_boxes_minipack/cardboard_box_open.png
[2026-01-16T23:32:48.010Z] Checking: assets/minecraft/textures/workshop_six/cardboard_boxes_minipack/cardboard_box_small.png (isDirectory: false)
[2026-01-16T23:32:48.010Z] Found assets folder content
[2026-01-16T23:32:48.010Z] Validating image: assets/minecraft/textures/workshop_six/cardboard_boxes_minipack/cardboard_box_small.png
[2026-01-16T23:32:48.010Z] Checking: assets/minecraft/textures/workshop_six/cardboard_boxes_minipack/cardboard_box_stack_1.png (isDirectory: false)
[2026-01-16T23:32:48.011Z] Found assets folder content
[2026-01-16T23:32:48.011Z] Validating image: assets/minecraft/textures/workshop_six/cardboard_boxes_minipack/cardboard_box_stack_1.png
[2026-01-16T23:32:48.011Z] Checking: assets/minecraft/textures/workshop_six/cardboard_boxes_minipack/cardboard_box_stack_2.png (isDirectory: false)
[2026-01-16T23:32:48.011Z] Found assets folder content
[2026-01-16T23:32:48.011Z] Validating image: assets/minecraft/textures/workshop_six/cardboard_boxes_minipack/cardboard_box_stack_2.png
[2026-01-16T23:32:48.011Z] Checking: assets/minecraft/textures/workshop_six/crafting_table_minipack/crafting_table.png (isDirectory: false)
[2026-01-16T23:32:48.011Z] Found assets folder content
[2026-01-16T23:32:48.012Z] Validating image: assets/minecraft/textures/workshop_six/crafting_table_minipack/crafting_table.png
[2026-01-16T23:32:48.012Z] Checking: assets/minecraft/textures/workshop_six/crate_barrel_minipack/barrel.png (isDirectory: false)
[2026-01-16T23:32:48.012Z] Found assets folder content
[2026-01-16T23:32:48.012Z] Validating image: assets/minecraft/textures/workshop_six/crate_barrel_minipack/barrel.png
[2026-01-16T23:32:48.012Z] Checking: assets/minecraft/textures/workshop_six/crate_barrel_minipack/crate.png (isDirectory: false)
[2026-01-16T23:32:48.013Z] Found assets folder content
[2026-01-16T23:32:48.013Z] Validating image: assets/minecraft/textures/workshop_six/crate_barrel_minipack/crate.png
[2026-01-16T23:32:48.013Z] Checking: assets/minecraft/textures/workshop_six/crate_barrel_minipack/large_crate.png (isDirectory: false)
[2026-01-16T23:32:48.013Z] Found assets folder content
[2026-01-16T23:32:48.013Z] Validating image: assets/minecraft/textures/workshop_six/crate_barrel_minipack/large_crate.png
[2026-01-16T23:32:48.014Z] Checking: assets/minecraft/textures/workshop_six/farm_furniture/cart.png (isDirectory: false)
[2026-01-16T23:32:48.014Z] Found assets folder content
[2026-01-16T23:32:48.014Z] Validating image: assets/minecraft/textures/workshop_six/farm_furniture/cart.png
[2026-01-16T23:32:48.014Z] Checking: assets/minecraft/textures/workshop_six/farm_furniture/chicken_coop.png (isDirectory: false)
[2026-01-16T23:32:48.014Z] Found assets folder content
[2026-01-16T23:32:48.014Z] Validating image: assets/minecraft/textures/workshop_six/farm_furniture/chicken_coop.png
[2026-01-16T23:32:48.015Z] Checking: assets/minecraft/textures/workshop_six/farm_furniture/farm_trough.png (isDirectory: false)
[2026-01-16T23:32:48.015Z] Found assets folder content
[2026-01-16T23:32:48.015Z] Validating image: assets/minecraft/textures/workshop_six/farm_furniture/farm_trough.png
[2026-01-16T23:32:48.015Z] Checking: assets/minecraft/textures/workshop_six/farm_furniture/farm_trough_messy.png (isDirectory: false)
[2026-01-16T23:32:48.015Z] Found assets folder content
[2026-01-16T23:32:48.015Z] Validating image: assets/minecraft/textures/workshop_six/farm_furniture/farm_trough_messy.png
[2026-01-16T23:32:48.016Z] Checking: assets/minecraft/textures/workshop_six/farm_furniture/farm_wall_rack.png (isDirectory: false)
[2026-01-16T23:32:48.016Z] Found assets folder content
[2026-01-16T23:32:48.016Z] Validating image: assets/minecraft/textures/workshop_six/farm_furniture/farm_wall_rack.png
[2026-01-16T23:32:48.016Z] Checking: assets/minecraft/textures/workshop_six/farm_furniture/haybale.png (isDirectory: false)
[2026-01-16T23:32:48.016Z] Found assets folder content
[2026-01-16T23:32:48.016Z] Validating image: assets/minecraft/textures/workshop_six/farm_furniture/haybale.png
[2026-01-16T23:32:48.017Z] Checking: assets/minecraft/textures/workshop_six/farm_furniture/ladder.png (isDirectory: false)
[2026-01-16T23:32:48.017Z] Found assets folder content
[2026-01-16T23:32:48.017Z] Validating image: assets/minecraft/textures/workshop_six/farm_furniture/ladder.png
[2026-01-16T23:32:48.017Z] Checking: assets/minecraft/textures/workshop_six/farm_furniture/scarecrow.png (isDirectory: false)
[2026-01-16T23:32:48.017Z] Found assets folder content
[2026-01-16T23:32:48.017Z] Validating image: assets/minecraft/textures/workshop_six/farm_furniture/scarecrow.png
[2026-01-16T23:32:48.017Z] Checking: assets/minecraft/textures/workshop_six/farm_furniture/weather_vane.png (isDirectory: false)
[2026-01-16T23:32:48.018Z] Found assets folder content
[2026-01-16T23:32:48.018Z] Validating image: assets/minecraft/textures/workshop_six/farm_furniture/weather_vane.png
[2026-01-16T23:32:48.018Z] Checking: assets/minecraft/textures/workshop_six/fishing_furniture/bucket.png (isDirectory: false)
[2026-01-16T23:32:48.018Z] Found assets folder content
[2026-01-16T23:32:48.018Z] Validating image: assets/minecraft/textures/workshop_six/fishing_furniture/bucket.png
[2026-01-16T23:32:48.018Z] Checking: assets/minecraft/textures/workshop_six/fishing_furniture/fish_drying_rack.png (isDirectory: false)
[2026-01-16T23:32:48.019Z] Found assets folder content
[2026-01-16T23:32:48.019Z] Validating image: assets/minecraft/textures/workshop_six/fishing_furniture/fish_drying_rack.png
[2026-01-16T23:32:48.019Z] Checking: assets/minecraft/textures/workshop_six/fishing_furniture/fish_drying_rack_tall.png (isDirectory: false)
[2026-01-16T23:32:48.019Z] Found assets folder content
[2026-01-16T23:32:48.019Z] Validating image: assets/minecraft/textures/workshop_six/fishing_furniture/fish_drying_rack_tall.png
[2026-01-16T23:32:48.020Z] Checking: assets/minecraft/textures/workshop_six/fishing_furniture/fish_hanging_rack.png (isDirectory: false)
[2026-01-16T23:32:48.020Z] Found assets folder content
[2026-01-16T23:32:48.020Z] Validating image: assets/minecraft/textures/workshop_six/fishing_furniture/fish_hanging_rack.png
[2026-01-16T23:32:48.020Z] Checking: assets/minecraft/textures/workshop_six/fishing_furniture/fish_hanging_rack_large.png (isDirectory: false)
[2026-01-16T23:32:48.020Z] Found assets folder content
[2026-01-16T23:32:48.020Z] Validating image: assets/minecraft/textures/workshop_six/fishing_furniture/fish_hanging_rack_large.png
[2026-01-16T23:32:48.020Z] Checking: assets/minecraft/textures/workshop_six/fishing_furniture/fish_station.png (isDirectory: false)
[2026-01-16T23:32:48.021Z] Found assets folder content
[2026-01-16T23:32:48.021Z] Validating image: assets/minecraft/textures/workshop_six/fishing_furniture/fish_station.png
[2026-01-16T23:32:48.021Z] Checking: assets/minecraft/textures/workshop_six/fishing_furniture/fishing_rod_stand.png (isDirectory: false)
[2026-01-16T23:32:48.021Z] Found assets folder content
[2026-01-16T23:32:48.021Z] Validating image: assets/minecraft/textures/workshop_six/fishing_furniture/fishing_rod_stand.png
[2026-01-16T23:32:48.021Z] Checking: assets/minecraft/textures/workshop_six/fishing_furniture/shark_rack.png (isDirectory: false)
[2026-01-16T23:32:48.022Z] Found assets folder content
[2026-01-16T23:32:48.022Z] Validating image: assets/minecraft/textures/workshop_six/fishing_furniture/shark_rack.png
[2026-01-16T23:32:48.022Z] Checking: assets/minecraft/textures/workshop_six/fishing_furniture/tackle_box_blue.png (isDirectory: false)
[2026-01-16T23:32:48.022Z] Found assets folder content
[2026-01-16T23:32:48.022Z] Validating image: assets/minecraft/textures/workshop_six/fishing_furniture/tackle_box_blue.png
[2026-01-16T23:32:48.022Z] Checking: assets/minecraft/textures/workshop_six/blacksmith_forge_furniture/blacksmith_anvil.png (isDirectory: false)
[2026-01-16T23:32:48.023Z] Found assets folder content
[2026-01-16T23:32:48.023Z] Validating image: assets/minecraft/textures/workshop_six/blacksmith_forge_furniture/blacksmith_anvil.png
[2026-01-16T23:32:48.023Z] Checking: assets/minecraft/textures/workshop_six/blacksmith_forge_furniture/blacksmith_forge.png (isDirectory: false)
[2026-01-16T23:32:48.023Z] Found assets folder content
[2026-01-16T23:32:48.023Z] Validating image: assets/minecraft/textures/workshop_six/blacksmith_forge_furniture/blacksmith_forge.png
[2026-01-16T23:32:48.023Z] Checking: assets/minecraft/textures/workshop_six/blacksmith_forge_furniture/blacksmith_grinding_wheel.png (isDirectory: false)
[2026-01-16T23:32:48.024Z] Found assets folder content
[2026-01-16T23:32:48.024Z] Validating image: assets/minecraft/textures/workshop_six/blacksmith_forge_furniture/blacksmith_grinding_wheel.png
[2026-01-16T23:32:48.024Z] Checking: assets/minecraft/textures/workshop_six/blacksmith_forge_furniture/blacksmith_shield.png (isDirectory: false)
[2026-01-16T23:32:48.024Z] Found assets folder content
[2026-01-16T23:32:48.024Z] Validating image: assets/minecraft/textures/workshop_six/blacksmith_forge_furniture/blacksmith_shield.png
[2026-01-16T23:32:48.024Z] Checking: assets/minecraft/textures/workshop_six/blacksmith_forge_furniture/blacksmith_spear.png (isDirectory: false)
[2026-01-16T23:32:48.025Z] Found assets folder content
[2026-01-16T23:32:48.025Z] Validating image: assets/minecraft/textures/workshop_six/blacksmith_forge_furniture/blacksmith_spear.png
[2026-01-16T23:32:48.025Z] Checking: assets/minecraft/textures/workshop_six/blacksmith_forge_furniture/blacksmith_sword.png (isDirectory: false)
[2026-01-16T23:32:48.025Z] Found assets folder content
[2026-01-16T23:32:48.025Z] Validating image: assets/minecraft/textures/workshop_six/blacksmith_forge_furniture/blacksmith_sword.png
[2026-01-16T23:32:48.025Z] Checking: assets/minecraft/textures/workshop_six/blacksmith_forge_furniture/blacksmith_sword_wall_rack.png (isDirectory: false)
[2026-01-16T23:32:48.025Z] Found assets folder content
[2026-01-16T23:32:48.026Z] Validating image: assets/minecraft/textures/workshop_six/blacksmith_forge_furniture/blacksmith_sword_wall_rack.png
[2026-01-16T23:32:48.026Z] Checking: assets/minecraft/textures/workshop_six/blacksmith_forge_furniture/blacksmith_water_bath.png (isDirectory: false)
[2026-01-16T23:32:48.026Z] Found assets folder content
[2026-01-16T23:32:48.026Z] Validating image: assets/minecraft/textures/workshop_six/blacksmith_forge_furniture/blacksmith_water_bath.png
[2026-01-16T23:32:48.026Z] Checking: assets/minecraft/textures/workshop_six/blacksmith_forge_furniture/blacksmith_weapon_stand.png (isDirectory: false)
[2026-01-16T23:32:48.026Z] Found assets folder content
[2026-01-16T23:32:48.027Z] Validating image: assets/minecraft/textures/workshop_six/blacksmith_forge_furniture/blacksmith_weapon_stand.png
[2026-01-16T23:32:48.027Z] Checking: assets/minecraft/textures/workshop_six/blacksmith_forge_furniture/blacksmith_weapon_stand_small.png (isDirectory: false)
[2026-01-16T23:32:48.027Z] Found assets folder content
[2026-01-16T23:32:48.027Z] Validating image: assets/minecraft/textures/workshop_six/blacksmith_forge_furniture/blacksmith_weapon_stand_small.png
[2026-01-16T23:32:48.027Z] Checking: assets/minecraft/textures/workshop_six/lanterns_lampposts_minipack/lamppost.png (isDirectory: false)
[2026-01-16T23:32:48.027Z] Found assets folder content
[2026-01-16T23:32:48.028Z] Validating image: assets/minecraft/textures/workshop_six/lanterns_lampposts_minipack/lamppost.png
[2026-01-16T23:32:48.028Z] Checking: assets/minecraft/textures/workshop_six/lanterns_lampposts_minipack/lamppost_double.png (isDirectory: false)
[2026-01-16T23:32:48.028Z] Found assets folder content
[2026-01-16T23:32:48.028Z] Validating image: assets/minecraft/textures/workshop_six/lanterns_lampposts_minipack/lamppost_double.png
[2026-01-16T23:32:48.028Z] Checking: assets/minecraft/textures/workshop_six/lanterns_lampposts_minipack/lantern_post.png (isDirectory: false)
[2026-01-16T23:32:48.029Z] Found assets folder content
[2026-01-16T23:32:48.029Z] Validating image: assets/minecraft/textures/workshop_six/lanterns_lampposts_minipack/lantern_post.png
[2026-01-16T23:32:48.029Z] Checking: assets/minecraft/textures/workshop_six/lanterns_lampposts_minipack/wall_lantern.png (isDirectory: false)
[2026-01-16T23:32:48.029Z] Found assets folder content
[2026-01-16T23:32:48.029Z] Validating image: assets/minecraft/textures/workshop_six/lanterns_lampposts_minipack/wall_lantern.png
[2026-01-16T23:32:48.029Z] Checking: assets/minecraft/textures/workshop_six/logs_lumber_minipack/axe_stump.png (isDirectory: false)
[2026-01-16T23:32:48.030Z] Found assets folder content
[2026-01-16T23:32:48.030Z] Validating image: assets/minecraft/textures/workshop_six/logs_lumber_minipack/axe_stump.png
[2026-01-16T23:32:48.030Z] Checking: assets/minecraft/textures/workshop_six/logs_lumber_minipack/cut_log_pile.png (isDirectory: false)
[2026-01-16T23:32:48.030Z] Found assets folder content
[2026-01-16T23:32:48.030Z] Validating image: assets/minecraft/textures/workshop_six/logs_lumber_minipack/cut_log_pile.png
[2026-01-16T23:32:48.030Z] Checking: assets/minecraft/textures/workshop_six/logs_lumber_minipack/log_pile.png (isDirectory: false)
[2026-01-16T23:32:48.030Z] Found assets folder content
[2026-01-16T23:32:48.031Z] Validating image: assets/minecraft/textures/workshop_six/logs_lumber_minipack/log_pile.png
[2026-01-16T23:32:48.031Z] Checking: assets/minecraft/textures/workshop_six/logs_lumber_minipack/split_log_pile.png (isDirectory: false)
[2026-01-16T23:32:48.031Z] Found assets folder content
[2026-01-16T23:32:48.031Z] Validating image: assets/minecraft/textures/workshop_six/logs_lumber_minipack/split_log_pile.png
[2026-01-16T23:32:48.031Z] Checking: assets/minecraft/textures/workshop_six/mailboxes_minipack/mailbin_blue.png (isDirectory: false)
[2026-01-16T23:32:48.031Z] Found assets folder content
[2026-01-16T23:32:48.032Z] Validating image: assets/minecraft/textures/workshop_six/mailboxes_minipack/mailbin_blue.png
[2026-01-16T23:32:48.032Z] Checking: assets/minecraft/textures/workshop_six/mailboxes_minipack/mailbin_green.png (isDirectory: false)
[2026-01-16T23:32:48.032Z] Found assets folder content
[2026-01-16T23:32:48.032Z] Validating image: assets/minecraft/textures/workshop_six/mailboxes_minipack/mailbin_green.png
[2026-01-16T23:32:48.032Z] Checking: assets/minecraft/textures/workshop_six/mailboxes_minipack/mailbin_red.png (isDirectory: false)
[2026-01-16T23:32:48.032Z] Found assets folder content
[2026-01-16T23:32:48.032Z] Validating image: assets/minecraft/textures/workshop_six/mailboxes_minipack/mailbin_red.png
[2026-01-16T23:32:48.033Z] Checking: assets/minecraft/textures/workshop_six/mailboxes_minipack/mailbox_blue.png (isDirectory: false)
[2026-01-16T23:32:48.033Z] Found assets folder content
[2026-01-16T23:32:48.033Z] Validating image: assets/minecraft/textures/workshop_six/mailboxes_minipack/mailbox_blue.png
[2026-01-16T23:32:48.033Z] Checking: assets/minecraft/textures/workshop_six/mailboxes_minipack/mailbox_green.png (isDirectory: false)
[2026-01-16T23:32:48.033Z] Found assets folder content
[2026-01-16T23:32:48.033Z] Validating image: assets/minecraft/textures/workshop_six/mailboxes_minipack/mailbox_green.png
[2026-01-16T23:32:48.034Z] Checking: assets/minecraft/textures/workshop_six/mailboxes_minipack/mailbox_red.png (isDirectory: false)
[2026-01-16T23:32:48.034Z] Found assets folder content
[2026-01-16T23:32:48.034Z] Validating image: assets/minecraft/textures/workshop_six/mailboxes_minipack/mailbox_red.png
[2026-01-16T23:32:48.034Z] Checking: assets/minecraft/textures/workshop_six/medieval_tavern_furniture/tavern_bar_counter.png (isDirectory: false)
[2026-01-16T23:32:48.034Z] Found assets folder content
[2026-01-16T23:32:48.034Z] Validating image: assets/minecraft/textures/workshop_six/medieval_tavern_furniture/tavern_bar_counter.png
[2026-01-16T23:32:48.034Z] Checking: assets/minecraft/textures/workshop_six/medieval_tavern_furniture/tavern_bench.png (isDirectory: false)
[2026-01-16T23:32:48.035Z] Found assets folder content
[2026-01-16T23:32:48.035Z] Validating image: assets/minecraft/textures/workshop_six/medieval_tavern_furniture/tavern_bench.png
[2026-01-16T23:32:48.035Z] Checking: assets/minecraft/textures/workshop_six/medieval_tavern_furniture/tavern_bottle_stack.png (isDirectory: false)
[2026-01-16T23:32:48.035Z] Found assets folder content
[2026-01-16T23:32:48.035Z] Validating image: assets/minecraft/textures/workshop_six/medieval_tavern_furniture/tavern_bottle_stack.png
[2026-01-16T23:32:48.036Z] Checking: assets/minecraft/textures/workshop_six/medieval_tavern_furniture/tavern_bottles.png (isDirectory: false)
[2026-01-16T23:32:48.036Z] Found assets folder content
[2026-01-16T23:32:48.036Z] Validating image: assets/minecraft/textures/workshop_six/medieval_tavern_furniture/tavern_bottles.png
[2026-01-16T23:32:48.036Z] Checking: assets/minecraft/textures/workshop_six/medieval_tavern_furniture/tavern_cabinet.png (isDirectory: false)
[2026-01-16T23:32:48.036Z] Found assets folder content
[2026-01-16T23:32:48.037Z] Validating image: assets/minecraft/textures/workshop_six/medieval_tavern_furniture/tavern_cabinet.png
[2026-01-16T23:32:48.037Z] Checking: assets/minecraft/textures/workshop_six/medieval_tavern_furniture/tavern_keg.png (isDirectory: false)
[2026-01-16T23:32:48.037Z] Found assets folder content
[2026-01-16T23:32:48.037Z] Validating image: assets/minecraft/textures/workshop_six/medieval_tavern_furniture/tavern_keg.png
[2026-01-16T23:32:48.037Z] Checking: assets/minecraft/textures/workshop_six/medieval_tavern_furniture/tavern_keg_station.png (isDirectory: false)
[2026-01-16T23:32:48.037Z] Found assets folder content
[2026-01-16T23:32:48.038Z] Validating image: assets/minecraft/textures/workshop_six/medieval_tavern_furniture/tavern_keg_station.png
[2026-01-16T23:32:48.038Z] Checking: assets/minecraft/textures/workshop_six/medieval_tavern_furniture/tavern_long_table.png (isDirectory: false)
[2026-01-16T23:32:48.038Z] Found assets folder content
[2026-01-16T23:32:48.038Z] Validating image: assets/minecraft/textures/workshop_six/medieval_tavern_furniture/tavern_long_table.png
[2026-01-16T23:32:48.038Z] Checking: assets/minecraft/textures/workshop_six/medieval_tavern_furniture/tavern_pint_glass.png (isDirectory: false)
[2026-01-16T23:32:48.038Z] Found assets folder content
[2026-01-16T23:32:48.038Z] Validating image: assets/minecraft/textures/workshop_six/medieval_tavern_furniture/tavern_pint_glass.png
[2026-01-16T23:32:48.039Z] Checking: assets/minecraft/textures/workshop_six/medieval_tavern_furniture/tavern_shelf.png (isDirectory: false)
[2026-01-16T23:32:48.039Z] Found assets folder content
[2026-01-16T23:32:48.039Z] Validating image: assets/minecraft/textures/workshop_six/medieval_tavern_furniture/tavern_shelf.png
[2026-01-16T23:32:48.039Z] Checking: assets/minecraft/textures/workshop_six/medieval_tavern_furniture/tavern_stool.png (isDirectory: false)
[2026-01-16T23:32:48.039Z] Found assets folder content
[2026-01-16T23:32:48.039Z] Validating image: assets/minecraft/textures/workshop_six/medieval_tavern_furniture/tavern_stool.png
[2026-01-16T23:32:48.039Z] Checking: assets/minecraft/textures/workshop_six/mine_furniture/coal_ore_large.png (isDirectory: false)
[2026-01-16T23:32:48.040Z] Found assets folder content
[2026-01-16T23:32:48.040Z] Validating image: assets/minecraft/textures/workshop_six/mine_furniture/coal_ore_large.png
[2026-01-16T23:32:48.040Z] Checking: assets/minecraft/textures/workshop_six/mine_furniture/coal_ore_medium.png (isDirectory: false)
[2026-01-16T23:32:48.040Z] Found assets folder content
[2026-01-16T23:32:48.040Z] Validating image: assets/minecraft/textures/workshop_six/mine_furniture/coal_ore_medium.png
[2026-01-16T23:32:48.040Z] Checking: assets/minecraft/textures/workshop_six/mine_furniture/gold_ore_large.png (isDirectory: false)
[2026-01-16T23:32:48.041Z] Found assets folder content
[2026-01-16T23:32:48.041Z] Validating image: assets/minecraft/textures/workshop_six/mine_furniture/gold_ore_large.png
[2026-01-16T23:32:48.041Z] Checking: assets/minecraft/textures/workshop_six/mine_furniture/gold_ore_medium.png (isDirectory: false)
[2026-01-16T23:32:48.041Z] Found assets folder content
[2026-01-16T23:32:48.042Z] Validating image: assets/minecraft/textures/workshop_six/mine_furniture/gold_ore_medium.png
[2026-01-16T23:32:48.042Z] Checking: assets/minecraft/textures/workshop_six/mine_furniture/iron_ore_large.png (isDirectory: false)
[2026-01-16T23:32:48.042Z] Found assets folder content
[2026-01-16T23:32:48.042Z] Validating image: assets/minecraft/textures/workshop_six/mine_furniture/iron_ore_large.png
[2026-01-16T23:32:48.042Z] Checking: assets/minecraft/textures/workshop_six/mine_furniture/iron_ore_medium.png (isDirectory: false)
[2026-01-16T23:32:48.042Z] Found assets folder content
[2026-01-16T23:32:48.043Z] Validating image: assets/minecraft/textures/workshop_six/mine_furniture/iron_ore_medium.png
[2026-01-16T23:32:48.043Z] Checking: assets/minecraft/textures/workshop_six/mine_furniture/mine_crate_large.png (isDirectory: false)
[2026-01-16T23:32:48.043Z] Found assets folder content
[2026-01-16T23:32:48.043Z] Validating image: assets/minecraft/textures/workshop_six/mine_furniture/mine_crate_large.png
[2026-01-16T23:32:48.043Z] Checking: assets/minecraft/textures/workshop_six/mine_furniture/mine_hanging_lamp.png (isDirectory: false)
[2026-01-16T23:32:48.044Z] Found assets folder content
[2026-01-16T23:32:48.044Z] Validating image: assets/minecraft/textures/workshop_six/mine_furniture/mine_hanging_lamp.png
[2026-01-16T23:32:48.044Z] Checking: assets/minecraft/textures/workshop_six/mine_furniture/mine_lantern.png (isDirectory: false)
[2026-01-16T23:32:48.044Z] Found assets folder content
[2026-01-16T23:32:48.044Z] Validating image: assets/minecraft/textures/workshop_six/mine_furniture/mine_lantern.png
[2026-01-16T23:32:48.044Z] Checking: assets/minecraft/textures/workshop_six/mine_furniture/mine_large_crate.png (isDirectory: false)
[2026-01-16T23:32:48.045Z] Found assets folder content
[2026-01-16T23:32:48.045Z] Validating image: assets/minecraft/textures/workshop_six/mine_furniture/mine_large_crate.png
[2026-01-16T23:32:48.045Z] Checking: assets/minecraft/textures/workshop_six/mine_furniture/mine_pallet_stone.png (isDirectory: false)
[2026-01-16T23:32:48.045Z] Found assets folder content
[2026-01-16T23:32:48.045Z] Validating image: assets/minecraft/textures/workshop_six/mine_furniture/mine_pallet_stone.png
[2026-01-16T23:32:48.045Z] Checking: assets/minecraft/textures/workshop_six/mine_furniture/mine_pickaxe.png (isDirectory: false)
[2026-01-16T23:32:48.045Z] Found assets folder content
[2026-01-16T23:32:48.046Z] Validating image: assets/minecraft/textures/workshop_six/mine_furniture/mine_pickaxe.png
[2026-01-16T23:32:48.046Z] Checking: assets/minecraft/textures/workshop_six/mine_furniture/mine_pickaxe_metal.png (isDirectory: false)
[2026-01-16T23:32:48.046Z] Found assets folder content
[2026-01-16T23:32:48.046Z] Validating image: assets/minecraft/textures/workshop_six/mine_furniture/mine_pickaxe_metal.png
[2026-01-16T23:32:48.046Z] Checking: assets/minecraft/textures/workshop_six/mine_furniture/mine_rail.png (isDirectory: false)
[2026-01-16T23:32:48.047Z] Found assets folder content
[2026-01-16T23:32:48.047Z] Validating image: assets/minecraft/textures/workshop_six/mine_furniture/mine_rail.png
[2026-01-16T23:32:48.047Z] Checking: assets/minecraft/textures/workshop_six/mine_furniture/mine_scaffold.png (isDirectory: false)
[2026-01-16T23:32:48.047Z] Found assets folder content
[2026-01-16T23:32:48.048Z] Validating image: assets/minecraft/textures/workshop_six/mine_furniture/mine_scaffold.png
[2026-01-16T23:32:48.048Z] Checking: assets/minecraft/textures/workshop_six/mine_furniture/mine_scaffold_extension.png (isDirectory: false)
[2026-01-16T23:32:48.048Z] Found assets folder content
[2026-01-16T23:32:48.048Z] Validating image: assets/minecraft/textures/workshop_six/mine_furniture/mine_scaffold_extension.png
[2026-01-16T23:32:48.048Z] Checking: assets/minecraft/textures/workshop_six/mine_furniture/mine_scaffold_extension_hanging_lamp.png (isDirectory: false)
[2026-01-16T23:32:48.048Z] Found assets folder content
[2026-01-16T23:32:48.049Z] Validating image: assets/minecraft/textures/workshop_six/mine_furniture/mine_scaffold_extension_hanging_lamp.png
[2026-01-16T23:32:48.049Z] Checking: assets/minecraft/textures/workshop_six/mine_furniture/mine_scaffold_lamp.png (isDirectory: false)
[2026-01-16T23:32:48.049Z] Found assets folder content
[2026-01-16T23:32:48.049Z] Validating image: assets/minecraft/textures/workshop_six/mine_furniture/mine_scaffold_lamp.png
[2026-01-16T23:32:48.049Z] Checking: assets/minecraft/textures/workshop_six/mine_furniture/mine_support.png (isDirectory: false)
[2026-01-16T23:32:48.049Z] Found assets folder content
[2026-01-16T23:32:48.049Z] Validating image: assets/minecraft/textures/workshop_six/mine_furniture/mine_support.png
[2026-01-16T23:32:48.050Z] Checking: assets/minecraft/textures/workshop_six/mine_furniture/mine_support_2.png (isDirectory: false)
[2026-01-16T23:32:48.050Z] Found assets folder content
[2026-01-16T23:32:48.050Z] Validating image: assets/minecraft/textures/workshop_six/mine_furniture/mine_support_2.png
[2026-01-16T23:32:48.050Z] Checking: assets/minecraft/textures/workshop_six/mine_furniture/mine_track_stop.png (isDirectory: false)
[2026-01-16T23:32:48.050Z] Found assets folder content
[2026-01-16T23:32:48.050Z] Validating image: assets/minecraft/textures/workshop_six/mine_furniture/mine_track_stop.png
[2026-01-16T23:32:48.051Z] Checking: assets/minecraft/textures/workshop_six/mine_furniture/mine_wall_lamp.png (isDirectory: false)
[2026-01-16T23:32:48.051Z] Found assets folder content
[2026-01-16T23:32:48.051Z] Validating image: assets/minecraft/textures/workshop_six/mine_furniture/mine_wall_lamp.png
[2026-01-16T23:32:48.051Z] Checking: assets/minecraft/textures/workshop_six/mine_furniture/minecart_coal.png (isDirectory: false)
[2026-01-16T23:32:48.051Z] Found assets folder content
[2026-01-16T23:32:48.051Z] Validating image: assets/minecraft/textures/workshop_six/mine_furniture/minecart_coal.png
[2026-01-16T23:32:48.052Z] Checking: assets/minecraft/textures/workshop_six/mine_furniture/minecart_gold.png (isDirectory: false)
[2026-01-16T23:32:48.052Z] Found assets folder content
[2026-01-16T23:32:48.052Z] Validating image: assets/minecraft/textures/workshop_six/mine_furniture/minecart_gold.png
[2026-01-16T23:32:48.052Z] Checking: assets/minecraft/textures/workshop_six/mine_furniture/minecart_iron.png (isDirectory: false)
[2026-01-16T23:32:48.052Z] Found assets folder content
[2026-01-16T23:32:48.053Z] Validating image: assets/minecraft/textures/workshop_six/mine_furniture/minecart_iron.png
[2026-01-16T23:32:48.053Z] Checking: assets/minecraft/textures/workshop_six/more_fences/log_fence.png (isDirectory: false)
[2026-01-16T23:32:48.053Z] Found assets folder content
[2026-01-16T23:32:48.053Z] Validating image: assets/minecraft/textures/workshop_six/more_fences/log_fence.png
[2026-01-16T23:32:48.053Z] Checking: assets/minecraft/textures/workshop_six/more_fences/rope_fence.png (isDirectory: false)
[2026-01-16T23:32:48.054Z] Found assets folder content
[2026-01-16T23:32:48.054Z] Validating image: assets/minecraft/textures/workshop_six/more_fences/rope_fence.png
[2026-01-16T23:32:48.054Z] Checking: assets/minecraft/textures/workshop_six/more_fences/stone_fence.png (isDirectory: false)
[2026-01-16T23:32:48.054Z] Found assets folder content
[2026-01-16T23:32:48.054Z] Validating image: assets/minecraft/textures/workshop_six/more_fences/stone_fence.png
[2026-01-16T23:32:48.054Z] Checking: assets/minecraft/textures/workshop_six/mushrooms/brown_mushroom_giant.png (isDirectory: false)
[2026-01-16T23:32:48.054Z] Found assets folder content
[2026-01-16T23:32:48.055Z] Validating image: assets/minecraft/textures/workshop_six/mushrooms/brown_mushroom_giant.png
[2026-01-16T23:32:48.055Z] Checking: assets/minecraft/textures/workshop_six/mushrooms/brown_mushroom_large.png (isDirectory: false)
[2026-01-16T23:32:48.055Z] Found assets folder content
[2026-01-16T23:32:48.055Z] Validating image: assets/minecraft/textures/workshop_six/mushrooms/brown_mushroom_large.png
[2026-01-16T23:32:48.055Z] Checking: assets/minecraft/textures/workshop_six/mushrooms/brown_mushroom_medium.png (isDirectory: false)
[2026-01-16T23:32:48.055Z] Found assets folder content
[2026-01-16T23:32:48.056Z] Validating image: assets/minecraft/textures/workshop_six/mushrooms/brown_mushroom_medium.png
[2026-01-16T23:32:48.056Z] Checking: assets/minecraft/textures/workshop_six/mushrooms/brown_mushroom_small.png (isDirectory: false)
[2026-01-16T23:32:48.056Z] Found assets folder content
[2026-01-16T23:32:48.056Z] Validating image: assets/minecraft/textures/workshop_six/mushrooms/brown_mushroom_small.png
[2026-01-16T23:32:48.056Z] Checking: assets/minecraft/textures/workshop_six/mushrooms/brown_mushroom_tiny.png (isDirectory: false)
[2026-01-16T23:32:48.056Z] Found assets folder content
[2026-01-16T23:32:48.057Z] Validating image: assets/minecraft/textures/workshop_six/mushrooms/brown_mushroom_tiny.png
[2026-01-16T23:32:48.057Z] Checking: assets/minecraft/textures/workshop_six/mushrooms/red_mushroom_giant.png (isDirectory: false)
[2026-01-16T23:32:48.057Z] Found assets folder content
[2026-01-16T23:32:48.057Z] Validating image: assets/minecraft/textures/workshop_six/mushrooms/red_mushroom_giant.png
[2026-01-16T23:32:48.057Z] Checking: assets/minecraft/textures/workshop_six/mushrooms/red_mushroom_large.png (isDirectory: false)
[2026-01-16T23:32:48.057Z] Found assets folder content
[2026-01-16T23:32:48.058Z] Validating image: assets/minecraft/textures/workshop_six/mushrooms/red_mushroom_large.png
[2026-01-16T23:32:48.058Z] Checking: assets/minecraft/textures/workshop_six/mushrooms/red_mushroom_medium.png (isDirectory: false)
[2026-01-16T23:32:48.058Z] Found assets folder content
[2026-01-16T23:32:48.058Z] Validating image: assets/minecraft/textures/workshop_six/mushrooms/red_mushroom_medium.png
[2026-01-16T23:32:48.058Z] Checking: assets/minecraft/textures/workshop_six/mushrooms/red_mushroom_small.png (isDirectory: false)
[2026-01-16T23:32:48.058Z] Found assets folder content
[2026-01-16T23:32:48.059Z] Validating image: assets/minecraft/textures/workshop_six/mushrooms/red_mushroom_small.png
[2026-01-16T23:32:48.059Z] Checking: assets/minecraft/textures/workshop_six/mushrooms/red_mushroom_tiny.png (isDirectory: false)
[2026-01-16T23:32:48.059Z] Found assets folder content
[2026-01-16T23:32:48.059Z] Validating image: assets/minecraft/textures/workshop_six/mushrooms/red_mushroom_tiny.png
[2026-01-16T23:32:48.060Z] Checking: assets/minecraft/textures/workshop_six/quest_board_minipack/quest_board.png (isDirectory: false)
[2026-01-16T23:32:48.060Z] Found assets folder content
[2026-01-16T23:32:48.060Z] Validating image: assets/minecraft/textures/workshop_six/quest_board_minipack/quest_board.png
[2026-01-16T23:32:48.060Z] Checking: assets/minecraft/textures/workshop_six/rocks_pebbles/big_rock.png (isDirectory: false)
[2026-01-16T23:32:48.060Z] Found assets folder content
[2026-01-16T23:32:48.060Z] Validating image: assets/minecraft/textures/workshop_six/rocks_pebbles/big_rock.png
[2026-01-16T23:32:48.061Z] Checking: assets/minecraft/textures/workshop_six/rocks_pebbles/medium_rock.png (isDirectory: false)
[2026-01-16T23:32:48.061Z] Found assets folder content
[2026-01-16T23:32:48.061Z] Validating image: assets/minecraft/textures/workshop_six/rocks_pebbles/medium_rock.png
[2026-01-16T23:32:48.061Z] Checking: assets/minecraft/textures/workshop_six/rocks_pebbles/pebbles_1.png (isDirectory: false)
[2026-01-16T23:32:48.061Z] Found assets folder content
[2026-01-16T23:32:48.061Z] Validating image: assets/minecraft/textures/workshop_six/rocks_pebbles/pebbles_1.png
[2026-01-16T23:32:48.061Z] Checking: assets/minecraft/textures/workshop_six/rocks_pebbles/pebbles_2.png (isDirectory: false)
[2026-01-16T23:32:48.062Z] Found assets folder content
[2026-01-16T23:32:48.062Z] Validating image: assets/minecraft/textures/workshop_six/rocks_pebbles/pebbles_2.png
[2026-01-16T23:32:48.062Z] Checking: assets/minecraft/textures/workshop_six/rocks_pebbles/small_rock.png (isDirectory: false)
[2026-01-16T23:32:48.062Z] Found assets folder content
[2026-01-16T23:32:48.062Z] Validating image: assets/minecraft/textures/workshop_six/rocks_pebbles/small_rock.png
[2026-01-16T23:32:48.062Z] Checking: assets/minecraft/textures/workshop_six/shipping_containers_minipack/shipping_container_gray.png (isDirectory: false)
[2026-01-16T23:32:48.063Z] Found assets folder content
[2026-01-16T23:32:48.063Z] Validating image: assets/minecraft/textures/workshop_six/shipping_containers_minipack/shipping_container_gray.png
[2026-01-16T23:32:48.063Z] Checking: assets/minecraft/textures/workshop_six/shipping_containers_minipack/shipping_container_green.png (isDirectory: false)
[2026-01-16T23:32:48.063Z] Found assets folder content
[2026-01-16T23:32:48.063Z] Validating image: assets/minecraft/textures/workshop_six/shipping_containers_minipack/shipping_container_green.png
[2026-01-16T23:32:48.063Z] Checking: assets/minecraft/textures/workshop_six/shipping_containers_minipack/shipping_container_orange.png (isDirectory: false)
[2026-01-16T23:32:48.064Z] Found assets folder content
[2026-01-16T23:32:48.064Z] Validating image: assets/minecraft/textures/workshop_six/shipping_containers_minipack/shipping_container_orange.png
[2026-01-16T23:32:48.064Z] Checking: assets/minecraft/textures/workshop_six/signposts_minipack/signpost.png (isDirectory: false)
[2026-01-16T23:32:48.064Z] Found assets folder content
[2026-01-16T23:32:48.064Z] Validating image: assets/minecraft/textures/workshop_six/signposts_minipack/signpost.png
[2026-01-16T23:32:48.065Z] Checking: assets/minecraft/textures/workshop_six/signposts_minipack/small_signpost.png (isDirectory: false)
[2026-01-16T23:32:48.065Z] Found assets folder content
[2026-01-16T23:32:48.065Z] Validating image: assets/minecraft/textures/workshop_six/signposts_minipack/small_signpost.png
[2026-01-16T23:32:48.065Z] Checking: assets/minecraft/textures/workshop_six/streetlamps/streetlamp.png (isDirectory: false)
[2026-01-16T23:32:48.065Z] Found assets folder content
[2026-01-16T23:32:48.065Z] Validating image: assets/minecraft/textures/workshop_six/streetlamps/streetlamp.png
[2026-01-16T23:32:48.065Z] Checking: assets/minecraft/textures/workshop_six/streetlamps/streetlamp_banners.png (isDirectory: false)
[2026-01-16T23:32:48.066Z] Found assets folder content
[2026-01-16T23:32:48.066Z] Validating image: assets/minecraft/textures/workshop_six/streetlamps/streetlamp_banners.png
[2026-01-16T23:32:48.066Z] Checking: assets/minecraft/textures/workshop_six/streetlamps/streetlamp_planters.png (isDirectory: false)
[2026-01-16T23:32:48.066Z] Found assets folder content
[2026-01-16T23:32:48.066Z] Validating image: assets/minecraft/textures/workshop_six/streetlamps/streetlamp_planters.png
[2026-01-16T23:32:48.066Z] Checking: assets/minecraft/textures/workshop_six/streetlamps/streetlamp_wall.png (isDirectory: false)
[2026-01-16T23:32:48.067Z] Found assets folder content
[2026-01-16T23:32:48.067Z] Validating image: assets/minecraft/textures/workshop_six/streetlamps/streetlamp_wall.png
[2026-01-16T23:32:48.067Z] Checking: assets/minecraft/textures/workshop_six/streetlamps/streetlamp_wall_banner.png (isDirectory: false)
[2026-01-16T23:32:48.067Z] Found assets folder content
[2026-01-16T23:32:48.067Z] Validating image: assets/minecraft/textures/workshop_six/streetlamps/streetlamp_wall_banner.png
[2026-01-16T23:32:48.067Z] Checking: assets/minecraft/textures/workshop_six/streetlamps/streetlamp_wall_planter.png (isDirectory: false)
[2026-01-16T23:32:48.068Z] Found assets folder content
[2026-01-16T23:32:48.068Z] Validating image: assets/minecraft/textures/workshop_six/streetlamps/streetlamp_wall_planter.png
[2026-01-16T23:32:48.068Z] Checking: assets/minecraft/textures/workshop_six/tents_minipack/tent_1.png (isDirectory: false)
[2026-01-16T23:32:48.068Z] Found assets folder content
[2026-01-16T23:32:48.068Z] Validating image: assets/minecraft/textures/workshop_six/tents_minipack/tent_1.png
[2026-01-16T23:32:48.068Z] Checking: assets/minecraft/textures/workshop_six/tents_minipack/tent_1_dyeable.png (isDirectory: false)
[2026-01-16T23:32:48.069Z] Found assets folder content
[2026-01-16T23:32:48.069Z] Validating image: assets/minecraft/textures/workshop_six/tents_minipack/tent_1_dyeable.png
[2026-01-16T23:32:48.069Z] Checking: assets/minecraft/textures/workshop_six/tents_minipack/tent_2.png (isDirectory: false)
[2026-01-16T23:32:48.069Z] Found assets folder content
[2026-01-16T23:32:48.069Z] Validating image: assets/minecraft/textures/workshop_six/tents_minipack/tent_2.png
[2026-01-16T23:32:48.070Z] Checking: assets/minecraft/textures/workshop_six/tents_minipack/tent_2_dyeable.png (isDirectory: false)
[2026-01-16T23:32:48.070Z] Found assets folder content
[2026-01-16T23:32:48.070Z] Validating image: assets/minecraft/textures/workshop_six/tents_minipack/tent_2_dyeable.png
[2026-01-16T23:32:48.070Z] Checking: assets/minecraft/textures/workshop_six/tombstones_minipack/tombstone_1.png (isDirectory: false)
[2026-01-16T23:32:48.070Z] Found assets folder content
[2026-01-16T23:32:48.071Z] Validating image: assets/minecraft/textures/workshop_six/tombstones_minipack/tombstone_1.png
[2026-01-16T23:32:48.071Z] Checking: assets/minecraft/textures/workshop_six/tombstones_minipack/tombstone_2.png (isDirectory: false)
[2026-01-16T23:32:48.071Z] Found assets folder content
[2026-01-16T23:32:48.071Z] Validating image: assets/minecraft/textures/workshop_six/tombstones_minipack/tombstone_2.png
[2026-01-16T23:32:48.071Z] Checking: assets/minecraft/textures/workshop_six/tombstones_minipack/tombstone_3.png (isDirectory: false)
[2026-01-16T23:32:48.071Z] Found assets folder content
[2026-01-16T23:32:48.071Z] Validating image: assets/minecraft/textures/workshop_six/tombstones_minipack/tombstone_3.png
[2026-01-16T23:32:48.072Z] Checking: assets/minecraft/textures/workshop_six/torches_braziers/brazier_stone_short.png (isDirectory: false)
[2026-01-16T23:32:48.072Z] Found assets folder content
[2026-01-16T23:32:48.072Z] Validating image: assets/minecraft/textures/workshop_six/torches_braziers/brazier_stone_short.png
[2026-01-16T23:32:48.072Z] Checking: assets/minecraft/textures/workshop_six/torches_braziers/brazier_stone_tall.png (isDirectory: false)
[2026-01-16T23:32:48.072Z] Found assets folder content
[2026-01-16T23:32:48.072Z] Validating image: assets/minecraft/textures/workshop_six/torches_braziers/brazier_stone_tall.png
[2026-01-16T23:32:48.073Z] Checking: assets/minecraft/textures/workshop_six/torches_braziers/torch_cross.png (isDirectory: false)
[2026-01-16T23:32:48.073Z] Found assets folder content
[2026-01-16T23:32:48.073Z] Validating image: assets/minecraft/textures/workshop_six/torches_braziers/torch_cross.png
[2026-01-16T23:32:48.073Z] Checking: assets/minecraft/textures/workshop_six/torches_braziers/torch_log.png (isDirectory: false)
[2026-01-16T23:32:48.073Z] Found assets folder content
[2026-01-16T23:32:48.073Z] Validating image: assets/minecraft/textures/workshop_six/torches_braziers/torch_log.png
[2026-01-16T23:32:48.074Z] Checking: assets/minecraft/textures/workshop_six/torches_braziers/torch_standing.png (isDirectory: false)
[2026-01-16T23:32:48.074Z] Found assets folder content
[2026-01-16T23:32:48.074Z] Validating image: assets/minecraft/textures/workshop_six/torches_braziers/torch_standing.png
[2026-01-16T23:32:48.074Z] Checking: assets/minecraft/textures/workshop_six/torches_braziers/torch_wall.png (isDirectory: false)
[2026-01-16T23:32:48.074Z] Found assets folder content
[2026-01-16T23:32:48.074Z] Validating image: assets/minecraft/textures/workshop_six/torches_braziers/torch_wall.png
[2026-01-16T23:32:48.075Z] Checking: assets/nexo/textures/entity/equipment/humanoid/forest.png (isDirectory: false)
[2026-01-16T23:32:48.075Z] Found assets folder content
[2026-01-16T23:32:48.075Z] Validating image: assets/nexo/textures/entity/equipment/humanoid/forest.png
[2026-01-16T23:32:48.075Z] Checking: assets/nexo/textures/entity/equipment/humanoid_leggings/forest.png (isDirectory: false)
[2026-01-16T23:32:48.075Z] Found assets folder content
[2026-01-16T23:32:48.075Z] Validating image: assets/nexo/textures/entity/equipment/humanoid_leggings/forest.png
[2026-01-16T23:32:48.076Z] Checking: assets/nexo/textures/entity/equipment/wings/forest.png (isDirectory: false)
[2026-01-16T23:32:48.076Z] Found assets folder content
[2026-01-16T23:32:48.076Z] Validating image: assets/nexo/textures/entity/equipment/wings/forest.png
[2026-01-16T23:32:48.076Z] Checking: assets/nexo/textures/entity/equipment/wolf_body/forest.png (isDirectory: false)
[2026-01-16T23:32:48.076Z] Found assets folder content
[2026-01-16T23:32:48.076Z] Validating image: assets/nexo/textures/entity/equipment/wolf_body/forest.png
[2026-01-16T23:32:48.077Z] Checking: assets/nexo/textures/entity/equipment/llama_body/forest.png (isDirectory: false)
[2026-01-16T23:32:48.077Z] Found assets folder content
[2026-01-16T23:32:48.077Z] Validating image: assets/nexo/textures/entity/equipment/llama_body/forest.png
[2026-01-16T23:32:48.077Z] Checking: assets/nexo/textures/entity/equipment/horse_body/forest.png (isDirectory: false)
[2026-01-16T23:32:48.077Z] Found assets folder content
[2026-01-16T23:32:48.077Z] Validating image: assets/nexo/textures/entity/equipment/horse_body/forest.png
[2026-01-16T23:32:48.077Z] Checking: assets/nexo/textures/item/carpentry_blocks/ashen_oak_door.png (isDirectory: false)
[2026-01-16T23:32:48.078Z] Found assets folder content
[2026-01-16T23:32:48.078Z] Validating image: assets/nexo/textures/item/carpentry_blocks/ashen_oak_door.png
[2026-01-16T23:32:48.078Z] Checking: assets/nexo/textures/item/carpentry_blocks/ashen_oak_door_bottom.png (isDirectory: false)
[2026-01-16T23:32:48.078Z] Found assets folder content
[2026-01-16T23:32:48.078Z] Validating image: assets/nexo/textures/item/carpentry_blocks/ashen_oak_door_bottom.png
[2026-01-16T23:32:48.078Z] Checking: assets/nexo/textures/item/carpentry_blocks/ashen_oak_door_top.png (isDirectory: false)
[2026-01-16T23:32:48.078Z] Found assets folder content
[2026-01-16T23:32:48.079Z] Validating image: assets/nexo/textures/item/carpentry_blocks/ashen_oak_door_top.png
[2026-01-16T23:32:48.079Z] Checking: assets/nexo/textures/item/carpentry_blocks/ashen_oak_leaves.png (isDirectory: false)
[2026-01-16T23:32:48.079Z] Found assets folder content
[2026-01-16T23:32:48.079Z] Validating image: assets/nexo/textures/item/carpentry_blocks/ashen_oak_leaves.png
[2026-01-16T23:32:48.079Z] Checking: assets/nexo/textures/item/carpentry_blocks/ashen_oak_log.png (isDirectory: false)
[2026-01-16T23:32:48.079Z] Found assets folder content
[2026-01-16T23:32:48.080Z] Validating image: assets/nexo/textures/item/carpentry_blocks/ashen_oak_log.png
[2026-01-16T23:32:48.080Z] Checking: assets/nexo/textures/item/carpentry_blocks/ashen_oak_log_top.png (isDirectory: false)
[2026-01-16T23:32:48.080Z] Found assets folder content
[2026-01-16T23:32:48.080Z] Validating image: assets/nexo/textures/item/carpentry_blocks/ashen_oak_log_top.png
[2026-01-16T23:32:48.080Z] Checking: assets/nexo/textures/item/carpentry_blocks/ashen_oak_planks.png (isDirectory: false)
[2026-01-16T23:32:48.081Z] Found assets folder content
[2026-01-16T23:32:48.081Z] Validating image: assets/nexo/textures/item/carpentry_blocks/ashen_oak_planks.png
[2026-01-16T23:32:48.081Z] Checking: assets/nexo/textures/item/carpentry_blocks/ashen_oak_sapling.png (isDirectory: false)
[2026-01-16T23:32:48.081Z] Found assets folder content
[2026-01-16T23:32:48.081Z] Validating image: assets/nexo/textures/item/carpentry_blocks/ashen_oak_sapling.png
[2026-01-16T23:32:48.081Z] Checking: assets/nexo/textures/item/carpentry_blocks/ashen_oak_trapdoor.png (isDirectory: false)
[2026-01-16T23:32:48.082Z] Found assets folder content
[2026-01-16T23:32:48.082Z] Validating image: assets/nexo/textures/item/carpentry_blocks/ashen_oak_trapdoor.png
[2026-01-16T23:32:48.082Z] Checking: pack.mcmeta.json (isDirectory: false)
[2026-01-16T23:32:48.082Z] Checking: nexo_1_21_11/assets/minecraft/atlases/items.json (isDirectory: false)
[2026-01-16T23:32:48.082Z] Found assets folder content
[2026-01-16T23:32:48.082Z] Checking: nexo_1_21_11/assets/minecraft/atlases/blocks.json (isDirectory: false)
[2026-01-16T23:32:48.083Z] Found assets folder content
[2026-01-16T23:32:48.083Z] Checking: nexo_1_21_11/assets/nexo/equipment/forest.json (isDirectory: false)
[2026-01-16T23:32:48.083Z] Found assets folder content
[2026-01-16T23:32:48.084Z] Checking: nexo_1_21_11/assets/nexo/models/equipment/forest.json (isDirectory: false)
[2026-01-16T23:32:48.084Z] Found assets folder content
[2026-01-16T23:32:48.084Z] Checking: nexo_1_21_11/assets/minecraft/shaders/core/rendertype_text.json (isDirectory: false)
[2026-01-16T23:32:48.084Z] Found assets folder content
[2026-01-16T23:32:48.084Z] Checking: nexo_1_21_11/assets/minecraft/shaders/core/rendertype_text.vsh (isDirectory: false)
[2026-01-16T23:32:48.085Z] Found assets folder content
[2026-01-16T23:32:48.085Z] Checking: nexo_1_21_11/assets/minecraft/shaders/core/rendertype_text.fsh (isDirectory: false)
[2026-01-16T23:32:48.085Z] Found assets folder content
[2026-01-16T23:32:48.085Z] Checking: nexo_1_21_11/assets/minecraft/shaders/core/rendertype_text_see_through.json (isDirectory: false)
[2026-01-16T23:32:48.085Z] Found assets folder content
[2026-01-16T23:32:48.085Z] Checking: nexo_1_21_11/assets/minecraft/shaders/core/rendertype_text_see_through.vsh (isDirectory: false)
[2026-01-16T23:32:48.086Z] Found assets folder content
[2026-01-16T23:32:48.086Z] Checking: nexo_1_21_11/assets/minecraft/shaders/core/rendertype_text_see_through.fsh (isDirectory: false)
[2026-01-16T23:32:48.086Z] Found assets folder content
[2026-01-16T23:32:48.086Z] Checking: nexo_1_21_11/assets/minecraft/shaders/include/nexo_gif_utils.glsl (isDirectory: false)
[2026-01-16T23:32:48.086Z] Found assets folder content
[2026-01-16T23:32:48.086Z] Checking: nexo_1_21_1/assets/minecraft/shaders/core/rendertype_text.json (isDirectory: false)
[2026-01-16T23:32:48.087Z] Found assets folder content
[2026-01-16T23:32:48.087Z] Checking: nexo_1_21_1/assets/minecraft/shaders/core/rendertype_text.vsh (isDirectory: false)
[2026-01-16T23:32:48.087Z] Found assets folder content
[2026-01-16T23:32:48.087Z] Checking: nexo_1_21_1/assets/minecraft/shaders/core/rendertype_text.fsh (isDirectory: false)
[2026-01-16T23:32:48.087Z] Found assets folder content
[2026-01-16T23:32:48.088Z] Checking: nexo_1_21_1/assets/minecraft/shaders/core/rendertype_text_see_through.json (isDirectory: false)
[2026-01-16T23:32:48.088Z] Found assets folder content
[2026-01-16T23:32:48.088Z] Checking: nexo_1_21_1/assets/minecraft/shaders/core/rendertype_text_see_through.vsh (isDirectory: false)
[2026-01-16T23:32:48.088Z] Found assets folder content
[2026-01-16T23:32:48.088Z] Checking: nexo_1_21_1/assets/minecraft/shaders/core/rendertype_text_see_through.fsh (isDirectory: false)
[2026-01-16T23:32:48.088Z] Found assets folder content
[2026-01-16T23:32:48.089Z] Checking: nexo_1_21_1/assets/minecraft/shaders/include/nexo_gif_utils.glsl (isDirectory: false)
[2026-01-16T23:32:48.089Z] Found assets folder content
[2026-01-16T23:32:48.089Z] Checking: nexo_1_21_3/assets/minecraft/shaders/core/rendertype_text.json (isDirectory: false)
[2026-01-16T23:32:48.089Z] Found assets folder content
[2026-01-16T23:32:48.089Z] Checking: nexo_1_21_3/assets/minecraft/shaders/core/rendertype_text.vsh (isDirectory: false)
[2026-01-16T23:32:48.090Z] Found assets folder content
[2026-01-16T23:32:48.090Z] Checking: nexo_1_21_3/assets/minecraft/shaders/core/rendertype_text.fsh (isDirectory: false)
[2026-01-16T23:32:48.090Z] Found assets folder content
[2026-01-16T23:32:48.090Z] Checking: nexo_1_21_3/assets/minecraft/shaders/core/rendertype_text_see_through.json (isDirectory: false)
[2026-01-16T23:32:48.090Z] Found assets folder content
[2026-01-16T23:32:48.090Z] Checking: nexo_1_21_3/assets/minecraft/shaders/core/rendertype_text_see_through.vsh (isDirectory: false)
[2026-01-16T23:32:48.091Z] Found assets folder content
[2026-01-16T23:32:48.091Z] Checking: nexo_1_21_3/assets/minecraft/shaders/core/rendertype_text_see_through.fsh (isDirectory: false)
[2026-01-16T23:32:48.091Z] Found assets folder content
[2026-01-16T23:32:48.091Z] Checking: nexo_1_21_3/assets/minecraft/shaders/include/nexo_gif_utils.glsl (isDirectory: false)
[2026-01-16T23:32:48.091Z] Found assets folder content
[2026-01-16T23:32:48.091Z] Checking: nexo_1_21_4/assets/minecraft/shaders/core/rendertype_text.json (isDirectory: false)
[2026-01-16T23:32:48.092Z] Found assets folder content
[2026-01-16T23:32:48.092Z] Checking: nexo_1_21_4/assets/minecraft/shaders/core/rendertype_text.vsh (isDirectory: false)
[2026-01-16T23:32:48.092Z] Found assets folder content
[2026-01-16T23:32:48.092Z] Checking: nexo_1_21_4/assets/minecraft/shaders/core/rendertype_text.fsh (isDirectory: false)
[2026-01-16T23:32:48.092Z] Found assets folder content
[2026-01-16T23:32:48.093Z] Checking: nexo_1_21_4/assets/minecraft/shaders/core/rendertype_text_see_through.json (isDirectory: false)
[2026-01-16T23:32:48.093Z] Found assets folder content
[2026-01-16T23:32:48.093Z] Checking: nexo_1_21_4/assets/minecraft/shaders/core/rendertype_text_see_through.vsh (isDirectory: false)
[2026-01-16T23:32:48.093Z] Found assets folder content
[2026-01-16T23:32:48.093Z] Checking: nexo_1_21_4/assets/minecraft/shaders/core/rendertype_text_see_through.fsh (isDirectory: false)
[2026-01-16T23:32:48.094Z] Found assets folder content
[2026-01-16T23:32:48.094Z] Checking: nexo_1_21_4/assets/minecraft/shaders/include/nexo_gif_utils.glsl (isDirectory: false)
[2026-01-16T23:32:48.094Z] Found assets folder content
[2026-01-16T23:32:48.094Z] Checking: nexo_1_21_5/assets/nexo/equipment/forest.json (isDirectory: false)
[2026-01-16T23:32:48.095Z] Found assets folder content
[2026-01-16T23:32:48.095Z] Checking: nexo_1_21_5/assets/nexo/models/equipment/forest.json (isDirectory: false)
[2026-01-16T23:32:48.095Z] Found assets folder content
[2026-01-16T23:32:48.095Z] Checking: nexo_1_21_5/assets/minecraft/shaders/core/rendertype_text.json (isDirectory: false)
[2026-01-16T23:32:48.095Z] Found assets folder content
[2026-01-16T23:32:48.095Z] Checking: nexo_1_21_5/assets/minecraft/shaders/core/rendertype_text.vsh (isDirectory: false)
[2026-01-16T23:32:48.096Z] Found assets folder content
[2026-01-16T23:32:48.096Z] Checking: nexo_1_21_5/assets/minecraft/shaders/core/rendertype_text.fsh (isDirectory: false)
[2026-01-16T23:32:48.096Z] Found assets folder content
[2026-01-16T23:32:48.096Z] Checking: nexo_1_21_5/assets/minecraft/shaders/core/rendertype_text_see_through.json (isDirectory: false)
[2026-01-16T23:32:48.096Z] Found assets folder content
[2026-01-16T23:32:48.096Z] Checking: nexo_1_21_5/assets/minecraft/shaders/core/rendertype_text_see_through.vsh (isDirectory: false)
[2026-01-16T23:32:48.097Z] Found assets folder content
[2026-01-16T23:32:48.097Z] Checking: nexo_1_21_5/assets/minecraft/shaders/core/rendertype_text_see_through.fsh (isDirectory: false)
[2026-01-16T23:32:48.097Z] Found assets folder content
[2026-01-16T23:32:48.097Z] Checking: nexo_1_21_5/assets/minecraft/shaders/include/nexo_gif_utils.glsl (isDirectory: false)
[2026-01-16T23:32:48.097Z] Found assets folder content
[2026-01-16T23:32:48.097Z] Checking: nexo_1_21_6/assets/nexo/equipment/forest.json (isDirectory: false)
[2026-01-16T23:32:48.098Z] Found assets folder content
[2026-01-16T23:32:48.098Z] Checking: nexo_1_21_6/assets/nexo/models/equipment/forest.json (isDirectory: false)
[2026-01-16T23:32:48.098Z] Found assets folder content
[2026-01-16T23:32:48.098Z] Checking: nexo_1_21_6/assets/minecraft/shaders/core/rendertype_text.json (isDirectory: false)
[2026-01-16T23:32:48.098Z] Found assets folder content
[2026-01-16T23:32:48.099Z] Checking: nexo_1_21_6/assets/minecraft/shaders/core/rendertype_text.vsh (isDirectory: false)
[2026-01-16T23:32:48.099Z] Found assets folder content
[2026-01-16T23:32:48.099Z] Checking: nexo_1_21_6/assets/minecraft/shaders/core/rendertype_text.fsh (isDirectory: false)
[2026-01-16T23:32:48.099Z] Found assets folder content
[2026-01-16T23:32:48.099Z] Checking: nexo_1_21_6/assets/minecraft/shaders/core/rendertype_text_see_through.json (isDirectory: false)
[2026-01-16T23:32:48.099Z] Found assets folder content
[2026-01-16T23:32:48.100Z] Checking: nexo_1_21_6/assets/minecraft/shaders/core/rendertype_text_see_through.vsh (isDirectory: false)
[2026-01-16T23:32:48.100Z] Found assets folder content
[2026-01-16T23:32:48.100Z] Checking: nexo_1_21_6/assets/minecraft/shaders/core/rendertype_text_see_through.fsh (isDirectory: false)
[2026-01-16T23:32:48.100Z] Found assets folder content
[2026-01-16T23:32:48.100Z] Checking: nexo_1_21_6/assets/minecraft/shaders/include/nexo_gif_utils.glsl (isDirectory: false)
[2026-01-16T23:32:48.101Z] Found assets folder content
[2026-01-16T23:32:48.101Z] SUCCESS: Pack is valid
